<?xml version="1.0" encoding="ISO-8859-1" ?>
<link_info>
   <banner>TI ARM Linker Unix v20.2.5.LTS</banner>
   <copyright>Copyright (c) 1996-2018 Texas Instruments Incorporated</copyright>
   <link_time>0x619d868a</link_time>
   <link_errors>0x0</link_errors>
   <output_file>ESP8266.out</output_file>
   <entry_point>
      <name>_c_int00_noargs</name>
      <address>0x3fcd</address>
   </entry_point>
   <input_file_list>
      <input_file id="fl-1">
         <path>./</path>
         <kind>object</kind>
         <file>main.obj</file>
         <name>main.obj</name>
      </input_file>
      <input_file id="fl-2">
         <path>./</path>
         <kind>object</kind>
         <file>startup_msp432p401r_ccs.obj</file>
         <name>startup_msp432p401r_ccs.obj</name>
      </input_file>
      <input_file id="fl-3">
         <path>./</path>
         <kind>object</kind>
         <file>system_msp432p401r.obj</file>
         <name>system_msp432p401r.obj</name>
      </input_file>
      <input_file id="fl-4">
         <path>./Devices/</path>
         <kind>object</kind>
         <file>ESP8266.obj</file>
         <name>ESP8266.obj</name>
      </input_file>
      <input_file id="fl-5">
         <path>./Devices/</path>
         <kind>object</kind>
         <file>MSPIO.obj</file>
         <name>MSPIO.obj</name>
      </input_file>
      <input_file id="fl-6">
         <path>./Hardware/</path>
         <kind>object</kind>
         <file>CS_Driver.obj</file>
         <name>CS_Driver.obj</name>
      </input_file>
      <input_file id="fl-7">
         <path>./Hardware/</path>
         <kind>object</kind>
         <file>GPIO_Driver.obj</file>
         <name>GPIO_Driver.obj</name>
      </input_file>
      <input_file id="fl-8">
         <path>./Hardware/</path>
         <kind>object</kind>
         <file>UART_Driver.obj</file>
         <name>UART_Driver.obj</name>
      </input_file>
      <input_file id="fl-d">
         <kind>object</kind>
         <file>&lt;internal&gt;</file>
         <name>&lt;internal&gt;</name>
      </input_file>
      <input_file id="fl-c3">
         <path>/Applications/ti/ccs1040/ccs/tools/compiler/ti-cgt-arm_20.2.5.LTS/lib/</path>
         <kind>archive</kind>
         <file>rtsv7M4_T_le_v4SPD16_eabi.lib</file>
         <name>printf.c.obj</name>
      </input_file>
      <input_file id="fl-c4">
         <path>/Applications/ti/ccs1040/ccs/tools/compiler/ti-cgt-arm_20.2.5.LTS/lib/</path>
         <kind>archive</kind>
         <file>rtsv7M4_T_le_v4SPD16_eabi.lib</file>
         <name>_printfi.c.obj</name>
      </input_file>
      <input_file id="fl-c5">
         <path>/Applications/ti/ccs1040/ccs/tools/compiler/ti-cgt-arm_20.2.5.LTS/lib/</path>
         <kind>archive</kind>
         <file>rtsv7M4_T_le_v4SPD16_eabi.lib</file>
         <name>fputc.c.obj</name>
      </input_file>
      <input_file id="fl-c6">
         <path>/Applications/ti/ccs1040/ccs/tools/compiler/ti-cgt-arm_20.2.5.LTS/lib/</path>
         <kind>archive</kind>
         <file>rtsv7M4_T_le_v4SPD16_eabi.lib</file>
         <name>fputs.c.obj</name>
      </input_file>
      <input_file id="fl-c7">
         <path>/Applications/ti/ccs1040/ccs/tools/compiler/ti-cgt-arm_20.2.5.LTS/lib/</path>
         <kind>archive</kind>
         <file>rtsv7M4_T_le_v4SPD16_eabi.lib</file>
         <name>_io_perm.c.obj</name>
      </input_file>
      <input_file id="fl-c8">
         <path>/Applications/ti/ccs1040/ccs/tools/compiler/ti-cgt-arm_20.2.5.LTS/lib/</path>
         <kind>archive</kind>
         <file>rtsv7M4_T_le_v4SPD16_eabi.lib</file>
         <name>setvbuf.c.obj</name>
      </input_file>
      <input_file id="fl-c9">
         <path>/Applications/ti/ccs1040/ccs/tools/compiler/ti-cgt-arm_20.2.5.LTS/lib/</path>
         <kind>archive</kind>
         <file>rtsv7M4_T_le_v4SPD16_eabi.lib</file>
         <name>s_frexp.c.obj</name>
      </input_file>
      <input_file id="fl-ca">
         <path>/Applications/ti/ccs1040/ccs/tools/compiler/ti-cgt-arm_20.2.5.LTS/lib/</path>
         <kind>archive</kind>
         <file>rtsv7M4_T_le_v4SPD16_eabi.lib</file>
         <name>s_scalbn.c.obj</name>
      </input_file>
      <input_file id="fl-cb">
         <path>/Applications/ti/ccs1040/ccs/tools/compiler/ti-cgt-arm_20.2.5.LTS/lib/</path>
         <kind>archive</kind>
         <file>rtsv7M4_T_le_v4SPD16_eabi.lib</file>
         <name>wcslen.c.obj</name>
      </input_file>
      <input_file id="fl-cc">
         <path>/Applications/ti/ccs1040/ccs/tools/compiler/ti-cgt-arm_20.2.5.LTS/lib/</path>
         <kind>archive</kind>
         <file>rtsv7M4_T_le_v4SPD16_eabi.lib</file>
         <name>fd_add_t2.asm.obj</name>
      </input_file>
      <input_file id="fl-cd">
         <path>/Applications/ti/ccs1040/ccs/tools/compiler/ti-cgt-arm_20.2.5.LTS/lib/</path>
         <kind>archive</kind>
         <file>rtsv7M4_T_le_v4SPD16_eabi.lib</file>
         <name>fd_cmp_t2.asm.obj</name>
      </input_file>
      <input_file id="fl-ce">
         <path>/Applications/ti/ccs1040/ccs/tools/compiler/ti-cgt-arm_20.2.5.LTS/lib/</path>
         <kind>archive</kind>
         <file>rtsv7M4_T_le_v4SPD16_eabi.lib</file>
         <name>fd_div_t2.asm.obj</name>
      </input_file>
      <input_file id="fl-cf">
         <path>/Applications/ti/ccs1040/ccs/tools/compiler/ti-cgt-arm_20.2.5.LTS/lib/</path>
         <kind>archive</kind>
         <file>rtsv7M4_T_le_v4SPD16_eabi.lib</file>
         <name>fd_mul_t2.asm.obj</name>
      </input_file>
      <input_file id="fl-d0">
         <path>/Applications/ti/ccs1040/ccs/tools/compiler/ti-cgt-arm_20.2.5.LTS/lib/</path>
         <kind>archive</kind>
         <file>rtsv7M4_T_le_v4SPD16_eabi.lib</file>
         <name>fd_toi_t2.asm.obj</name>
      </input_file>
      <input_file id="fl-d1">
         <path>/Applications/ti/ccs1040/ccs/tools/compiler/ti-cgt-arm_20.2.5.LTS/lib/</path>
         <kind>archive</kind>
         <file>rtsv7M4_T_le_v4SPD16_eabi.lib</file>
         <name>i_tofd_t2.asm.obj</name>
      </input_file>
      <input_file id="fl-d2">
         <path>/Applications/ti/ccs1040/ccs/tools/compiler/ti-cgt-arm_20.2.5.LTS/lib/</path>
         <kind>archive</kind>
         <file>rtsv7M4_T_le_v4SPD16_eabi.lib</file>
         <name>memcpy_t2.asm.obj</name>
      </input_file>
      <input_file id="fl-d3">
         <path>/Applications/ti/ccs1040/ccs/tools/compiler/ti-cgt-arm_20.2.5.LTS/lib/</path>
         <kind>archive</kind>
         <file>rtsv7M4_T_le_v4SPD16_eabi.lib</file>
         <name>ull_div_t2.asm.obj</name>
      </input_file>
      <input_file id="fl-d4">
         <path>/Applications/ti/ccs1040/ccs/tools/compiler/ti-cgt-arm_20.2.5.LTS/lib/</path>
         <kind>archive</kind>
         <file>rtsv7M4_T_le_v4SPD16_eabi.lib</file>
         <name>memset_t2.asm.obj</name>
      </input_file>
      <input_file id="fl-d5">
         <path>/Applications/ti/ccs1040/ccs/tools/compiler/ti-cgt-arm_20.2.5.LTS/lib/</path>
         <kind>archive</kind>
         <file>rtsv7M4_T_le_v4SPD16_eabi.lib</file>
         <name>copy_zero_init.c.obj</name>
      </input_file>
      <input_file id="fl-d6">
         <path>/Applications/ti/ccs1040/ccs/tools/compiler/ti-cgt-arm_20.2.5.LTS/lib/</path>
         <kind>archive</kind>
         <file>rtsv7M4_T_le_v4SPD16_eabi.lib</file>
         <name>copy_decompress_none.c.obj</name>
      </input_file>
      <input_file id="fl-d7">
         <path>/Applications/ti/ccs1040/ccs/tools/compiler/ti-cgt-arm_20.2.5.LTS/lib/</path>
         <kind>archive</kind>
         <file>rtsv7M4_T_le_v4SPD16_eabi.lib</file>
         <name>copy_decompress_lzss.c.obj</name>
      </input_file>
      <input_file id="fl-d8">
         <path>/Applications/ti/ccs1040/ccs/tools/compiler/ti-cgt-arm_20.2.5.LTS/lib/</path>
         <kind>archive</kind>
         <file>rtsv7M4_T_le_v4SPD16_eabi.lib</file>
         <name>exit.c.obj</name>
      </input_file>
      <input_file id="fl-d9">
         <path>/Applications/ti/ccs1040/ccs/tools/compiler/ti-cgt-arm_20.2.5.LTS/lib/</path>
         <kind>archive</kind>
         <file>rtsv7M4_T_le_v4SPD16_eabi.lib</file>
         <name>_lock.c.obj</name>
      </input_file>
      <input_file id="fl-da">
         <path>/Applications/ti/ccs1040/ccs/tools/compiler/ti-cgt-arm_20.2.5.LTS/lib/</path>
         <kind>archive</kind>
         <file>rtsv7M4_T_le_v4SPD16_eabi.lib</file>
         <name>_ltoa.c.obj</name>
      </input_file>
      <input_file id="fl-db">
         <path>/Applications/ti/ccs1040/ccs/tools/compiler/ti-cgt-arm_20.2.5.LTS/lib/</path>
         <kind>archive</kind>
         <file>rtsv7M4_T_le_v4SPD16_eabi.lib</file>
         <name>atoi.c.obj</name>
      </input_file>
      <input_file id="fl-dc">
         <path>/Applications/ti/ccs1040/ccs/tools/compiler/ti-cgt-arm_20.2.5.LTS/lib/</path>
         <kind>archive</kind>
         <file>rtsv7M4_T_le_v4SPD16_eabi.lib</file>
         <name>ctype.c.obj</name>
      </input_file>
      <input_file id="fl-dd">
         <path>/Applications/ti/ccs1040/ccs/tools/compiler/ti-cgt-arm_20.2.5.LTS/lib/</path>
         <kind>archive</kind>
         <file>rtsv7M4_T_le_v4SPD16_eabi.lib</file>
         <name>defs.c.obj</name>
      </input_file>
      <input_file id="fl-de">
         <path>/Applications/ti/ccs1040/ccs/tools/compiler/ti-cgt-arm_20.2.5.LTS/lib/</path>
         <kind>archive</kind>
         <file>rtsv7M4_T_le_v4SPD16_eabi.lib</file>
         <name>ltoa.c.obj</name>
      </input_file>
      <input_file id="fl-df">
         <path>/Applications/ti/ccs1040/ccs/tools/compiler/ti-cgt-arm_20.2.5.LTS/lib/</path>
         <kind>archive</kind>
         <file>rtsv7M4_T_le_v4SPD16_eabi.lib</file>
         <name>memccpy.c.obj</name>
      </input_file>
      <input_file id="fl-e0">
         <path>/Applications/ti/ccs1040/ccs/tools/compiler/ti-cgt-arm_20.2.5.LTS/lib/</path>
         <kind>archive</kind>
         <file>rtsv7M4_T_le_v4SPD16_eabi.lib</file>
         <name>memchr.c.obj</name>
      </input_file>
      <input_file id="fl-e1">
         <path>/Applications/ti/ccs1040/ccs/tools/compiler/ti-cgt-arm_20.2.5.LTS/lib/</path>
         <kind>archive</kind>
         <file>rtsv7M4_T_le_v4SPD16_eabi.lib</file>
         <name>memory.c.obj</name>
      </input_file>
      <input_file id="fl-e2">
         <path>/Applications/ti/ccs1040/ccs/tools/compiler/ti-cgt-arm_20.2.5.LTS/lib/</path>
         <kind>archive</kind>
         <file>rtsv7M4_T_le_v4SPD16_eabi.lib</file>
         <name>strchr.c.obj</name>
      </input_file>
      <input_file id="fl-e3">
         <path>/Applications/ti/ccs1040/ccs/tools/compiler/ti-cgt-arm_20.2.5.LTS/lib/</path>
         <kind>archive</kind>
         <file>rtsv7M4_T_le_v4SPD16_eabi.lib</file>
         <name>strcpy.c.obj</name>
      </input_file>
      <input_file id="fl-e4">
         <path>/Applications/ti/ccs1040/ccs/tools/compiler/ti-cgt-arm_20.2.5.LTS/lib/</path>
         <kind>archive</kind>
         <file>rtsv7M4_T_le_v4SPD16_eabi.lib</file>
         <name>strlen.c.obj</name>
      </input_file>
      <input_file id="fl-e5">
         <path>/Applications/ti/ccs1040/ccs/tools/compiler/ti-cgt-arm_20.2.5.LTS/lib/</path>
         <kind>archive</kind>
         <file>rtsv7M4_T_le_v4SPD16_eabi.lib</file>
         <name>strstr.c.obj</name>
      </input_file>
      <input_file id="fl-e6">
         <path>/Applications/ti/ccs1040/ccs/tools/compiler/ti-cgt-arm_20.2.5.LTS/lib/</path>
         <kind>archive</kind>
         <file>rtsv7M4_T_le_v4SPD16_eabi.lib</file>
         <name>errno.c.obj</name>
      </input_file>
      <input_file id="fl-e7">
         <path>/Applications/ti/ccs1040/ccs/tools/compiler/ti-cgt-arm_20.2.5.LTS/lib/</path>
         <kind>archive</kind>
         <file>rtsv7M4_T_le_v4SPD16_eabi.lib</file>
         <name>boot_cortex_m.c.obj</name>
      </input_file>
      <input_file id="fl-e8">
         <path>/Applications/ti/ccs1040/ccs/tools/compiler/ti-cgt-arm_20.2.5.LTS/lib/</path>
         <kind>archive</kind>
         <file>rtsv7M4_T_le_v4SPD16_eabi.lib</file>
         <name>write.c.obj</name>
      </input_file>
      <input_file id="fl-e9">
         <path>/Applications/ti/ccs1040/ccs/tools/compiler/ti-cgt-arm_20.2.5.LTS/lib/</path>
         <kind>archive</kind>
         <file>rtsv7M4_T_le_v4SPD16_eabi.lib</file>
         <name>host_device.c.obj</name>
      </input_file>
      <input_file id="fl-ea">
         <path>/Applications/ti/ccs1040/ccs/tools/compiler/ti-cgt-arm_20.2.5.LTS/lib/</path>
         <kind>archive</kind>
         <file>rtsv7M4_T_le_v4SPD16_eabi.lib</file>
         <name>fflush.c.obj</name>
      </input_file>
      <input_file id="fl-eb">
         <path>/Applications/ti/ccs1040/ccs/tools/compiler/ti-cgt-arm_20.2.5.LTS/lib/</path>
         <kind>archive</kind>
         <file>rtsv7M4_T_le_v4SPD16_eabi.lib</file>
         <name>fopen.c.obj</name>
      </input_file>
      <input_file id="fl-ec">
         <path>/Applications/ti/ccs1040/ccs/tools/compiler/ti-cgt-arm_20.2.5.LTS/lib/</path>
         <kind>archive</kind>
         <file>rtsv7M4_T_le_v4SPD16_eabi.lib</file>
         <name>fseek.c.obj</name>
      </input_file>
      <input_file id="fl-ed">
         <path>/Applications/ti/ccs1040/ccs/tools/compiler/ti-cgt-arm_20.2.5.LTS/lib/</path>
         <kind>archive</kind>
         <file>rtsv7M4_T_le_v4SPD16_eabi.lib</file>
         <name>s_copysign.c.obj</name>
      </input_file>
      <input_file id="fl-ee">
         <path>/Applications/ti/ccs1040/ccs/tools/compiler/ti-cgt-arm_20.2.5.LTS/lib/</path>
         <kind>archive</kind>
         <file>rtsv7M4_T_le_v4SPD16_eabi.lib</file>
         <name>div0.asm.obj</name>
      </input_file>
      <input_file id="fl-ef">
         <path>/Applications/ti/ccs1040/ccs/tools/compiler/ti-cgt-arm_20.2.5.LTS/lib/</path>
         <kind>archive</kind>
         <file>rtsv7M4_T_le_v4SPD16_eabi.lib</file>
         <name>autoinit.c.obj</name>
      </input_file>
      <input_file id="fl-f0">
         <path>/Applications/ti/ccs1040/ccs/tools/compiler/ti-cgt-arm_20.2.5.LTS/lib/</path>
         <kind>archive</kind>
         <file>rtsv7M4_T_le_v4SPD16_eabi.lib</file>
         <name>pre_init.c.obj</name>
      </input_file>
      <input_file id="fl-f1">
         <path>/Applications/ti/ccs1040/ccs/tools/compiler/ti-cgt-arm_20.2.5.LTS/lib/</path>
         <kind>archive</kind>
         <file>rtsv7M4_T_le_v4SPD16_eabi.lib</file>
         <name>cpy_tbl.c.obj</name>
      </input_file>
      <input_file id="fl-f2">
         <path>/Applications/ti/ccs1040/ccs/tools/compiler/ti-cgt-arm_20.2.5.LTS/lib/</path>
         <kind>archive</kind>
         <file>rtsv7M4_T_le_v4SPD16_eabi.lib</file>
         <name>args_main.c.obj</name>
      </input_file>
      <input_file id="fl-f3">
         <path>/Applications/ti/ccs1040/ccs/tools/compiler/ti-cgt-arm_20.2.5.LTS/lib/</path>
         <kind>archive</kind>
         <file>rtsv7M4_T_le_v4SPD16_eabi.lib</file>
         <name>hostclose.c.obj</name>
      </input_file>
      <input_file id="fl-f4">
         <path>/Applications/ti/ccs1040/ccs/tools/compiler/ti-cgt-arm_20.2.5.LTS/lib/</path>
         <kind>archive</kind>
         <file>rtsv7M4_T_le_v4SPD16_eabi.lib</file>
         <name>hostlseek.c.obj</name>
      </input_file>
      <input_file id="fl-f5">
         <path>/Applications/ti/ccs1040/ccs/tools/compiler/ti-cgt-arm_20.2.5.LTS/lib/</path>
         <kind>archive</kind>
         <file>rtsv7M4_T_le_v4SPD16_eabi.lib</file>
         <name>hostopen.c.obj</name>
      </input_file>
      <input_file id="fl-f6">
         <path>/Applications/ti/ccs1040/ccs/tools/compiler/ti-cgt-arm_20.2.5.LTS/lib/</path>
         <kind>archive</kind>
         <file>rtsv7M4_T_le_v4SPD16_eabi.lib</file>
         <name>hostread.c.obj</name>
      </input_file>
      <input_file id="fl-f7">
         <path>/Applications/ti/ccs1040/ccs/tools/compiler/ti-cgt-arm_20.2.5.LTS/lib/</path>
         <kind>archive</kind>
         <file>rtsv7M4_T_le_v4SPD16_eabi.lib</file>
         <name>hostrename.c.obj</name>
      </input_file>
      <input_file id="fl-f8">
         <path>/Applications/ti/ccs1040/ccs/tools/compiler/ti-cgt-arm_20.2.5.LTS/lib/</path>
         <kind>archive</kind>
         <file>rtsv7M4_T_le_v4SPD16_eabi.lib</file>
         <name>hostunlink.c.obj</name>
      </input_file>
      <input_file id="fl-f9">
         <path>/Applications/ti/ccs1040/ccs/tools/compiler/ti-cgt-arm_20.2.5.LTS/lib/</path>
         <kind>archive</kind>
         <file>rtsv7M4_T_le_v4SPD16_eabi.lib</file>
         <name>hostwrite.c.obj</name>
      </input_file>
      <input_file id="fl-fa">
         <path>/Applications/ti/ccs1040/ccs/tools/compiler/ti-cgt-arm_20.2.5.LTS/lib/</path>
         <kind>archive</kind>
         <file>rtsv7M4_T_le_v4SPD16_eabi.lib</file>
         <name>trgmsg.c.obj</name>
      </input_file>
      <input_file id="fl-fb">
         <path>/Applications/ti/ccs1040/ccs/tools/compiler/ti-cgt-arm_20.2.5.LTS/lib/</path>
         <kind>archive</kind>
         <file>rtsv7M4_T_le_v4SPD16_eabi.lib</file>
         <name>open.c.obj</name>
      </input_file>
      <input_file id="fl-fc">
         <path>/Applications/ti/ccs1040/ccs/tools/compiler/ti-cgt-arm_20.2.5.LTS/lib/</path>
         <kind>archive</kind>
         <file>rtsv7M4_T_le_v4SPD16_eabi.lib</file>
         <name>lseek.c.obj</name>
      </input_file>
      <input_file id="fl-fd">
         <path>/Applications/ti/ccs1040/ccs/tools/compiler/ti-cgt-arm_20.2.5.LTS/lib/</path>
         <kind>archive</kind>
         <file>rtsv7M4_T_le_v4SPD16_eabi.lib</file>
         <name>fclose.c.obj</name>
      </input_file>
      <input_file id="fl-fe">
         <path>/Applications/ti/ccs1040/ccs/tools/compiler/ti-cgt-arm_20.2.5.LTS/lib/</path>
         <kind>archive</kind>
         <file>rtsv7M4_T_le_v4SPD16_eabi.lib</file>
         <name>getdevice.c.obj</name>
      </input_file>
      <input_file id="fl-ff">
         <path>/Applications/ti/ccs1040/ccs/tools/compiler/ti-cgt-arm_20.2.5.LTS/lib/</path>
         <kind>archive</kind>
         <file>rtsv7M4_T_le_v4SPD16_eabi.lib</file>
         <name>strcmp.c.obj</name>
      </input_file>
      <input_file id="fl-100">
         <path>/Applications/ti/ccs1040/ccs/tools/compiler/ti-cgt-arm_20.2.5.LTS/lib/</path>
         <kind>archive</kind>
         <file>rtsv7M4_T_le_v4SPD16_eabi.lib</file>
         <name>strncpy.c.obj</name>
      </input_file>
      <input_file id="fl-101">
         <path>/Applications/ti/ccs1040/ccs/tools/compiler/ti-cgt-arm_20.2.5.LTS/lib/</path>
         <kind>archive</kind>
         <file>rtsv7M4_T_le_v4SPD16_eabi.lib</file>
         <name>remove.c.obj</name>
      </input_file>
      <input_file id="fl-102">
         <path>/Applications/ti/ccs1040/ccs/tools/compiler/ti-cgt-arm_20.2.5.LTS/lib/</path>
         <kind>archive</kind>
         <file>rtsv7M4_T_le_v4SPD16_eabi.lib</file>
         <name>close.c.obj</name>
      </input_file>
      <input_file id="fl-103">
         <path>/Applications/ti/ccs1040/ccs/tools/compiler/ti-cgt-arm_20.2.5.LTS/lib/</path>
         <kind>archive</kind>
         <file>rtsv7M4_T_le_v4SPD16_eabi.lib</file>
         <name>unlink.c.obj</name>
      </input_file>
      <input_file id="fl-104">
         <path>/Users/eric/Downloads/simplelink_msp432p4_sdk_3_40_01_02/source/ti/devices/msp432p4xx/driverlib/ccs/</path>
         <kind>archive</kind>
         <file>msp432p4xx_driverlib.lib</file>
         <name>cs.o</name>
      </input_file>
      <input_file id="fl-105">
         <path>/Users/eric/Downloads/simplelink_msp432p4_sdk_3_40_01_02/source/ti/devices/msp432p4xx/driverlib/ccs/</path>
         <kind>archive</kind>
         <file>msp432p4xx_driverlib.lib</file>
         <name>flash.o</name>
      </input_file>
      <input_file id="fl-106">
         <path>/Users/eric/Downloads/simplelink_msp432p4_sdk_3_40_01_02/source/ti/devices/msp432p4xx/driverlib/ccs/</path>
         <kind>archive</kind>
         <file>msp432p4xx_driverlib.lib</file>
         <name>interrupt.o</name>
      </input_file>
      <input_file id="fl-107">
         <path>/Users/eric/Downloads/simplelink_msp432p4_sdk_3_40_01_02/source/ti/devices/msp432p4xx/driverlib/ccs/</path>
         <kind>archive</kind>
         <file>msp432p4xx_driverlib.lib</file>
         <name>pcm.o</name>
      </input_file>
      <input_file id="fl-108">
         <path>/Users/eric/Downloads/simplelink_msp432p4_sdk_3_40_01_02/source/ti/devices/msp432p4xx/driverlib/ccs/</path>
         <kind>archive</kind>
         <file>msp432p4xx_driverlib.lib</file>
         <name>rtc_c.o</name>
      </input_file>
      <input_file id="fl-109">
         <path>/Users/eric/Downloads/simplelink_msp432p4_sdk_3_40_01_02/source/ti/devices/msp432p4xx/driverlib/ccs/</path>
         <kind>archive</kind>
         <file>msp432p4xx_driverlib.lib</file>
         <name>sysctl.o</name>
      </input_file>
      <input_file id="fl-10a">
         <path>/Users/eric/Downloads/simplelink_msp432p4_sdk_3_40_01_02/source/ti/devices/msp432p4xx/driverlib/ccs/</path>
         <kind>archive</kind>
         <file>msp432p4xx_driverlib.lib</file>
         <name>sysctl_a.o</name>
      </input_file>
      <input_file id="fl-10b">
         <path>/Users/eric/Downloads/simplelink_msp432p4_sdk_3_40_01_02/source/ti/devices/msp432p4xx/driverlib/ccs/</path>
         <kind>archive</kind>
         <file>msp432p4xx_driverlib.lib</file>
         <name>uart.o</name>
      </input_file>
      <input_file id="fl-10c">
         <path>/Users/eric/Downloads/simplelink_msp432p4_sdk_3_40_01_02/source/ti/devices/msp432p4xx/driverlib/ccs/</path>
         <kind>archive</kind>
         <file>msp432p4xx_driverlib.lib</file>
         <name>wdt_a.o</name>
      </input_file>
      <input_file id="fl-10d">
         <path>/Users/eric/Downloads/simplelink_msp432p4_sdk_3_40_01_02/source/ti/devices/msp432p4xx/driverlib/ccs/</path>
         <kind>archive</kind>
         <file>msp432p4xx_driverlib.lib</file>
         <name>cpu.o</name>
      </input_file>
   </input_file_list>
   <object_component_list>
      <object_component id="oc-26">
         <name>.intvecs:retain</name>
         <load_address>0x0</load_address>
         <run_address>0x0</run_address>
         <size>0xe4</size>
         <input_file_ref idref="fl-2"/>
      </object_component>
      <object_component id="oc-1c1">
         <name>.text:__TI_printfi</name>
         <load_address>0xe4</load_address>
         <run_address>0xe4</run_address>
         <size>0xa4e</size>
         <input_file_ref idref="fl-c4"/>
      </object_component>
      <object_component id="oc-292">
         <name>.text:_nop</name>
         <load_address>0xb32</load_address>
         <run_address>0xb32</run_address>
         <size>0x2</size>
         <input_file_ref idref="fl-d9"/>
      </object_component>
      <object_component id="oc-a0">
         <name>.text</name>
         <load_address>0xb34</load_address>
         <run_address>0xb34</run_address>
         <size>0x4b0</size>
         <input_file_ref idref="fl-1"/>
      </object_component>
      <object_component id="oc-107">
         <name>.text</name>
         <load_address>0xfe4</load_address>
         <run_address>0xfe4</run_address>
         <size>0x420</size>
         <input_file_ref idref="fl-4"/>
      </object_component>
      <object_component id="oc-70">
         <name>.text</name>
         <load_address>0x1404</load_address>
         <run_address>0x1404</run_address>
         <size>0x350</size>
         <input_file_ref idref="fl-8"/>
      </object_component>
      <object_component id="oc-b2">
         <name>.text</name>
         <load_address>0x1754</load_address>
         <run_address>0x1754</run_address>
         <size>0x32c</size>
         <input_file_ref idref="fl-3"/>
      </object_component>
      <object_component id="oc-26e">
         <name>.text:_pconv_a</name>
         <load_address>0x1a80</load_address>
         <run_address>0x1a80</run_address>
         <size>0x270</size>
         <input_file_ref idref="fl-c4"/>
      </object_component>
      <object_component id="oc-113">
         <name>.text</name>
         <load_address>0x1cf0</load_address>
         <run_address>0x1cf0</run_address>
         <size>0x224</size>
         <input_file_ref idref="fl-5"/>
      </object_component>
      <object_component id="oc-25c">
         <name>.text:_pconv_g</name>
         <load_address>0x1f14</load_address>
         <run_address>0x1f14</run_address>
         <size>0x1d0</size>
         <input_file_ref idref="fl-c4"/>
      </object_component>
      <object_component id="oc-31b">
         <name>.text</name>
         <load_address>0x20e4</load_address>
         <run_address>0x20e4</run_address>
         <size>0x1b6</size>
         <input_file_ref idref="fl-cc"/>
      </object_component>
      <object_component id="oc-3b4">
         <name>.text</name>
         <load_address>0x229a</load_address>
         <run_address>0x229a</run_address>
         <size>0x2</size>
         <input_file_ref idref="fl-ee"/>
      </object_component>
      <object_component id="oc-3a4">
         <name>.text:__PCM_setPowerModeAdvanced</name>
         <load_address>0x229c</load_address>
         <run_address>0x229c</run_address>
         <size>0x15c</size>
         <input_file_ref idref="fl-107"/>
      </object_component>
      <object_component id="oc-268">
         <name>.text:_pconv_e</name>
         <load_address>0x23f8</load_address>
         <run_address>0x23f8</run_address>
         <size>0x13c</size>
         <input_file_ref idref="fl-c4"/>
      </object_component>
      <object_component id="oc-301">
         <name>.text</name>
         <load_address>0x2534</load_address>
         <run_address>0x2534</run_address>
         <size>0x136</size>
         <input_file_ref idref="fl-ce"/>
      </object_component>
      <object_component id="oc-32d">
         <name>.text:fcvt</name>
         <load_address>0x266c</load_address>
         <run_address>0x266c</run_address>
         <size>0x124</size>
         <input_file_ref idref="fl-c4"/>
      </object_component>
      <object_component id="oc-b9">
         <name>.text:UART_initModule</name>
         <load_address>0x2790</load_address>
         <run_address>0x2790</run_address>
         <size>0x11c</size>
         <input_file_ref idref="fl-10b"/>
      </object_component>
      <object_component id="oc-2a0">
         <name>.text:fputs</name>
         <load_address>0x28ac</load_address>
         <run_address>0x28ac</run_address>
         <size>0x114</size>
         <input_file_ref idref="fl-c6"/>
      </object_component>
      <object_component id="oc-341">
         <name>.text:scalbn</name>
         <load_address>0x29c0</load_address>
         <run_address>0x29c0</run_address>
         <size>0x110</size>
         <input_file_ref idref="fl-ca"/>
      </object_component>
      <object_component id="oc-231">
         <name>.text:__PCM_setCoreVoltageLevelAdvanced</name>
         <load_address>0x2ad0</load_address>
         <run_address>0x2ad0</run_address>
         <size>0x108</size>
         <input_file_ref idref="fl-107"/>
      </object_component>
      <object_component id="oc-460">
         <name>.text:aligned_alloc</name>
         <load_address>0x2bd8</load_address>
         <run_address>0x2bd8</run_address>
         <size>0x100</size>
         <input_file_ref idref="fl-e1"/>
      </object_component>
      <object_component id="oc-2fc">
         <name>.text</name>
         <load_address>0x2cd8</load_address>
         <run_address>0x2cd8</run_address>
         <size>0xfc</size>
         <input_file_ref idref="fl-cf"/>
      </object_component>
      <object_component id="oc-41e">
         <name>.text:free</name>
         <load_address>0x2dd4</load_address>
         <run_address>0x2dd4</run_address>
         <size>0xe4</size>
         <input_file_ref idref="fl-e1"/>
      </object_component>
      <object_component id="oc-3ef">
         <name>.text:setvbuf</name>
         <load_address>0x2eb8</load_address>
         <run_address>0x2eb8</run_address>
         <size>0xdc</size>
         <input_file_ref idref="fl-c8"/>
      </object_component>
      <object_component id="oc-251">
         <name>.text:_ltostr</name>
         <load_address>0x2f94</load_address>
         <run_address>0x2f94</run_address>
         <size>0xb1</size>
         <input_file_ref idref="fl-c4"/>
      </object_component>
      <object_component id="oc-3a">
         <name>.text</name>
         <load_address>0x3046</load_address>
         <run_address>0x3046</run_address>
         <size>0x9c</size>
         <input_file_ref idref="fl-d2"/>
      </object_component>
      <object_component id="oc-2f5">
         <name>.text</name>
         <load_address>0x30e2</load_address>
         <run_address>0x30e2</run_address>
         <size>0x96</size>
         <input_file_ref idref="fl-d3"/>
      </object_component>
      <object_component id="oc-2a7">
         <name>.text:fputc</name>
         <load_address>0x3178</load_address>
         <run_address>0x3178</run_address>
         <size>0x8c</size>
         <input_file_ref idref="fl-c5"/>
      </object_component>
      <object_component id="oc-257">
         <name>.text:__aeabi_cdcmple</name>
         <load_address>0x3204</load_address>
         <run_address>0x3204</run_address>
         <size>0x86</size>
         <input_file_ref idref="fl-cd"/>
      </object_component>
      <object_component id="oc-306">
         <name>.text:__aeabi_cdrcmple</name>
         <load_address>0x328a</load_address>
         <run_address>0x328a</run_address>
         <size>0x86</size>
         <input_file_ref idref="fl-cd"/>
      </object_component>
      <object_component id="oc-94">
         <name>.text</name>
         <load_address>0x3310</load_address>
         <run_address>0x3310</run_address>
         <size>0x7a</size>
         <input_file_ref idref="fl-d4"/>
      </object_component>
      <object_component id="oc-467">
         <name>.text:__TI_closefile</name>
         <load_address>0x338c</load_address>
         <run_address>0x338c</run_address>
         <size>0x74</size>
         <input_file_ref idref="fl-fd"/>
      </object_component>
      <object_component id="oc-4a8">
         <name>.text:split</name>
         <load_address>0x3400</load_address>
         <run_address>0x3400</run_address>
         <size>0x70</size>
         <input_file_ref idref="fl-e1"/>
      </object_component>
      <object_component id="oc-326">
         <name>.text:_mcpy</name>
         <load_address>0x3470</load_address>
         <run_address>0x3470</run_address>
         <size>0x6e</size>
         <input_file_ref idref="fl-c4"/>
      </object_component>
      <object_component id="oc-1b7">
         <name>.text:ltoa</name>
         <load_address>0x34e0</load_address>
         <run_address>0x34e0</run_address>
         <size>0x6e</size>
         <input_file_ref idref="fl-de"/>
      </object_component>
      <object_component id="oc-497">
         <name>.text:HOSTrename</name>
         <load_address>0x3550</load_address>
         <run_address>0x3550</run_address>
         <size>0x6c</size>
         <input_file_ref idref="fl-f7"/>
      </object_component>
      <object_component id="oc-48b">
         <name>.text:HOSTlseek</name>
         <load_address>0x35bc</load_address>
         <run_address>0x35bc</run_address>
         <size>0x68</size>
         <input_file_ref idref="fl-f4"/>
      </object_component>
      <object_component id="oc-17">
         <name>.text:decompress:lzss:__TI_decompress_lzss</name>
         <load_address>0x3624</load_address>
         <run_address>0x3624</run_address>
         <size>0x68</size>
         <input_file_ref idref="fl-d7"/>
      </object_component>
      <object_component id="oc-10d">
         <name>.text:printf</name>
         <load_address>0x368c</load_address>
         <run_address>0x368c</run_address>
         <size>0x68</size>
         <input_file_ref idref="fl-c3"/>
      </object_component>
      <object_component id="oc-bf">
         <name>.text:UART_getEnabledInterruptStatus</name>
         <load_address>0x36f4</load_address>
         <run_address>0x36f4</run_address>
         <size>0x64</size>
         <input_file_ref idref="fl-10b"/>
      </object_component>
      <object_component id="oc-33b">
         <name>.text:frexp</name>
         <load_address>0x3758</load_address>
         <run_address>0x3758</run_address>
         <size>0x64</size>
         <input_file_ref idref="fl-c9"/>
      </object_component>
      <object_component id="oc-3e9">
         <name>.text:fseek</name>
         <load_address>0x37bc</load_address>
         <run_address>0x37bc</run_address>
         <size>0x64</size>
         <input_file_ref idref="fl-ec"/>
      </object_component>
      <object_component id="oc-372">
         <name>.text:__TI_wrt_ok</name>
         <load_address>0x3820</load_address>
         <run_address>0x3820</run_address>
         <size>0x62</size>
         <input_file_ref idref="fl-c7"/>
      </object_component>
      <object_component id="oc-473">
         <name>.text:HOSTopen</name>
         <load_address>0x3884</load_address>
         <run_address>0x3884</run_address>
         <size>0x60</size>
         <input_file_ref idref="fl-f5"/>
      </object_component>
      <object_component id="oc-2d5">
         <name>.text:PCM_getCoreVoltageLevel</name>
         <load_address>0x38e4</load_address>
         <run_address>0x38e4</run_address>
         <size>0x5e</size>
         <input_file_ref idref="fl-107"/>
      </object_component>
      <object_component id="oc-4af">
         <name>.text:close</name>
         <load_address>0x3944</load_address>
         <run_address>0x3944</run_address>
         <size>0x5c</size>
         <input_file_ref idref="fl-102"/>
      </object_component>
      <object_component id="oc-2cf">
         <name>.text:PCM_getPowerMode</name>
         <load_address>0x39a0</load_address>
         <run_address>0x39a0</run_address>
         <size>0x5a</size>
         <input_file_ref idref="fl-107"/>
      </object_component>
      <object_component id="oc-47f">
         <name>.text:HOSTread</name>
         <load_address>0x39fc</load_address>
         <run_address>0x39fc</run_address>
         <size>0x58</size>
         <input_file_ref idref="fl-f6"/>
      </object_component>
      <object_component id="oc-485">
         <name>.text:HOSTwrite</name>
         <load_address>0x3a54</load_address>
         <run_address>0x3a54</run_address>
         <size>0x58</size>
         <input_file_ref idref="fl-f9"/>
      </object_component>
      <object_component id="oc-262">
         <name>.text:_pconv_f</name>
         <load_address>0x3aac</load_address>
         <run_address>0x3aac</run_address>
         <size>0x56</size>
         <input_file_ref idref="fl-c4"/>
      </object_component>
      <object_component id="oc-101">
         <name>.text</name>
         <load_address>0x3b04</load_address>
         <run_address>0x3b04</run_address>
         <size>0x54</size>
         <input_file_ref idref="fl-7"/>
      </object_component>
      <object_component id="oc-310">
         <name>.text:__TI_ltoa</name>
         <load_address>0x3b58</load_address>
         <run_address>0x3b58</run_address>
         <size>0x54</size>
         <input_file_ref idref="fl-da"/>
      </object_component>
      <object_component id="oc-320">
         <name>.text:_ecpy</name>
         <load_address>0x3bac</load_address>
         <run_address>0x3bac</run_address>
         <size>0x52</size>
         <input_file_ref idref="fl-c4"/>
      </object_component>
      <object_component id="oc-37e">
         <name>.text:__TI_doflush</name>
         <load_address>0x3bfe</load_address>
         <run_address>0x3bfe</run_address>
         <size>0x4c</size>
         <input_file_ref idref="fl-ea"/>
      </object_component>
      <object_component id="oc-24b">
         <name>.text:atoi</name>
         <load_address>0x3c4c</load_address>
         <run_address>0x3c4c</run_address>
         <size>0x4c</size>
         <input_file_ref idref="fl-db"/>
      </object_component>
      <object_component id="oc-19d">
         <name>.text:FlashCtl_setWaitState</name>
         <load_address>0x3c98</load_address>
         <run_address>0x3c98</run_address>
         <size>0x48</size>
         <input_file_ref idref="fl-105"/>
      </object_component>
      <object_component id="oc-133">
         <name>.text:exit</name>
         <load_address>0x3ce0</load_address>
         <run_address>0x3ce0</run_address>
         <size>0x48</size>
         <input_file_ref idref="fl-d8"/>
      </object_component>
      <object_component id="oc-30b">
         <name>.text</name>
         <load_address>0x3d28</load_address>
         <run_address>0x3d28</run_address>
         <size>0x48</size>
         <input_file_ref idref="fl-d0"/>
      </object_component>
      <object_component id="oc-479">
         <name>.text:HOSTclose</name>
         <load_address>0x3d70</load_address>
         <run_address>0x3d70</run_address>
         <size>0x44</size>
         <input_file_ref idref="fl-f3"/>
      </object_component>
      <object_component id="oc-491">
         <name>.text:HOSTunlink</name>
         <load_address>0x3db4</load_address>
         <run_address>0x3db4</run_address>
         <size>0x44</size>
         <input_file_ref idref="fl-f8"/>
      </object_component>
      <object_component id="oc-139">
         <name>.text:__TI_auto_init_nobinit_nopinit:__TI_auto_init_nobinit_nopinit</name>
         <load_address>0x3df8</load_address>
         <run_address>0x3df8</run_address>
         <size>0x44</size>
         <input_file_ref idref="fl-ef"/>
      </object_component>
      <object_component id="oc-4e1">
         <name>.text:getdevice</name>
         <load_address>0x3e3c</load_address>
         <run_address>0x3e3c</run_address>
         <size>0x44</size>
         <input_file_ref idref="fl-fe"/>
      </object_component>
      <object_component id="oc-333">
         <name>.text:_fcpy</name>
         <load_address>0x3e80</load_address>
         <run_address>0x3e80</run_address>
         <size>0x3e</size>
         <input_file_ref idref="fl-c4"/>
      </object_component>
      <object_component id="oc-4c0">
         <name>.text:__TI_writemsg</name>
         <load_address>0x3ec0</load_address>
         <run_address>0x3ec0</run_address>
         <size>0x38</size>
         <input_file_ref idref="fl-fa"/>
      </object_component>
      <object_component id="oc-501">
         <name>.text:strncpy</name>
         <load_address>0x3ef8</load_address>
         <run_address>0x3ef8</run_address>
         <size>0x36</size>
         <input_file_ref idref="fl-100"/>
      </object_component>
      <object_component id="oc-1a9">
         <name>.text:CS_setDCOCenteredFrequency</name>
         <load_address>0x3f30</load_address>
         <run_address>0x3f30</run_address>
         <size>0x34</size>
         <input_file_ref idref="fl-104"/>
      </object_component>
      <object_component id="oc-42a">
         <name>.text:__TI_cleanup</name>
         <load_address>0x3f64</load_address>
         <run_address>0x3f64</run_address>
         <size>0x34</size>
         <input_file_ref idref="fl-eb"/>
      </object_component>
      <object_component id="oc-4c6">
         <name>.text:__TI_readmsg</name>
         <load_address>0x3f98</load_address>
         <run_address>0x3f98</run_address>
         <size>0x34</size>
         <input_file_ref idref="fl-fa"/>
      </object_component>
      <object_component id="oc-58">
         <name>.text:_c_int00_noargs:_c_int00_noargs</name>
         <load_address>0x3fcc</load_address>
         <run_address>0x3fcc</run_address>
         <size>0x34</size>
         <input_file_ref idref="fl-e7"/>
      </object_component>
      <object_component id="oc-1b1">
         <name>.text:strstr</name>
         <load_address>0x4000</load_address>
         <run_address>0x4000</run_address>
         <size>0x34</size>
         <input_file_ref idref="fl-e5"/>
      </object_component>
      <object_component id="oc-507">
         <name>.text:finddevice</name>
         <load_address>0x4034</load_address>
         <run_address>0x4034</run_address>
         <size>0x30</size>
         <input_file_ref idref="fl-fe"/>
      </object_component>
      <object_component id="oc-316">
         <name>.text</name>
         <load_address>0x4064</load_address>
         <run_address>0x4064</run_address>
         <size>0x2e</size>
         <input_file_ref idref="fl-d1"/>
      </object_component>
      <object_component id="oc-4b5">
         <name>.text:unlink</name>
         <load_address>0x4094</load_address>
         <run_address>0x4094</run_address>
         <size>0x2c</size>
         <input_file_ref idref="fl-103"/>
      </object_component>
      <object_component id="oc-459">
         <name>.text:free_list_insert</name>
         <load_address>0x40c0</load_address>
         <run_address>0x40c0</run_address>
         <size>0x28</size>
         <input_file_ref idref="fl-e1"/>
      </object_component>
      <object_component id="oc-416">
         <name>.text:lseek</name>
         <load_address>0x40e8</load_address>
         <run_address>0x40e8</run_address>
         <size>0x28</size>
         <input_file_ref idref="fl-fc"/>
      </object_component>
      <object_component id="oc-384">
         <name>.text:write</name>
         <load_address>0x4110</load_address>
         <run_address>0x4110</run_address>
         <size>0x28</size>
         <input_file_ref idref="fl-e8"/>
      </object_component>
      <object_component id="oc-fb">
         <name>.text</name>
         <load_address>0x4138</load_address>
         <run_address>0x4138</run_address>
         <size>0x22</size>
         <input_file_ref idref="fl-6"/>
      </object_component>
      <object_component id="oc-378">
         <name>.text:memchr</name>
         <load_address>0x415a</load_address>
         <run_address>0x415a</run_address>
         <size>0x20</size>
         <input_file_ref idref="fl-e0"/>
      </object_component>
      <object_component id="oc-453">
         <name>.text:free_list_remove</name>
         <load_address>0x417c</load_address>
         <run_address>0x417c</run_address>
         <size>0x1c</size>
         <input_file_ref idref="fl-e1"/>
      </object_component>
      <object_component id="oc-274">
         <name>.text:memccpy</name>
         <load_address>0x4198</load_address>
         <run_address>0x4198</run_address>
         <size>0x1c</size>
         <input_file_ref idref="fl-df"/>
      </object_component>
      <object_component id="oc-3cd">
         <name>.text:copysign</name>
         <load_address>0x41b4</load_address>
         <run_address>0x41b4</run_address>
         <size>0x1a</size>
         <input_file_ref idref="fl-ed"/>
      </object_component>
      <object_component id="oc-17b">
         <name>.text:UART_getInterruptStatus</name>
         <load_address>0x41ce</load_address>
         <run_address>0x41ce</run_address>
         <size>0x18</size>
         <input_file_ref idref="fl-10b"/>
      </object_component>
      <object_component id="oc-51c">
         <name>.text:strcmp</name>
         <load_address>0x41e6</load_address>
         <run_address>0x41e6</run_address>
         <size>0x18</size>
         <input_file_ref idref="fl-ff"/>
      </object_component>
      <object_component id="oc-347">
         <name>.text:strchr</name>
         <load_address>0x41fe</load_address>
         <run_address>0x41fe</run_address>
         <size>0x16</size>
         <input_file_ref idref="fl-e2"/>
      </object_component>
      <object_component id="oc-2db">
         <name>.text:PCM_getPowerState</name>
         <load_address>0x4214</load_address>
         <run_address>0x4214</run_address>
         <size>0x14</size>
         <input_file_ref idref="fl-107"/>
      </object_component>
      <object_component id="oc-23b">
         <name>.text:strcpy</name>
         <load_address>0x4228</load_address>
         <run_address>0x4228</run_address>
         <size>0x14</size>
         <input_file_ref idref="fl-e3"/>
      </object_component>
      <object_component id="oc-245">
         <name>.text:strlen</name>
         <load_address>0x423c</load_address>
         <run_address>0x423c</run_address>
         <size>0x14</size>
         <input_file_ref idref="fl-e4"/>
      </object_component>
      <object_component id="oc-27a">
         <name>.text:wcslen</name>
         <load_address>0x4250</load_address>
         <run_address>0x4250</run_address>
         <size>0x12</size>
         <input_file_ref idref="fl-cb"/>
      </object_component>
      <object_component id="oc-1a3">
         <name>.text:PCM_setCoreVoltageLevel</name>
         <load_address>0x4262</load_address>
         <run_address>0x4262</run_address>
         <size>0x10</size>
         <input_file_ref idref="fl-107"/>
      </object_component>
      <object_component id="oc-2e1">
         <name>.text:PCM_setPowerMode</name>
         <load_address>0x4272</load_address>
         <run_address>0x4272</run_address>
         <size>0x10</size>
         <input_file_ref idref="fl-107"/>
      </object_component>
      <object_component id="oc-1d">
         <name>.text:decompress:none:__TI_decompress_none</name>
         <load_address>0x4282</load_address>
         <run_address>0x4282</run_address>
         <size>0xe</size>
         <input_file_ref idref="fl-d6"/>
      </object_component>
      <object_component id="oc-6a">
         <name>.text</name>
         <load_address>0x4290</load_address>
         <run_address>0x4290</run_address>
         <size>0xe</size>
         <input_file_ref idref="fl-2"/>
      </object_component>
      <object_component id="oc-4c">
         <name>.text:decompress:ZI:__TI_zero_init</name>
         <load_address>0x429e</load_address>
         <run_address>0x429e</run_address>
         <size>0xc</size>
         <input_file_ref idref="fl-d5"/>
      </object_component>
      <object_component id="oc-280">
         <name>.text:__aeabi_errno_addr</name>
         <load_address>0x42ac</load_address>
         <run_address>0x42ac</run_address>
         <size>0x8</size>
         <input_file_ref idref="fl-e6"/>
      </object_component>
      <object_component id="oc-424">
         <name>.text:malloc</name>
         <load_address>0x42b4</load_address>
         <run_address>0x42b4</run_address>
         <size>0x8</size>
         <input_file_ref idref="fl-e1"/>
      </object_component>
      <object_component id="oc-1d3">
         <name>.text:_outc</name>
         <load_address>0x42bc</load_address>
         <run_address>0x42bc</run_address>
         <size>0x4</size>
         <input_file_ref idref="fl-c3"/>
      </object_component>
      <object_component id="oc-1cd">
         <name>.text:_outs</name>
         <load_address>0x42c0</load_address>
         <run_address>0x42c0</run_address>
         <size>0x4</size>
         <input_file_ref idref="fl-c3"/>
      </object_component>
      <object_component id="oc-9a">
         <name>.text:_system_pre_init</name>
         <load_address>0x42c4</load_address>
         <run_address>0x42c4</run_address>
         <size>0x4</size>
         <input_file_ref idref="fl-f0"/>
      </object_component>
      <object_component id="oc-12d">
         <name>.text:abort:abort</name>
         <load_address>0x42c8</load_address>
         <run_address>0x42c8</run_address>
         <size>0x4</size>
         <input_file_ref idref="fl-d8"/>
      </object_component>
      <object_component id="oc-2f0">
         <name>.const:.string:_ctypes_</name>
         <load_address>0x42cc</load_address>
         <run_address>0x42cc</run_address>
         <size>0x101</size>
         <input_file_ref idref="fl-dc"/>
      </object_component>
      <object_component id="oc-55c">
         <name>.cinit..data.load</name>
         <load_address>0x43d0</load_address>
         <run_address>0x43d0</run_address>
         <size>0xbe</size>
      </object_component>
      <object_component id="oc-55a">
         <name>__TI_handler_table</name>
         <load_address>0x4490</load_address>
         <run_address>0x4490</run_address>
         <size>0xc</size>
      </object_component>
      <object_component id="oc-55d">
         <name>.cinit..bss.load</name>
         <load_address>0x44a0</load_address>
         <run_address>0x44a0</run_address>
         <size>0x8</size>
      </object_component>
      <object_component id="oc-55b">
         <name>__TI_cinit_table</name>
         <load_address>0x44a8</load_address>
         <run_address>0x44a8</run_address>
         <size>0x10</size>
      </object_component>
      <object_component id="oc-52e">
         <name>.binit</name>
         <load_address>0x0</load_address>
         <run_address>0x0</run_address>
         <size>0x0</size>
      </object_component>
      <object_component id="oc-11f">
         <name>.data:HTTP_WebPage</name>
         <load_address>0x20002010</load_address>
         <run_address>0x20002010</run_address>
         <size>0x12</size>
         <input_file_ref idref="fl-1"/>
      </object_component>
      <object_component id="oc-122">
         <name>.data:Port</name>
         <load_address>0x2000205c</load_address>
         <run_address>0x2000205c</run_address>
         <size>0x3</size>
         <input_file_ref idref="fl-1"/>
      </object_component>
      <object_component id="oc-128">
         <name>.data:HTTP_Request</name>
         <load_address>0x20001f90</load_address>
         <run_address>0x20001f90</run_address>
         <size>0x2f</size>
         <input_file_ref idref="fl-1"/>
      </object_component>
      <object_component id="oc-125">
         <name>.data</name>
         <load_address>0x20002050</load_address>
         <run_address>0x20002050</run_address>
         <size>0x4</size>
         <input_file_ref idref="fl-1"/>
      </object_component>
      <object_component id="oc-119">
         <name>.data:UART0Config</name>
         <load_address>0x20001fc0</load_address>
         <run_address>0x20001fc0</run_address>
         <size>0x28</size>
         <input_file_ref idref="fl-1"/>
      </object_component>
      <object_component id="oc-11c">
         <name>.data:UART2Config</name>
         <load_address>0x20001fe8</load_address>
         <run_address>0x20001fe8</run_address>
         <size>0x28</size>
         <input_file_ref idref="fl-1"/>
      </object_component>
      <object_component id="oc-16b">
         <name>.data</name>
         <load_address>0x20002058</load_address>
         <run_address>0x20002058</run_address>
         <size>0x4</size>
         <input_file_ref idref="fl-3"/>
      </object_component>
      <object_component id="oc-1f6">
         <name>.data:$O1$$</name>
         <load_address>0x20002034</load_address>
         <run_address>0x20002034</run_address>
         <size>0xc</size>
         <input_file_ref idref="fl-d8"/>
      </object_component>
      <object_component id="oc-1c7">
         <name>.data:$O1$$</name>
         <load_address>0x20002040</load_address>
         <run_address>0x20002040</run_address>
         <size>0x8</size>
         <input_file_ref idref="fl-d9"/>
      </object_component>
      <object_component id="oc-1ca">
         <name>.data:_ftable</name>
         <load_address>0x20001dd8</load_address>
         <run_address>0x20001dd8</run_address>
         <size>0xf0</size>
         <input_file_ref idref="fl-dd"/>
      </object_component>
      <object_component id="oc-46d">
         <name>.data</name>
         <load_address>0x20002024</load_address>
         <run_address>0x20002024</run_address>
         <size>0x10</size>
         <input_file_ref idref="fl-dd"/>
      </object_component>
      <object_component id="oc-4a3">
         <name>.data:$O1$$</name>
         <load_address>0x20002048</load_address>
         <run_address>0x20002048</run_address>
         <size>0x8</size>
         <input_file_ref idref="fl-e1"/>
      </object_component>
      <object_component id="oc-357">
         <name>.data</name>
         <load_address>0x20002054</load_address>
         <run_address>0x20002054</run_address>
         <size>0x4</size>
         <input_file_ref idref="fl-e6"/>
      </object_component>
      <object_component id="oc-43d">
         <name>.data:_device</name>
         <load_address>0x20001ec8</load_address>
         <run_address>0x20001ec8</run_address>
         <size>0x78</size>
         <input_file_ref idref="fl-e9"/>
      </object_component>
      <object_component id="oc-3fb">
         <name>.data:_stream</name>
         <load_address>0x20001f40</load_address>
         <run_address>0x20001f40</run_address>
         <size>0x50</size>
         <input_file_ref idref="fl-e9"/>
      </object_component>
      <object_component id="oc-4eb">
         <name>.bss:_CIOBUF_</name>
         <uninitialized>true</uninitialized>
         <run_address>0x20001800</run_address>
         <size>0x120</size>
         <input_file_ref idref="fl-fa"/>
      </object_component>
      <object_component id="oc-1bd">
         <name>.common:ESP8266_Buffer</name>
         <uninitialized>true</uninitialized>
         <run_address>0x20000000</run_address>
         <size>0x800</size>
      </object_component>
      <object_component id="oc-c9">
         <name>.common:UARTA0Data</name>
         <uninitialized>true</uninitialized>
         <run_address>0x20000800</run_address>
         <size>0x800</size>
      </object_component>
      <object_component id="oc-c5">
         <name>.common:UARTA0ReadIndex</name>
         <uninitialized>true</uninitialized>
         <run_address>0x200019c8</run_address>
         <size>0x4</size>
      </object_component>
      <object_component id="oc-c8">
         <name>.common:UARTA0WriteIndex</name>
         <uninitialized>true</uninitialized>
         <run_address>0x200019cc</run_address>
         <size>0x4</size>
      </object_component>
      <object_component id="oc-cc">
         <name>.common:UARTA2Data</name>
         <uninitialized>true</uninitialized>
         <run_address>0x20001000</run_address>
         <size>0x800</size>
      </object_component>
      <object_component id="oc-ca">
         <name>.common:UARTA2ReadIndex</name>
         <uninitialized>true</uninitialized>
         <run_address>0x200019d0</run_address>
         <size>0x4</size>
      </object_component>
      <object_component id="oc-cb">
         <name>.common:UARTA2WriteIndex</name>
         <uninitialized>true</uninitialized>
         <run_address>0x200019d4</run_address>
         <size>0x4</size>
      </object_component>
      <object_component id="oc-4bb">
         <name>.common:__TI_tmpnams</name>
         <uninitialized>true</uninitialized>
         <run_address>0x20001920</run_address>
         <size>0xa0</size>
      </object_component>
      <object_component id="oc-4cc">
         <name>.common:parmbuf</name>
         <uninitialized>true</uninitialized>
         <run_address>0x200019c0</run_address>
         <size>0x8</size>
      </object_component>
      <object_component id="oc-29">
         <name>.sysmem</name>
         <uninitialized>true</uninitialized>
         <run_address>0x200019d8</run_address>
         <size>0x10</size>
         <input_file_ref idref="fl-e1"/>
      </object_component>
      <object_component id="oc-560">
         <name>.sysmem</name>
         <uninitialized>true</uninitialized>
         <run_address>0x200019d8</run_address>
         <size>0x0</size>
      </object_component>
      <object_component id="oc-2c">
         <name>.stack</name>
         <uninitialized>true</uninitialized>
         <run_address>0x2000fc00</run_address>
         <size>0x4</size>
         <input_file_ref idref="fl-e7"/>
      </object_component>
      <object_component id="oc-55f">
         <name>.stack</name>
         <uninitialized>true</uninitialized>
         <run_address>0x2000fc00</run_address>
         <size>0x0</size>
      </object_component>
      <object_component id="oc-12c">
         <name>.debug_info</name>
         <load_address>0x0</load_address>
         <run_address>0x0</run_address>
         <size>0x8cf</size>
         <input_file_ref idref="fl-1"/>
      </object_component>
      <object_component id="oc-120">
         <name>.debug_info</name>
         <load_address>0x8cf</load_address>
         <run_address>0x8cf</run_address>
         <size>0xdb</size>
         <input_file_ref idref="fl-1"/>
      </object_component>
      <object_component id="oc-123">
         <name>.debug_info</name>
         <load_address>0x9aa</load_address>
         <run_address>0x9aa</run_address>
         <size>0xcb</size>
         <input_file_ref idref="fl-1"/>
      </object_component>
      <object_component id="oc-129">
         <name>.debug_info</name>
         <load_address>0xa75</load_address>
         <run_address>0xa75</run_address>
         <size>0xdb</size>
         <input_file_ref idref="fl-1"/>
      </object_component>
      <object_component id="oc-126">
         <name>.debug_info</name>
         <load_address>0xb50</load_address>
         <run_address>0xb50</run_address>
         <size>0xe5</size>
         <input_file_ref idref="fl-1"/>
      </object_component>
      <object_component id="oc-11a">
         <name>.debug_info</name>
         <load_address>0xc35</load_address>
         <run_address>0xc35</run_address>
         <size>0xd9</size>
         <input_file_ref idref="fl-1"/>
      </object_component>
      <object_component id="oc-11d">
         <name>.debug_info</name>
         <load_address>0xd0e</load_address>
         <run_address>0xd0e</run_address>
         <size>0xd9</size>
         <input_file_ref idref="fl-1"/>
      </object_component>
      <object_component id="oc-a2">
         <name>.debug_info</name>
         <load_address>0xde7</load_address>
         <run_address>0xde7</run_address>
         <size>0x422</size>
         <input_file_ref idref="fl-1"/>
      </object_component>
      <object_component id="oc-da">
         <name>.debug_info</name>
         <load_address>0x1209</load_address>
         <run_address>0x1209</run_address>
         <size>0x26b</size>
         <input_file_ref idref="fl-1"/>
      </object_component>
      <object_component id="oc-18e">
         <name>.debug_info</name>
         <load_address>0x1474</load_address>
         <run_address>0x1474</run_address>
         <size>0x1055</size>
         <input_file_ref idref="fl-1"/>
      </object_component>
      <object_component id="oc-189">
         <name>.debug_info</name>
         <load_address>0x24c9</load_address>
         <run_address>0x24c9</run_address>
         <size>0x37e2</size>
         <input_file_ref idref="fl-1"/>
      </object_component>
      <object_component id="oc-170">
         <name>.debug_info</name>
         <load_address>0x5cab</load_address>
         <run_address>0x5cab</run_address>
         <size>0x8b</size>
         <input_file_ref idref="fl-1"/>
      </object_component>
      <object_component id="oc-198">
         <name>.debug_info</name>
         <load_address>0x5d36</load_address>
         <run_address>0x5d36</run_address>
         <size>0x2a4</size>
         <input_file_ref idref="fl-1"/>
      </object_component>
      <object_component id="oc-193">
         <name>.debug_info</name>
         <load_address>0x5fda</load_address>
         <run_address>0x5fda</run_address>
         <size>0xef</size>
         <input_file_ref idref="fl-1"/>
      </object_component>
      <object_component id="oc-ce">
         <name>.debug_info</name>
         <load_address>0x60c9</load_address>
         <run_address>0x60c9</run_address>
         <size>0xbb</size>
         <input_file_ref idref="fl-1"/>
      </object_component>
      <object_component id="oc-1db">
         <name>.debug_info</name>
         <load_address>0x6184</load_address>
         <run_address>0x6184</run_address>
         <size>0x2c</size>
         <input_file_ref idref="fl-1"/>
      </object_component>
      <object_component id="oc-d3">
         <name>.debug_info</name>
         <load_address>0x61b0</load_address>
         <run_address>0x61b0</run_address>
         <size>0x102</size>
         <input_file_ref idref="fl-1"/>
      </object_component>
      <object_component id="oc-1f0">
         <name>.debug_info</name>
         <load_address>0x62b2</load_address>
         <run_address>0x62b2</run_address>
         <size>0x35</size>
         <input_file_ref idref="fl-1"/>
      </object_component>
      <object_component id="oc-78">
         <name>.debug_info</name>
         <load_address>0x62e7</load_address>
         <run_address>0x62e7</run_address>
         <size>0x2ca</size>
         <input_file_ref idref="fl-2"/>
      </object_component>
      <object_component id="oc-27">
         <name>.debug_info</name>
         <load_address>0x65b1</load_address>
         <run_address>0x65b1</run_address>
         <size>0xf6</size>
         <input_file_ref idref="fl-2"/>
      </object_component>
      <object_component id="oc-6c">
         <name>.debug_info</name>
         <load_address>0x66a7</load_address>
         <run_address>0x66a7</run_address>
         <size>0x1bd</size>
         <input_file_ref idref="fl-2"/>
      </object_component>
      <object_component id="oc-35">
         <name>.debug_info</name>
         <load_address>0x6864</load_address>
         <run_address>0x6864</run_address>
         <size>0x84</size>
         <input_file_ref idref="fl-2"/>
      </object_component>
      <object_component id="oc-16c">
         <name>.debug_info</name>
         <load_address>0x68e8</load_address>
         <run_address>0x68e8</run_address>
         <size>0xef</size>
         <input_file_ref idref="fl-3"/>
      </object_component>
      <object_component id="oc-b5">
         <name>.debug_info</name>
         <load_address>0x69d7</load_address>
         <run_address>0x69d7</run_address>
         <size>0x261</size>
         <input_file_ref idref="fl-3"/>
      </object_component>
      <object_component id="oc-1be">
         <name>.debug_info</name>
         <load_address>0x6c38</load_address>
         <run_address>0x6c38</run_address>
         <size>0x760</size>
         <input_file_ref idref="fl-4"/>
      </object_component>
      <object_component id="oc-109">
         <name>.debug_info</name>
         <load_address>0x7398</load_address>
         <run_address>0x7398</run_address>
         <size>0xab4</size>
         <input_file_ref idref="fl-4"/>
      </object_component>
      <object_component id="oc-f2">
         <name>.debug_info</name>
         <load_address>0x7e4c</load_address>
         <run_address>0x7e4c</run_address>
         <size>0x2c</size>
         <input_file_ref idref="fl-4"/>
      </object_component>
      <object_component id="oc-1e1">
         <name>.debug_info</name>
         <load_address>0x7e78</load_address>
         <run_address>0x7e78</run_address>
         <size>0x5c0</size>
         <input_file_ref idref="fl-5"/>
      </object_component>
      <object_component id="oc-114">
         <name>.debug_info</name>
         <load_address>0x8438</load_address>
         <run_address>0x8438</run_address>
         <size>0x500</size>
         <input_file_ref idref="fl-5"/>
      </object_component>
      <object_component id="oc-fe">
         <name>.debug_info</name>
         <load_address>0x8938</load_address>
         <run_address>0x8938</run_address>
         <size>0x19c</size>
         <input_file_ref idref="fl-6"/>
      </object_component>
      <object_component id="oc-102">
         <name>.debug_info</name>
         <load_address>0x8ad4</load_address>
         <run_address>0x8ad4</run_address>
         <size>0x31a</size>
         <input_file_ref idref="fl-7"/>
      </object_component>
      <object_component id="oc-c6">
         <name>.debug_info</name>
         <load_address>0x8dee</load_address>
         <run_address>0x8dee</run_address>
         <size>0x6f1</size>
         <input_file_ref idref="fl-8"/>
      </object_component>
      <object_component id="oc-72">
         <name>.debug_info</name>
         <load_address>0x94df</load_address>
         <run_address>0x94df</run_address>
         <size>0x67c</size>
         <input_file_ref idref="fl-8"/>
      </object_component>
      <object_component id="oc-1da">
         <name>.debug_info</name>
         <load_address>0x9b5b</load_address>
         <run_address>0x9b5b</run_address>
         <size>0x3e5</size>
         <input_file_ref idref="fl-c3"/>
      </object_component>
      <object_component id="oc-1d6">
         <name>.debug_info</name>
         <load_address>0x9f40</load_address>
         <run_address>0x9f40</run_address>
         <size>0x157</size>
         <input_file_ref idref="fl-c3"/>
      </object_component>
      <object_component id="oc-1cf">
         <name>.debug_info</name>
         <load_address>0xa097</load_address>
         <run_address>0xa097</run_address>
         <size>0x166</size>
         <input_file_ref idref="fl-c3"/>
      </object_component>
      <object_component id="oc-10f">
         <name>.debug_info</name>
         <load_address>0xa1fd</load_address>
         <run_address>0xa1fd</run_address>
         <size>0x1ac</size>
         <input_file_ref idref="fl-c3"/>
      </object_component>
      <object_component id="oc-2b0">
         <name>.debug_info</name>
         <load_address>0xa3a9</load_address>
         <run_address>0xa3a9</run_address>
         <size>0xb2</size>
         <input_file_ref idref="fl-c3"/>
      </object_component>
      <object_component id="oc-287">
         <name>.debug_info</name>
         <load_address>0xa45b</load_address>
         <run_address>0xa45b</run_address>
         <size>0x590</size>
         <input_file_ref idref="fl-c4"/>
      </object_component>
      <object_component id="oc-252">
         <name>.debug_info</name>
         <load_address>0xa9eb</load_address>
         <run_address>0xa9eb</run_address>
         <size>0x21e</size>
         <input_file_ref idref="fl-c4"/>
      </object_component>
      <object_component id="oc-322">
         <name>.debug_info</name>
         <load_address>0xac09</load_address>
         <run_address>0xac09</run_address>
         <size>0x1b3</size>
         <input_file_ref idref="fl-c4"/>
      </object_component>
      <object_component id="oc-329">
         <name>.debug_info</name>
         <load_address>0xadbc</load_address>
         <run_address>0xadbc</run_address>
         <size>0x21b</size>
         <input_file_ref idref="fl-c4"/>
      </object_component>
      <object_component id="oc-25f">
         <name>.debug_info</name>
         <load_address>0xafd7</load_address>
         <run_address>0xafd7</run_address>
         <size>0x3c0</size>
         <input_file_ref idref="fl-c4"/>
      </object_component>
      <object_component id="oc-330">
         <name>.debug_info</name>
         <load_address>0xb397</load_address>
         <run_address>0xb397</run_address>
         <size>0x30a</size>
         <input_file_ref idref="fl-c4"/>
      </object_component>
      <object_component id="oc-336">
         <name>.debug_info</name>
         <load_address>0xb6a1</load_address>
         <run_address>0xb6a1</run_address>
         <size>0x215</size>
         <input_file_ref idref="fl-c4"/>
      </object_component>
      <object_component id="oc-264">
         <name>.debug_info</name>
         <load_address>0xb8b6</load_address>
         <run_address>0xb8b6</run_address>
         <size>0x215</size>
         <input_file_ref idref="fl-c4"/>
      </object_component>
      <object_component id="oc-26a">
         <name>.debug_info</name>
         <load_address>0xbacb</load_address>
         <run_address>0xbacb</run_address>
         <size>0x304</size>
         <input_file_ref idref="fl-c4"/>
      </object_component>
      <object_component id="oc-270">
         <name>.debug_info</name>
         <load_address>0xbdcf</load_address>
         <run_address>0xbdcf</run_address>
         <size>0x4b5</size>
         <input_file_ref idref="fl-c4"/>
      </object_component>
      <object_component id="oc-1c3">
         <name>.debug_info</name>
         <load_address>0xc284</load_address>
         <run_address>0xc284</run_address>
         <size>0x5f4</size>
         <input_file_ref idref="fl-c4"/>
      </object_component>
      <object_component id="oc-288">
         <name>.debug_info</name>
         <load_address>0xc878</load_address>
         <run_address>0xc878</run_address>
         <size>0x86</size>
         <input_file_ref idref="fl-c4"/>
      </object_component>
      <object_component id="oc-363">
         <name>.debug_info</name>
         <load_address>0xc8fe</load_address>
         <run_address>0xc8fe</run_address>
         <size>0x39</size>
         <input_file_ref idref="fl-c4"/>
      </object_component>
      <object_component id="oc-3e4">
         <name>.debug_info</name>
         <load_address>0xc937</load_address>
         <run_address>0xc937</run_address>
         <size>0xb6</size>
         <input_file_ref idref="fl-c4"/>
      </object_component>
      <object_component id="oc-368">
         <name>.debug_info</name>
         <load_address>0xc9ed</load_address>
         <run_address>0xc9ed</run_address>
         <size>0x46</size>
         <input_file_ref idref="fl-c4"/>
      </object_component>
      <object_component id="oc-28d">
         <name>.debug_info</name>
         <load_address>0xca33</load_address>
         <run_address>0xca33</run_address>
         <size>0x46</size>
         <input_file_ref idref="fl-c4"/>
      </object_component>
      <object_component id="oc-35e">
         <name>.debug_info</name>
         <load_address>0xca79</load_address>
         <run_address>0xca79</run_address>
         <size>0x2c</size>
         <input_file_ref idref="fl-c4"/>
      </object_component>
      <object_component id="oc-38d">
         <name>.debug_info</name>
         <load_address>0xcaa5</load_address>
         <run_address>0xcaa5</run_address>
         <size>0x383</size>
         <input_file_ref idref="fl-c5"/>
      </object_component>
      <object_component id="oc-2a8">
         <name>.debug_info</name>
         <load_address>0xce28</load_address>
         <run_address>0xce28</run_address>
         <size>0x1ea</size>
         <input_file_ref idref="fl-c5"/>
      </object_component>
      <object_component id="oc-38b">
         <name>.debug_info</name>
         <load_address>0xd012</load_address>
         <run_address>0xd012</run_address>
         <size>0x3fc</size>
         <input_file_ref idref="fl-c6"/>
      </object_component>
      <object_component id="oc-2a3">
         <name>.debug_info</name>
         <load_address>0xd40e</load_address>
         <run_address>0xd40e</run_address>
         <size>0x2e2</size>
         <input_file_ref idref="fl-c6"/>
      </object_component>
      <object_component id="oc-3f6">
         <name>.debug_info</name>
         <load_address>0xd6f0</load_address>
         <run_address>0xd6f0</run_address>
         <size>0x300</size>
         <input_file_ref idref="fl-c7"/>
      </object_component>
      <object_component id="oc-373">
         <name>.debug_info</name>
         <load_address>0xd9f0</load_address>
         <run_address>0xd9f0</run_address>
         <size>0x19c</size>
         <input_file_ref idref="fl-c7"/>
      </object_component>
      <object_component id="oc-432">
         <name>.debug_info</name>
         <load_address>0xdb8c</load_address>
         <run_address>0xdb8c</run_address>
         <size>0xbf</size>
         <input_file_ref idref="fl-c7"/>
      </object_component>
      <object_component id="oc-431">
         <name>.debug_info</name>
         <load_address>0xdc4b</load_address>
         <run_address>0xdc4b</run_address>
         <size>0x374</size>
         <input_file_ref idref="fl-c8"/>
      </object_component>
      <object_component id="oc-3f0">
         <name>.debug_info</name>
         <load_address>0xdfbf</load_address>
         <run_address>0xdfbf</run_address>
         <size>0x20b</size>
         <input_file_ref idref="fl-c8"/>
      </object_component>
      <object_component id="oc-3c7">
         <name>.debug_info</name>
         <load_address>0xe1ca</load_address>
         <run_address>0xe1ca</run_address>
         <size>0x295</size>
         <input_file_ref idref="fl-c9"/>
      </object_component>
      <object_component id="oc-33d">
         <name>.debug_info</name>
         <load_address>0xe45f</load_address>
         <run_address>0xe45f</run_address>
         <size>0x195</size>
         <input_file_ref idref="fl-c9"/>
      </object_component>
      <object_component id="oc-40c">
         <name>.debug_info</name>
         <load_address>0xe5f4</load_address>
         <run_address>0xe5f4</run_address>
         <size>0x39</size>
         <input_file_ref idref="fl-c9"/>
      </object_component>
      <object_component id="oc-3c8">
         <name>.debug_info</name>
         <load_address>0xe62d</load_address>
         <run_address>0xe62d</run_address>
         <size>0x2c</size>
         <input_file_ref idref="fl-c9"/>
      </object_component>
      <object_component id="oc-3d4">
         <name>.debug_info</name>
         <load_address>0xe659</load_address>
         <run_address>0xe659</run_address>
         <size>0x2f8</size>
         <input_file_ref idref="fl-ca"/>
      </object_component>
      <object_component id="oc-342">
         <name>.debug_info</name>
         <load_address>0xe951</load_address>
         <run_address>0xe951</run_address>
         <size>0x225</size>
         <input_file_ref idref="fl-ca"/>
      </object_component>
      <object_component id="oc-356">
         <name>.debug_info</name>
         <load_address>0xeb76</load_address>
         <run_address>0xeb76</run_address>
         <size>0x28f</size>
         <input_file_ref idref="fl-cb"/>
      </object_component>
      <object_component id="oc-27b">
         <name>.debug_info</name>
         <load_address>0xee05</load_address>
         <run_address>0xee05</run_address>
         <size>0x15a</size>
         <input_file_ref idref="fl-cb"/>
      </object_component>
      <object_component id="oc-3d9">
         <name>.debug_info</name>
         <load_address>0xef5f</load_address>
         <run_address>0xef5f</run_address>
         <size>0x46</size>
         <input_file_ref idref="fl-cb"/>
      </object_component>
      <object_component id="oc-351">
         <name>.debug_info</name>
         <load_address>0xefa5</load_address>
         <run_address>0xefa5</run_address>
         <size>0x39</size>
         <input_file_ref idref="fl-cb"/>
      </object_component>
      <object_component id="oc-31c">
         <name>.debug_info</name>
         <load_address>0xefde</load_address>
         <run_address>0xefde</run_address>
         <size>0x14c</size>
         <input_file_ref idref="fl-cc"/>
      </object_component>
      <object_component id="oc-258">
         <name>.debug_info</name>
         <load_address>0xf12a</load_address>
         <run_address>0xf12a</run_address>
         <size>0x128</size>
         <input_file_ref idref="fl-cd"/>
      </object_component>
      <object_component id="oc-309">
         <name>.debug_info</name>
         <load_address>0xf252</load_address>
         <run_address>0xf252</run_address>
         <size>0x12a</size>
         <input_file_ref idref="fl-cd"/>
      </object_component>
      <object_component id="oc-302">
         <name>.debug_info</name>
         <load_address>0xf37c</load_address>
         <run_address>0xf37c</run_address>
         <size>0x13a</size>
         <input_file_ref idref="fl-ce"/>
      </object_component>
      <object_component id="oc-2fe">
         <name>.debug_info</name>
         <load_address>0xf4b6</load_address>
         <run_address>0xf4b6</run_address>
         <size>0x13a</size>
         <input_file_ref idref="fl-cf"/>
      </object_component>
      <object_component id="oc-30c">
         <name>.debug_info</name>
         <load_address>0xf5f0</load_address>
         <run_address>0xf5f0</run_address>
         <size>0x12e</size>
         <input_file_ref idref="fl-d0"/>
      </object_component>
      <object_component id="oc-317">
         <name>.debug_info</name>
         <load_address>0xf71e</load_address>
         <run_address>0xf71e</run_address>
         <size>0x12c</size>
         <input_file_ref idref="fl-d1"/>
      </object_component>
      <object_component id="oc-3d">
         <name>.debug_info</name>
         <load_address>0xf84a</load_address>
         <run_address>0xf84a</run_address>
         <size>0x119</size>
         <input_file_ref idref="fl-d2"/>
      </object_component>
      <object_component id="oc-2f7">
         <name>.debug_info</name>
         <load_address>0xf963</load_address>
         <run_address>0xf963</run_address>
         <size>0x134</size>
         <input_file_ref idref="fl-d3"/>
      </object_component>
      <object_component id="oc-97">
         <name>.debug_info</name>
         <load_address>0xfa97</load_address>
         <run_address>0xfa97</run_address>
         <size>0x147</size>
         <input_file_ref idref="fl-d4"/>
      </object_component>
      <object_component id="oc-93">
         <name>.debug_info</name>
         <load_address>0xfbde</load_address>
         <run_address>0xfbde</run_address>
         <size>0x2d4</size>
         <input_file_ref idref="fl-d5"/>
      </object_component>
      <object_component id="oc-4d">
         <name>.debug_info</name>
         <load_address>0xfeb2</load_address>
         <run_address>0xfeb2</run_address>
         <size>0x1b5</size>
         <input_file_ref idref="fl-d5"/>
      </object_component>
      <object_component id="oc-8e">
         <name>.debug_info</name>
         <load_address>0x10067</load_address>
         <run_address>0x10067</run_address>
         <size>0x46</size>
         <input_file_ref idref="fl-d5"/>
      </object_component>
      <object_component id="oc-45">
         <name>.debug_info</name>
         <load_address>0x100ad</load_address>
         <run_address>0x100ad</run_address>
         <size>0x2a8</size>
         <input_file_ref idref="fl-d6"/>
      </object_component>
      <object_component id="oc-1e">
         <name>.debug_info</name>
         <load_address>0x10355</load_address>
         <run_address>0x10355</run_address>
         <size>0x1ea</size>
         <input_file_ref idref="fl-d6"/>
      </object_component>
      <object_component id="oc-40">
         <name>.debug_info</name>
         <load_address>0x1053f</load_address>
         <run_address>0x1053f</run_address>
         <size>0x46</size>
         <input_file_ref idref="fl-d6"/>
      </object_component>
      <object_component id="oc-86">
         <name>.debug_info</name>
         <load_address>0x10585</load_address>
         <run_address>0x10585</run_address>
         <size>0x2c</size>
         <input_file_ref idref="fl-d6"/>
      </object_component>
      <object_component id="oc-84">
         <name>.debug_info</name>
         <load_address>0x105b1</load_address>
         <run_address>0x105b1</run_address>
         <size>0x29e</size>
         <input_file_ref idref="fl-d7"/>
      </object_component>
      <object_component id="oc-1b">
         <name>.debug_info</name>
         <load_address>0x1084f</load_address>
         <run_address>0x1084f</run_address>
         <size>0x250</size>
         <input_file_ref idref="fl-d7"/>
      </object_component>
      <object_component id="oc-30">
         <name>.debug_info</name>
         <load_address>0x10a9f</load_address>
         <run_address>0x10a9f</run_address>
         <size>0x60</size>
         <input_file_ref idref="fl-d7"/>
      </object_component>
      <object_component id="oc-eb">
         <name>.debug_info</name>
         <load_address>0x10aff</load_address>
         <run_address>0x10aff</run_address>
         <size>0x46</size>
         <input_file_ref idref="fl-d7"/>
      </object_component>
      <object_component id="oc-7f">
[...]
         <value>0x3047</value>
         <object_component_ref idref="oc-3a"/>
      </symbol>
      <symbol id="sm-528">
         <name>__aeabi_memcpy4</name>
         <value>0x3047</value>
         <object_component_ref idref="oc-3a"/>
      </symbol>
      <symbol id="sm-535">
         <name>__aeabi_uldivmod</name>
         <value>0x30e3</value>
         <object_component_ref idref="oc-2f5"/>
      </symbol>
      <symbol id="sm-544">
         <name>__aeabi_memset</name>
         <value>0x3313</value>
         <object_component_ref idref="oc-94"/>
      </symbol>
      <symbol id="sm-545">
         <name>memset</name>
         <value>0x3319</value>
         <object_component_ref idref="oc-94"/>
      </symbol>
      <symbol id="sm-546">
         <name>__aeabi_memset8</name>
         <value>0x3313</value>
         <object_component_ref idref="oc-94"/>
      </symbol>
      <symbol id="sm-547">
         <name>__aeabi_memset4</name>
         <value>0x3313</value>
         <object_component_ref idref="oc-94"/>
      </symbol>
      <symbol id="sm-548">
         <name>__aeabi_memclr8</name>
         <value>0x3311</value>
         <object_component_ref idref="oc-94"/>
      </symbol>
      <symbol id="sm-549">
         <name>__aeabi_memclr4</name>
         <value>0x3311</value>
         <object_component_ref idref="oc-94"/>
      </symbol>
      <symbol id="sm-54a">
         <name>__aeabi_memclr</name>
         <value>0x3311</value>
         <object_component_ref idref="oc-94"/>
      </symbol>
      <symbol id="sm-55c">
         <name>__TI_zero_init</name>
         <value>0x429f</value>
         <object_component_ref idref="oc-4c"/>
      </symbol>
      <symbol id="sm-573">
         <name>__TI_decompress_none</name>
         <value>0x4283</value>
         <object_component_ref idref="oc-1d"/>
      </symbol>
      <symbol id="sm-596">
         <name>__TI_decompress_lzss</name>
         <value>0x3625</value>
         <object_component_ref idref="oc-17"/>
      </symbol>
      <symbol id="sm-5bc">
         <name>C$$EXIT</name>
         <value>0x42c9</value>
         <object_component_ref idref="oc-12d"/>
      </symbol>
      <symbol id="sm-5bd">
         <name>abort</name>
         <value>0x42c9</value>
         <object_component_ref idref="oc-12d"/>
      </symbol>
      <symbol id="sm-5be">
         <name>__TI_dtors_ptr</name>
         <value>0x20002038</value>
         <object_component_ref idref="oc-1f6"/>
      </symbol>
      <symbol id="sm-5bf">
         <name>__TI_cleanup_ptr</name>
         <value>0x20002034</value>
         <object_component_ref idref="oc-1f6"/>
      </symbol>
      <symbol id="sm-5c0">
         <name>__TI_enable_exit_profile_output</name>
         <value>0x2000203c</value>
         <object_component_ref idref="oc-1f6"/>
      </symbol>
      <symbol id="sm-5c1">
         <name>exit</name>
         <value>0x3ce1</value>
         <object_component_ref idref="oc-133"/>
      </symbol>
      <symbol id="sm-5d6">
         <name>_nop</name>
         <value>0xb33</value>
         <object_component_ref idref="oc-292"/>
      </symbol>
      <symbol id="sm-5d7">
         <name>_lock</name>
         <value>0x20002040</value>
         <object_component_ref idref="oc-1c7"/>
      </symbol>
      <symbol id="sm-5d8">
         <name>_unlock</name>
         <value>0x20002044</value>
         <object_component_ref idref="oc-1c7"/>
      </symbol>
      <symbol id="sm-5e7">
         <name>__TI_ltoa</name>
         <value>0x3b59</value>
         <object_component_ref idref="oc-310"/>
      </symbol>
      <symbol id="sm-5fd">
         <name>atoi</name>
         <value>0x3c4d</value>
         <object_component_ref idref="oc-24b"/>
      </symbol>
      <symbol id="sm-608">
         <name>_ctypes_</name>
         <value>0x42cc</value>
         <object_component_ref idref="oc-2f0"/>
      </symbol>
      <symbol id="sm-61d">
         <name>__TI_tmpnams</name>
         <value>0x20001920</value>
      </symbol>
      <symbol id="sm-61e">
         <name>__aeabi_stdout</name>
         <value>0x2000202c</value>
         <object_component_ref idref="oc-46d"/>
      </symbol>
      <symbol id="sm-61f">
         <name>__aeabi_stderr</name>
         <value>0x20002030</value>
         <object_component_ref idref="oc-46d"/>
      </symbol>
      <symbol id="sm-620">
         <name>__aeabi_stdin</name>
         <value>0x20002028</value>
         <object_component_ref idref="oc-46d"/>
      </symbol>
      <symbol id="sm-621">
         <name>_ftable</name>
         <value>0x20001dd8</value>
         <object_component_ref idref="oc-1ca"/>
      </symbol>
      <symbol id="sm-622">
         <name>__TI_ft_end</name>
         <value>0x20002024</value>
         <object_component_ref idref="oc-46d"/>
      </symbol>
      <symbol id="sm-633">
         <name>ltoa</name>
         <value>0x34e1</value>
         <object_component_ref idref="oc-1b7"/>
      </symbol>
      <symbol id="sm-643">
         <name>memccpy</name>
         <value>0x4199</value>
         <object_component_ref idref="oc-274"/>
      </symbol>
      <symbol id="sm-653">
         <name>memchr</name>
         <value>0x415b</value>
         <object_component_ref idref="oc-378"/>
      </symbol>
      <symbol id="sm-6dc">
         <name>_sys_memory</name>
         <value>0x200019d8</value>
         <object_component_ref idref="oc-29"/>
      </symbol>
      <symbol id="sm-6dd">
         <name>free</name>
         <value>0x2dd5</value>
         <object_component_ref idref="oc-41e"/>
      </symbol>
      <symbol id="sm-6de">
         <name>memalign</name>
         <value>0x2bd9</value>
         <object_component_ref idref="oc-460"/>
      </symbol>
      <symbol id="sm-6df">
         <name>malloc</name>
         <value>0x42b5</value>
         <object_component_ref idref="oc-424"/>
      </symbol>
      <symbol id="sm-6e0">
         <name>aligned_alloc</name>
         <value>0x2bd9</value>
         <object_component_ref idref="oc-460"/>
      </symbol>
      <symbol id="sm-6f0">
         <name>strchr</name>
         <value>0x41ff</value>
         <object_component_ref idref="oc-347"/>
      </symbol>
      <symbol id="sm-6fe">
         <name>strcpy</name>
         <value>0x4229</value>
         <object_component_ref idref="oc-23b"/>
      </symbol>
      <symbol id="sm-70c">
         <name>strlen</name>
         <value>0x423d</value>
         <object_component_ref idref="oc-245"/>
      </symbol>
      <symbol id="sm-71f">
         <name>strstr</name>
         <value>0x4001</value>
         <object_component_ref idref="oc-1b1"/>
      </symbol>
      <symbol id="sm-735">
         <name>__aeabi_errno_addr</name>
         <value>0x42ad</value>
         <object_component_ref idref="oc-280"/>
      </symbol>
      <symbol id="sm-736">
         <name>errno</name>
         <value>0x20002054</value>
         <object_component_ref idref="oc-357"/>
      </symbol>
      <symbol id="sm-749">
         <name>__stack</name>
         <value>0x2000fc00</value>
         <object_component_ref idref="oc-2c"/>
      </symbol>
      <symbol id="sm-74a">
         <name>_c_int00_noargs</name>
         <value>0x3fcd</value>
         <object_component_ref idref="oc-58"/>
      </symbol>
      <symbol id="sm-764">
         <name>write</name>
         <value>0x4111</value>
         <object_component_ref idref="oc-384"/>
      </symbol>
      <symbol id="sm-775">
         <name>_stream</name>
         <value>0x20001f40</value>
         <object_component_ref idref="oc-3fb"/>
      </symbol>
      <symbol id="sm-776">
         <name>_device</name>
         <value>0x20001ec8</value>
         <object_component_ref idref="oc-43d"/>
      </symbol>
      <symbol id="sm-786">
         <name>__TI_doflush</name>
         <value>0x3bff</value>
         <object_component_ref idref="oc-37e"/>
      </symbol>
      <symbol id="sm-796">
         <name>__TI_cleanup</name>
         <value>0x3f65</value>
         <object_component_ref idref="oc-42a"/>
      </symbol>
      <symbol id="sm-7a8">
         <name>fseek</name>
         <value>0x37bd</value>
         <object_component_ref idref="oc-3e9"/>
      </symbol>
      <symbol id="sm-7b2">
         <name>copysign</name>
         <value>0x41b5</value>
         <object_component_ref idref="oc-3cd"/>
      </symbol>
      <symbol id="sm-7b3">
         <name>copysignl</name>
         <value>0x41b5</value>
         <object_component_ref idref="oc-3cd"/>
      </symbol>
      <symbol id="sm-7bd">
         <name>__aeabi_idiv0</name>
         <value>0x229b</value>
         <object_component_ref idref="oc-3b4"/>
      </symbol>
      <symbol id="sm-7be">
         <name>__aeabi_ldiv0</name>
         <value>0x229b</value>
         <object_component_ref idref="oc-3b4"/>
      </symbol>
      <symbol id="sm-7e6">
         <name>__TI_auto_init_nobinit_nopinit</name>
         <value>0x3df9</value>
         <object_component_ref idref="oc-139"/>
      </symbol>
      <symbol id="sm-7f0">
         <name>_system_pre_init</name>
         <value>0x42c5</value>
         <object_component_ref idref="oc-9a"/>
      </symbol>
      <symbol id="sm-803">
         <name>HOSTclose</name>
         <value>0x3d71</value>
         <object_component_ref idref="oc-479"/>
      </symbol>
      <symbol id="sm-814">
         <name>HOSTlseek</name>
         <value>0x35bd</value>
         <object_component_ref idref="oc-48b"/>
      </symbol>
      <symbol id="sm-826">
         <name>parmbuf</name>
         <value>0x200019c0</value>
      </symbol>
      <symbol id="sm-827">
         <name>HOSTopen</name>
         <value>0x3885</value>
         <object_component_ref idref="oc-473"/>
      </symbol>
      <symbol id="sm-838">
         <name>HOSTread</name>
         <value>0x39fd</value>
         <object_component_ref idref="oc-47f"/>
      </symbol>
      <symbol id="sm-849">
         <name>HOSTrename</name>
         <value>0x3551</value>
         <object_component_ref idref="oc-497"/>
      </symbol>
      <symbol id="sm-85a">
         <name>HOSTunlink</name>
         <value>0x3db5</value>
         <object_component_ref idref="oc-491"/>
      </symbol>
      <symbol id="sm-86b">
         <name>HOSTwrite</name>
         <value>0x3a55</value>
         <object_component_ref idref="oc-485"/>
      </symbol>
      <symbol id="sm-88f">
         <name>__TI_readmsg</name>
         <value>0x3f99</value>
         <object_component_ref idref="oc-4c6"/>
      </symbol>
      <symbol id="sm-890">
         <name>C$$IO$$</name>
         <value>0x3eef</value>
         <object_component_ref idref="oc-4c0"/>
      </symbol>
      <symbol id="sm-891">
         <name>__CIOBUF_</name>
         <value>0x20001800</value>
         <object_component_ref idref="oc-4eb"/>
      </symbol>
      <symbol id="sm-892">
         <name>__TI_writemsg</name>
         <value>0x3ec1</value>
         <object_component_ref idref="oc-4c0"/>
      </symbol>
      <symbol id="sm-8a3">
         <name>lseek</name>
         <value>0x40e9</value>
         <object_component_ref idref="oc-416"/>
      </symbol>
      <symbol id="sm-8b8">
         <name>__TI_closefile</name>
         <value>0x338d</value>
         <object_component_ref idref="oc-467"/>
      </symbol>
      <symbol id="sm-8db">
         <name>finddevice</name>
         <value>0x4035</value>
         <object_component_ref idref="oc-507"/>
      </symbol>
      <symbol id="sm-8dc">
         <name>getdevice</name>
         <value>0x3e3d</value>
         <object_component_ref idref="oc-4e1"/>
      </symbol>
      <symbol id="sm-8eb">
         <name>strcmp</name>
         <value>0x41e7</value>
         <object_component_ref idref="oc-51c"/>
      </symbol>
      <symbol id="sm-8fb">
         <name>strncpy</name>
         <value>0x3ef9</value>
         <object_component_ref idref="oc-501"/>
      </symbol>
      <symbol id="sm-910">
         <name>close</name>
         <value>0x3945</value>
         <object_component_ref idref="oc-4af"/>
      </symbol>
      <symbol id="sm-920">
         <name>unlink</name>
         <value>0x4095</value>
         <object_component_ref idref="oc-4b5"/>
      </symbol>
      <symbol id="sm-954">
         <name>CS_setDCOCenteredFrequency</name>
         <value>0x3f31</value>
         <object_component_ref idref="oc-1a9"/>
      </symbol>
      <symbol id="sm-963">
         <name>FlashCtl_setWaitState</name>
         <value>0x3c99</value>
         <object_component_ref idref="oc-19d"/>
      </symbol>
      <symbol id="sm-9e2">
         <name>PCM_setCoreVoltageLevel</name>
         <value>0x4263</value>
         <object_component_ref idref="oc-1a3"/>
      </symbol>
      <symbol id="sm-9e3">
         <name>PCM_getCoreVoltageLevel</name>
         <value>0x38e5</value>
         <object_component_ref idref="oc-2d5"/>
      </symbol>
      <symbol id="sm-9e4">
         <name>PCM_getPowerMode</name>
         <value>0x39a1</value>
         <object_component_ref idref="oc-2cf"/>
      </symbol>
      <symbol id="sm-9e5">
         <name>PCM_getPowerState</name>
         <value>0x4215</value>
         <object_component_ref idref="oc-2db"/>
      </symbol>
      <symbol id="sm-9e6">
         <name>PCM_setPowerMode</name>
         <value>0x4273</value>
         <object_component_ref idref="oc-2e1"/>
      </symbol>
      <symbol id="sm-a21">
         <name>UART_getEnabledInterruptStatus</name>
         <value>0x36f5</value>
         <object_component_ref idref="oc-bf"/>
      </symbol>
      <symbol id="sm-a22">
         <name>UART_getInterruptStatus</name>
         <value>0x41cf</value>
         <object_component_ref idref="oc-17b"/>
      </symbol>
      <symbol id="sm-a23">
         <name>UART_initModule</name>
         <value>0x2791</value>
         <object_component_ref idref="oc-b9"/>
      </symbol>
      <symbol id="sm-a26">
         <name>__TI_static_base__</name>
         <value>0x0</value>
      </symbol>
      <symbol id="sm-a29">
         <name>__mpu_init</name>
         <value>0x0</value>
      </symbol>
      <symbol id="sm-a2a">
         <name>_system_post_cinit</name>
         <value>0x0</value>
      </symbol>
      <symbol id="sm-a2b">
         <name>NMI_Handler</name>
         <value>0x429d</value>
      </symbol>
      <symbol id="sm-a2c">
         <name>HardFault_Handler</name>
         <value>0x429d</value>
      </symbol>
      <symbol id="sm-a2d">
         <name>MemManage_Handler</name>
         <value>0x429d</value>
      </symbol>
      <symbol id="sm-a2e">
         <name>BusFault_Handler</name>
         <value>0x429d</value>
      </symbol>
      <symbol id="sm-a2f">
         <name>UsageFault_Handler</name>
         <value>0x429d</value>
      </symbol>
      <symbol id="sm-a30">
         <name>SVC_Handler</name>
         <value>0x429d</value>
      </symbol>
      <symbol id="sm-a31">
         <name>DebugMon_Handler</name>
         <value>0x429d</value>
      </symbol>
      <symbol id="sm-a32">
         <name>PendSV_Handler</name>
         <value>0x429d</value>
      </symbol>
      <symbol id="sm-a33">
         <name>SysTick_Handler</name>
         <value>0x429d</value>
      </symbol>
      <symbol id="sm-a34">
         <name>PSS_IRQHandler</name>
         <value>0x429d</value>
      </symbol>
      <symbol id="sm-a35">
         <name>CS_IRQHandler</name>
         <value>0x429d</value>
      </symbol>
      <symbol id="sm-a36">
         <name>PCM_IRQHandler</name>
         <value>0x429d</value>
      </symbol>
      <symbol id="sm-a37">
         <name>WDT_A_IRQHandler</name>
         <value>0x429d</value>
      </symbol>
      <symbol id="sm-a38">
         <name>FPU_IRQHandler</name>
         <value>0x429d</value>
      </symbol>
      <symbol id="sm-a39">
         <name>FLCTL_IRQHandler</name>
         <value>0x429d</value>
      </symbol>
      <symbol id="sm-a3a">
         <name>COMP_E0_IRQHandler</name>
         <value>0x429d</value>
      </symbol>
      <symbol id="sm-a3b">
         <name>COMP_E1_IRQHandler</name>
         <value>0x429d</value>
      </symbol>
      <symbol id="sm-a3c">
         <name>TA0_0_IRQHandler</name>
         <value>0x429d</value>
      </symbol>
      <symbol id="sm-a3d">
         <name>TA0_N_IRQHandler</name>
         <value>0x429d</value>
      </symbol>
      <symbol id="sm-a3e">
         <name>TA1_0_IRQHandler</name>
         <value>0x429d</value>
      </symbol>
      <symbol id="sm-a3f">
         <name>TA1_N_IRQHandler</name>
         <value>0x429d</value>
      </symbol>
      <symbol id="sm-a40">
         <name>TA2_0_IRQHandler</name>
         <value>0x429d</value>
      </symbol>
      <symbol id="sm-a41">
         <name>TA2_N_IRQHandler</name>
         <value>0x429d</value>
      </symbol>
      <symbol id="sm-a42">
         <name>TA3_0_IRQHandler</name>
         <value>0x429d</value>
      </symbol>
      <symbol id="sm-a43">
         <name>TA3_N_IRQHandler</name>
         <value>0x429d</value>
      </symbol>
      <symbol id="sm-a44">
         <name>EUSCIA0_IRQHandler</name>
         <value>0x164d</value>
      </symbol>
      <symbol id="sm-a45">
         <name>EUSCIA1_IRQHandler</name>
         <value>0x429d</value>
      </symbol>
      <symbol id="sm-a46">
         <name>EUSCIA2_IRQHandler</name>
         <value>0x16c9</value>
      </symbol>
      <symbol id="sm-a47">
         <name>EUSCIA3_IRQHandler</name>
         <value>0x429d</value>
      </symbol>
      <symbol id="sm-a48">
         <name>EUSCIB0_IRQHandler</name>
         <value>0x429d</value>
      </symbol>
      <symbol id="sm-a49">
         <name>EUSCIB1_IRQHandler</name>
         <value>0x429d</value>
      </symbol>
      <symbol id="sm-a4a">
         <name>EUSCIB2_IRQHandler</name>
         <value>0x429d</value>
      </symbol>
      <symbol id="sm-a4b">
         <name>EUSCIB3_IRQHandler</name>
         <value>0x429d</value>
      </symbol>
      <symbol id="sm-a4c">
         <name>ADC14_IRQHandler</name>
         <value>0x429d</value>
      </symbol>
      <symbol id="sm-a4d">
         <name>T32_INT1_IRQHandler</name>
         <value>0x429d</value>
      </symbol>
      <symbol id="sm-a4e">
         <name>T32_INT2_IRQHandler</name>
         <value>0x429d</value>
      </symbol>
      <symbol id="sm-a4f">
         <name>T32_INTC_IRQHandler</name>
         <value>0x429d</value>
      </symbol>
      <symbol id="sm-a50">
         <name>AES256_IRQHandler</name>
         <value>0x429d</value>
      </symbol>
      <symbol id="sm-a51">
         <name>RTC_C_IRQHandler</name>
         <value>0x429d</value>
      </symbol>
      <symbol id="sm-a52">
         <name>DMA_ERR_IRQHandler</name>
         <value>0x429d</value>
      </symbol>
      <symbol id="sm-a53">
         <name>DMA_INT3_IRQHandler</name>
         <value>0x429d</value>
      </symbol>
      <symbol id="sm-a54">
         <name>DMA_INT2_IRQHandler</name>
         <value>0x429d</value>
      </symbol>
      <symbol id="sm-a55">
         <name>DMA_INT1_IRQHandler</name>
         <value>0x429d</value>
      </symbol>
      <symbol id="sm-a56">
         <name>DMA_INT0_IRQHandler</name>
         <value>0x429d</value>
      </symbol>
      <symbol id="sm-a57">
         <name>PORT1_IRQHandler</name>
         <value>0x429d</value>
      </symbol>
      <symbol id="sm-a58">
         <name>PORT2_IRQHandler</name>
         <value>0x429d</value>
      </symbol>
      <symbol id="sm-a59">
         <name>PORT3_IRQHandler</name>
         <value>0x429d</value>
      </symbol>
      <symbol id="sm-a5a">
         <name>PORT4_IRQHandler</name>
         <value>0x429d</value>
      </symbol>
      <symbol id="sm-a5b">
         <name>PORT5_IRQHandler</name>
         <value>0x429d</value>
      </symbol>
      <symbol id="sm-a5c">
         <name>PORT6_IRQHandler</name>
         <value>0x429d</value>
      </symbol>
      <symbol id="sm-a5d">
         <name>remove</name>
         <value>0x4095</value>
      </symbol>
   </symbol_table>
   <title>Link successful</title>
</link_info>
