<?xml version="1.0" encoding="ISO-8859-1" ?>
<link_info>
   <banner>TI ARM Linker Unix v20.2.5.LTS</banner>
   <copyright>Copyright (c) 1996-2018 Texas Instruments Incorporated</copyright>
   <link_time>0x61eed873</link_time>
   <link_errors>0x0</link_errors>
   <output_file>ESP8266.out</output_file>
   <entry_point>
      <name>_c_int00_noargs</name>
      <address>0x58cd</address>
   </entry_point>
   <input_file_list>
      <input_file id="fl-2">
         <path>./</path>
         <kind>object</kind>
         <file>main.obj</file>
         <name>main.obj</name>
      </input_file>
      <input_file id="fl-3">
         <path>./</path>
         <kind>object</kind>
         <file>startup_msp432p401r_ccs.obj</file>
         <name>startup_msp432p401r_ccs.obj</name>
      </input_file>
      <input_file id="fl-4">
         <path>./</path>
         <kind>object</kind>
         <file>system_msp432p401r.obj</file>
         <name>system_msp432p401r.obj</name>
      </input_file>
      <input_file id="fl-5">
         <path>./Devices/</path>
         <kind>object</kind>
         <file>ESP8266.obj</file>
         <name>ESP8266.obj</name>
      </input_file>
      <input_file id="fl-6">
         <path>./Devices/</path>
         <kind>object</kind>
         <file>MSPIO.obj</file>
         <name>MSPIO.obj</name>
      </input_file>
      <input_file id="fl-7">
         <path>./Hardware/</path>
         <kind>object</kind>
         <file>CS_Driver.obj</file>
         <name>CS_Driver.obj</name>
      </input_file>
      <input_file id="fl-8">
         <path>./Hardware/</path>
         <kind>object</kind>
         <file>GPIO_Driver.obj</file>
         <name>GPIO_Driver.obj</name>
      </input_file>
      <input_file id="fl-9">
         <path>./Hardware/</path>
         <kind>object</kind>
         <file>UART_Driver.obj</file>
         <name>UART_Driver.obj</name>
      </input_file>
      <input_file id="fl-a">
         <path>./LcdDriver/</path>
         <kind>object</kind>
         <file>Crystalfontz128x128_ST7735.obj</file>
         <name>Crystalfontz128x128_ST7735.obj</name>
      </input_file>
      <input_file id="fl-b">
         <path>./LcdDriver/</path>
         <kind>object</kind>
         <file>HAL_MSP_EXP432P401R_Crystalfontz128x128_ST7735.obj</file>
         <name>HAL_MSP_EXP432P401R_Crystalfontz128x128_ST7735.obj</name>
      </input_file>
      <input_file id="fl-16">
         <kind>object</kind>
         <file>&lt;internal&gt;</file>
         <name>&lt;internal&gt;</name>
      </input_file>
      <input_file id="fl-17">
         <path>/Users/eric/Downloads/simplelink_msp432p4_sdk_3_40_01_02/source/ti/devices/msp432p4xx/driverlib/ccs/</path>
         <kind>archive</kind>
         <file>msp432p4xx_driverlib.lib</file>
         <name>adc14.o</name>
      </input_file>
      <input_file id="fl-18">
         <path>/Users/eric/Downloads/simplelink_msp432p4_sdk_3_40_01_02/source/ti/devices/msp432p4xx/driverlib/ccs/</path>
         <kind>archive</kind>
         <file>msp432p4xx_driverlib.lib</file>
         <name>cs.o</name>
      </input_file>
      <input_file id="fl-19">
         <path>/Users/eric/Downloads/simplelink_msp432p4_sdk_3_40_01_02/source/ti/devices/msp432p4xx/driverlib/ccs/</path>
         <kind>archive</kind>
         <file>msp432p4xx_driverlib.lib</file>
         <name>flash.o</name>
      </input_file>
      <input_file id="fl-1a">
         <path>/Users/eric/Downloads/simplelink_msp432p4_sdk_3_40_01_02/source/ti/devices/msp432p4xx/driverlib/ccs/</path>
         <kind>archive</kind>
         <file>msp432p4xx_driverlib.lib</file>
         <name>gpio.o</name>
      </input_file>
      <input_file id="fl-1b">
         <path>/Users/eric/Downloads/simplelink_msp432p4_sdk_3_40_01_02/source/ti/devices/msp432p4xx/driverlib/ccs/</path>
         <kind>archive</kind>
         <file>msp432p4xx_driverlib.lib</file>
         <name>interrupt.o</name>
      </input_file>
      <input_file id="fl-1c">
         <path>/Users/eric/Downloads/simplelink_msp432p4_sdk_3_40_01_02/source/ti/devices/msp432p4xx/driverlib/ccs/</path>
         <kind>archive</kind>
         <file>msp432p4xx_driverlib.lib</file>
         <name>pcm.o</name>
      </input_file>
      <input_file id="fl-1d">
         <path>/Users/eric/Downloads/simplelink_msp432p4_sdk_3_40_01_02/source/ti/devices/msp432p4xx/driverlib/ccs/</path>
         <kind>archive</kind>
         <file>msp432p4xx_driverlib.lib</file>
         <name>rtc_c.o</name>
      </input_file>
      <input_file id="fl-1e">
         <path>/Users/eric/Downloads/simplelink_msp432p4_sdk_3_40_01_02/source/ti/devices/msp432p4xx/driverlib/ccs/</path>
         <kind>archive</kind>
         <file>msp432p4xx_driverlib.lib</file>
         <name>spi.o</name>
      </input_file>
      <input_file id="fl-1f">
         <path>/Users/eric/Downloads/simplelink_msp432p4_sdk_3_40_01_02/source/ti/devices/msp432p4xx/driverlib/ccs/</path>
         <kind>archive</kind>
         <file>msp432p4xx_driverlib.lib</file>
         <name>sysctl.o</name>
      </input_file>
      <input_file id="fl-20">
         <path>/Users/eric/Downloads/simplelink_msp432p4_sdk_3_40_01_02/source/ti/devices/msp432p4xx/driverlib/ccs/</path>
         <kind>archive</kind>
         <file>msp432p4xx_driverlib.lib</file>
         <name>sysctl_a.o</name>
      </input_file>
      <input_file id="fl-21">
         <path>/Users/eric/Downloads/simplelink_msp432p4_sdk_3_40_01_02/source/ti/devices/msp432p4xx/driverlib/ccs/</path>
         <kind>archive</kind>
         <file>msp432p4xx_driverlib.lib</file>
         <name>timer32.o</name>
      </input_file>
      <input_file id="fl-22">
         <path>/Users/eric/Downloads/simplelink_msp432p4_sdk_3_40_01_02/source/ti/devices/msp432p4xx/driverlib/ccs/</path>
         <kind>archive</kind>
         <file>msp432p4xx_driverlib.lib</file>
         <name>uart.o</name>
      </input_file>
      <input_file id="fl-23">
         <path>/Users/eric/Downloads/simplelink_msp432p4_sdk_3_40_01_02/source/ti/devices/msp432p4xx/driverlib/ccs/</path>
         <kind>archive</kind>
         <file>msp432p4xx_driverlib.lib</file>
         <name>wdt_a.o</name>
      </input_file>
      <input_file id="fl-24">
         <path>/Users/eric/Downloads/simplelink_msp432p4_sdk_3_40_01_02/source/ti/devices/msp432p4xx/driverlib/ccs/</path>
         <kind>archive</kind>
         <file>msp432p4xx_driverlib.lib</file>
         <name>cpu.o</name>
      </input_file>
      <input_file id="fl-25">
         <path>/Users/eric/Downloads/simplelink_msp432p4_sdk_3_40_01_02/source/ti/grlib/lib/ccs/m4f/</path>
         <kind>archive</kind>
         <file>grlib.a</file>
         <name>context.obj</name>
      </input_file>
      <input_file id="fl-26">
         <path>/Users/eric/Downloads/simplelink_msp432p4_sdk_3_40_01_02/source/ti/grlib/lib/ccs/m4f/</path>
         <kind>archive</kind>
         <file>grlib.a</file>
         <name>display.obj</name>
      </input_file>
      <input_file id="fl-27">
         <path>/Users/eric/Downloads/simplelink_msp432p4_sdk_3_40_01_02/source/ti/grlib/lib/ccs/m4f/</path>
         <kind>archive</kind>
         <file>grlib.a</file>
         <name>fontcmtt40.obj</name>
      </input_file>
      <input_file id="fl-28">
         <path>/Users/eric/Downloads/simplelink_msp432p4_sdk_3_40_01_02/source/ti/grlib/lib/ccs/m4f/</path>
         <kind>archive</kind>
         <file>grlib.a</file>
         <name>line.obj</name>
      </input_file>
      <input_file id="fl-de">
         <path>/Applications/ti/ccs1040/ccs/tools/compiler/ti-cgt-arm_20.2.5.LTS/lib/</path>
         <kind>archive</kind>
         <file>rtsv7M4_T_le_v4SPD16_eabi.lib</file>
         <name>printf.c.obj</name>
      </input_file>
      <input_file id="fl-df">
         <path>/Applications/ti/ccs1040/ccs/tools/compiler/ti-cgt-arm_20.2.5.LTS/lib/</path>
         <kind>archive</kind>
         <file>rtsv7M4_T_le_v4SPD16_eabi.lib</file>
         <name>_printfi.c.obj</name>
      </input_file>
      <input_file id="fl-e0">
         <path>/Applications/ti/ccs1040/ccs/tools/compiler/ti-cgt-arm_20.2.5.LTS/lib/</path>
         <kind>archive</kind>
         <file>rtsv7M4_T_le_v4SPD16_eabi.lib</file>
         <name>sprintf.c.obj</name>
      </input_file>
      <input_file id="fl-e1">
         <path>/Applications/ti/ccs1040/ccs/tools/compiler/ti-cgt-arm_20.2.5.LTS/lib/</path>
         <kind>archive</kind>
         <file>rtsv7M4_T_le_v4SPD16_eabi.lib</file>
         <name>fputc.c.obj</name>
      </input_file>
      <input_file id="fl-e2">
         <path>/Applications/ti/ccs1040/ccs/tools/compiler/ti-cgt-arm_20.2.5.LTS/lib/</path>
         <kind>archive</kind>
         <file>rtsv7M4_T_le_v4SPD16_eabi.lib</file>
         <name>fputs.c.obj</name>
      </input_file>
      <input_file id="fl-e3">
         <path>/Applications/ti/ccs1040/ccs/tools/compiler/ti-cgt-arm_20.2.5.LTS/lib/</path>
         <kind>archive</kind>
         <file>rtsv7M4_T_le_v4SPD16_eabi.lib</file>
         <name>_io_perm.c.obj</name>
      </input_file>
      <input_file id="fl-e4">
         <path>/Applications/ti/ccs1040/ccs/tools/compiler/ti-cgt-arm_20.2.5.LTS/lib/</path>
         <kind>archive</kind>
         <file>rtsv7M4_T_le_v4SPD16_eabi.lib</file>
         <name>setvbuf.c.obj</name>
      </input_file>
      <input_file id="fl-e5">
         <path>/Applications/ti/ccs1040/ccs/tools/compiler/ti-cgt-arm_20.2.5.LTS/lib/</path>
         <kind>archive</kind>
         <file>rtsv7M4_T_le_v4SPD16_eabi.lib</file>
         <name>s_frexp.c.obj</name>
      </input_file>
      <input_file id="fl-e6">
         <path>/Applications/ti/ccs1040/ccs/tools/compiler/ti-cgt-arm_20.2.5.LTS/lib/</path>
         <kind>archive</kind>
         <file>rtsv7M4_T_le_v4SPD16_eabi.lib</file>
         <name>s_scalbn.c.obj</name>
      </input_file>
      <input_file id="fl-e7">
         <path>/Applications/ti/ccs1040/ccs/tools/compiler/ti-cgt-arm_20.2.5.LTS/lib/</path>
         <kind>archive</kind>
         <file>rtsv7M4_T_le_v4SPD16_eabi.lib</file>
         <name>wcslen.c.obj</name>
      </input_file>
      <input_file id="fl-e8">
         <path>/Applications/ti/ccs1040/ccs/tools/compiler/ti-cgt-arm_20.2.5.LTS/lib/</path>
         <kind>archive</kind>
         <file>rtsv7M4_T_le_v4SPD16_eabi.lib</file>
         <name>fd_add_t2.asm.obj</name>
      </input_file>
      <input_file id="fl-e9">
         <path>/Applications/ti/ccs1040/ccs/tools/compiler/ti-cgt-arm_20.2.5.LTS/lib/</path>
         <kind>archive</kind>
         <file>rtsv7M4_T_le_v4SPD16_eabi.lib</file>
         <name>fd_cmp_t2.asm.obj</name>
      </input_file>
      <input_file id="fl-ea">
         <path>/Applications/ti/ccs1040/ccs/tools/compiler/ti-cgt-arm_20.2.5.LTS/lib/</path>
         <kind>archive</kind>
         <file>rtsv7M4_T_le_v4SPD16_eabi.lib</file>
         <name>fd_div_t2.asm.obj</name>
      </input_file>
      <input_file id="fl-eb">
         <path>/Applications/ti/ccs1040/ccs/tools/compiler/ti-cgt-arm_20.2.5.LTS/lib/</path>
         <kind>archive</kind>
         <file>rtsv7M4_T_le_v4SPD16_eabi.lib</file>
         <name>fd_mul_t2.asm.obj</name>
      </input_file>
      <input_file id="fl-ec">
         <path>/Applications/ti/ccs1040/ccs/tools/compiler/ti-cgt-arm_20.2.5.LTS/lib/</path>
         <kind>archive</kind>
         <file>rtsv7M4_T_le_v4SPD16_eabi.lib</file>
         <name>fd_toi_t2.asm.obj</name>
      </input_file>
      <input_file id="fl-ed">
         <path>/Applications/ti/ccs1040/ccs/tools/compiler/ti-cgt-arm_20.2.5.LTS/lib/</path>
         <kind>archive</kind>
         <file>rtsv7M4_T_le_v4SPD16_eabi.lib</file>
         <name>i_tofd_t2.asm.obj</name>
      </input_file>
      <input_file id="fl-ee">
         <path>/Applications/ti/ccs1040/ccs/tools/compiler/ti-cgt-arm_20.2.5.LTS/lib/</path>
         <kind>archive</kind>
         <file>rtsv7M4_T_le_v4SPD16_eabi.lib</file>
         <name>memcpy_t2.asm.obj</name>
      </input_file>
      <input_file id="fl-ef">
         <path>/Applications/ti/ccs1040/ccs/tools/compiler/ti-cgt-arm_20.2.5.LTS/lib/</path>
         <kind>archive</kind>
         <file>rtsv7M4_T_le_v4SPD16_eabi.lib</file>
         <name>ull_div_t2.asm.obj</name>
      </input_file>
      <input_file id="fl-f0">
         <path>/Applications/ti/ccs1040/ccs/tools/compiler/ti-cgt-arm_20.2.5.LTS/lib/</path>
         <kind>archive</kind>
         <file>rtsv7M4_T_le_v4SPD16_eabi.lib</file>
         <name>memset_t2.asm.obj</name>
      </input_file>
      <input_file id="fl-f1">
         <path>/Applications/ti/ccs1040/ccs/tools/compiler/ti-cgt-arm_20.2.5.LTS/lib/</path>
         <kind>archive</kind>
         <file>rtsv7M4_T_le_v4SPD16_eabi.lib</file>
         <name>copy_zero_init.c.obj</name>
      </input_file>
      <input_file id="fl-f2">
         <path>/Applications/ti/ccs1040/ccs/tools/compiler/ti-cgt-arm_20.2.5.LTS/lib/</path>
         <kind>archive</kind>
         <file>rtsv7M4_T_le_v4SPD16_eabi.lib</file>
         <name>copy_decompress_none.c.obj</name>
      </input_file>
      <input_file id="fl-f3">
         <path>/Applications/ti/ccs1040/ccs/tools/compiler/ti-cgt-arm_20.2.5.LTS/lib/</path>
         <kind>archive</kind>
         <file>rtsv7M4_T_le_v4SPD16_eabi.lib</file>
         <name>copy_decompress_lzss.c.obj</name>
      </input_file>
      <input_file id="fl-f4">
         <path>/Applications/ti/ccs1040/ccs/tools/compiler/ti-cgt-arm_20.2.5.LTS/lib/</path>
         <kind>archive</kind>
         <file>rtsv7M4_T_le_v4SPD16_eabi.lib</file>
         <name>exit.c.obj</name>
      </input_file>
      <input_file id="fl-f5">
         <path>/Applications/ti/ccs1040/ccs/tools/compiler/ti-cgt-arm_20.2.5.LTS/lib/</path>
         <kind>archive</kind>
         <file>rtsv7M4_T_le_v4SPD16_eabi.lib</file>
         <name>_lock.c.obj</name>
      </input_file>
      <input_file id="fl-f6">
         <path>/Applications/ti/ccs1040/ccs/tools/compiler/ti-cgt-arm_20.2.5.LTS/lib/</path>
         <kind>archive</kind>
         <file>rtsv7M4_T_le_v4SPD16_eabi.lib</file>
         <name>_ltoa.c.obj</name>
      </input_file>
      <input_file id="fl-f7">
         <path>/Applications/ti/ccs1040/ccs/tools/compiler/ti-cgt-arm_20.2.5.LTS/lib/</path>
         <kind>archive</kind>
         <file>rtsv7M4_T_le_v4SPD16_eabi.lib</file>
         <name>atoi.c.obj</name>
      </input_file>
      <input_file id="fl-f8">
         <path>/Applications/ti/ccs1040/ccs/tools/compiler/ti-cgt-arm_20.2.5.LTS/lib/</path>
         <kind>archive</kind>
         <file>rtsv7M4_T_le_v4SPD16_eabi.lib</file>
         <name>ctype.c.obj</name>
      </input_file>
      <input_file id="fl-f9">
         <path>/Applications/ti/ccs1040/ccs/tools/compiler/ti-cgt-arm_20.2.5.LTS/lib/</path>
         <kind>archive</kind>
         <file>rtsv7M4_T_le_v4SPD16_eabi.lib</file>
         <name>defs.c.obj</name>
      </input_file>
      <input_file id="fl-fa">
         <path>/Applications/ti/ccs1040/ccs/tools/compiler/ti-cgt-arm_20.2.5.LTS/lib/</path>
         <kind>archive</kind>
         <file>rtsv7M4_T_le_v4SPD16_eabi.lib</file>
         <name>ltoa.c.obj</name>
      </input_file>
      <input_file id="fl-fb">
         <path>/Applications/ti/ccs1040/ccs/tools/compiler/ti-cgt-arm_20.2.5.LTS/lib/</path>
         <kind>archive</kind>
         <file>rtsv7M4_T_le_v4SPD16_eabi.lib</file>
         <name>memccpy.c.obj</name>
      </input_file>
      <input_file id="fl-fc">
         <path>/Applications/ti/ccs1040/ccs/tools/compiler/ti-cgt-arm_20.2.5.LTS/lib/</path>
         <kind>archive</kind>
         <file>rtsv7M4_T_le_v4SPD16_eabi.lib</file>
         <name>memchr.c.obj</name>
      </input_file>
      <input_file id="fl-fd">
         <path>/Applications/ti/ccs1040/ccs/tools/compiler/ti-cgt-arm_20.2.5.LTS/lib/</path>
         <kind>archive</kind>
         <file>rtsv7M4_T_le_v4SPD16_eabi.lib</file>
         <name>memory.c.obj</name>
      </input_file>
      <input_file id="fl-fe">
         <path>/Applications/ti/ccs1040/ccs/tools/compiler/ti-cgt-arm_20.2.5.LTS/lib/</path>
         <kind>archive</kind>
         <file>rtsv7M4_T_le_v4SPD16_eabi.lib</file>
         <name>strcat.c.obj</name>
      </input_file>
      <input_file id="fl-ff">
         <path>/Applications/ti/ccs1040/ccs/tools/compiler/ti-cgt-arm_20.2.5.LTS/lib/</path>
         <kind>archive</kind>
         <file>rtsv7M4_T_le_v4SPD16_eabi.lib</file>
         <name>strchr.c.obj</name>
      </input_file>
      <input_file id="fl-100">
         <path>/Applications/ti/ccs1040/ccs/tools/compiler/ti-cgt-arm_20.2.5.LTS/lib/</path>
         <kind>archive</kind>
         <file>rtsv7M4_T_le_v4SPD16_eabi.lib</file>
         <name>strcpy.c.obj</name>
      </input_file>
      <input_file id="fl-101">
         <path>/Applications/ti/ccs1040/ccs/tools/compiler/ti-cgt-arm_20.2.5.LTS/lib/</path>
         <kind>archive</kind>
         <file>rtsv7M4_T_le_v4SPD16_eabi.lib</file>
         <name>strlen.c.obj</name>
      </input_file>
      <input_file id="fl-102">
         <path>/Applications/ti/ccs1040/ccs/tools/compiler/ti-cgt-arm_20.2.5.LTS/lib/</path>
         <kind>archive</kind>
         <file>rtsv7M4_T_le_v4SPD16_eabi.lib</file>
         <name>strstr.c.obj</name>
      </input_file>
      <input_file id="fl-103">
         <path>/Applications/ti/ccs1040/ccs/tools/compiler/ti-cgt-arm_20.2.5.LTS/lib/</path>
         <kind>archive</kind>
         <file>rtsv7M4_T_le_v4SPD16_eabi.lib</file>
         <name>errno.c.obj</name>
      </input_file>
      <input_file id="fl-104">
         <path>/Applications/ti/ccs1040/ccs/tools/compiler/ti-cgt-arm_20.2.5.LTS/lib/</path>
         <kind>archive</kind>
         <file>rtsv7M4_T_le_v4SPD16_eabi.lib</file>
         <name>boot_cortex_m.c.obj</name>
      </input_file>
      <input_file id="fl-105">
         <path>/Applications/ti/ccs1040/ccs/tools/compiler/ti-cgt-arm_20.2.5.LTS/lib/</path>
         <kind>archive</kind>
         <file>rtsv7M4_T_le_v4SPD16_eabi.lib</file>
         <name>write.c.obj</name>
      </input_file>
      <input_file id="fl-106">
         <path>/Applications/ti/ccs1040/ccs/tools/compiler/ti-cgt-arm_20.2.5.LTS/lib/</path>
         <kind>archive</kind>
         <file>rtsv7M4_T_le_v4SPD16_eabi.lib</file>
         <name>host_device.c.obj</name>
      </input_file>
      <input_file id="fl-107">
         <path>/Applications/ti/ccs1040/ccs/tools/compiler/ti-cgt-arm_20.2.5.LTS/lib/</path>
         <kind>archive</kind>
         <file>rtsv7M4_T_le_v4SPD16_eabi.lib</file>
         <name>fflush.c.obj</name>
      </input_file>
      <input_file id="fl-108">
         <path>/Applications/ti/ccs1040/ccs/tools/compiler/ti-cgt-arm_20.2.5.LTS/lib/</path>
         <kind>archive</kind>
         <file>rtsv7M4_T_le_v4SPD16_eabi.lib</file>
         <name>fopen.c.obj</name>
      </input_file>
      <input_file id="fl-109">
         <path>/Applications/ti/ccs1040/ccs/tools/compiler/ti-cgt-arm_20.2.5.LTS/lib/</path>
         <kind>archive</kind>
         <file>rtsv7M4_T_le_v4SPD16_eabi.lib</file>
         <name>fseek.c.obj</name>
      </input_file>
      <input_file id="fl-10a">
         <path>/Applications/ti/ccs1040/ccs/tools/compiler/ti-cgt-arm_20.2.5.LTS/lib/</path>
         <kind>archive</kind>
         <file>rtsv7M4_T_le_v4SPD16_eabi.lib</file>
         <name>s_copysign.c.obj</name>
      </input_file>
      <input_file id="fl-10b">
         <path>/Applications/ti/ccs1040/ccs/tools/compiler/ti-cgt-arm_20.2.5.LTS/lib/</path>
         <kind>archive</kind>
         <file>rtsv7M4_T_le_v4SPD16_eabi.lib</file>
         <name>div0.asm.obj</name>
      </input_file>
      <input_file id="fl-10c">
         <path>/Applications/ti/ccs1040/ccs/tools/compiler/ti-cgt-arm_20.2.5.LTS/lib/</path>
         <kind>archive</kind>
         <file>rtsv7M4_T_le_v4SPD16_eabi.lib</file>
         <name>autoinit.c.obj</name>
      </input_file>
      <input_file id="fl-10d">
         <path>/Applications/ti/ccs1040/ccs/tools/compiler/ti-cgt-arm_20.2.5.LTS/lib/</path>
         <kind>archive</kind>
         <file>rtsv7M4_T_le_v4SPD16_eabi.lib</file>
         <name>pre_init.c.obj</name>
      </input_file>
      <input_file id="fl-10e">
         <path>/Applications/ti/ccs1040/ccs/tools/compiler/ti-cgt-arm_20.2.5.LTS/lib/</path>
         <kind>archive</kind>
         <file>rtsv7M4_T_le_v4SPD16_eabi.lib</file>
         <name>cpy_tbl.c.obj</name>
      </input_file>
      <input_file id="fl-10f">
         <path>/Applications/ti/ccs1040/ccs/tools/compiler/ti-cgt-arm_20.2.5.LTS/lib/</path>
         <kind>archive</kind>
         <file>rtsv7M4_T_le_v4SPD16_eabi.lib</file>
         <name>args_main.c.obj</name>
      </input_file>
      <input_file id="fl-110">
         <path>/Applications/ti/ccs1040/ccs/tools/compiler/ti-cgt-arm_20.2.5.LTS/lib/</path>
         <kind>archive</kind>
         <file>rtsv7M4_T_le_v4SPD16_eabi.lib</file>
         <name>hostclose.c.obj</name>
      </input_file>
      <input_file id="fl-111">
         <path>/Applications/ti/ccs1040/ccs/tools/compiler/ti-cgt-arm_20.2.5.LTS/lib/</path>
         <kind>archive</kind>
         <file>rtsv7M4_T_le_v4SPD16_eabi.lib</file>
         <name>hostlseek.c.obj</name>
      </input_file>
      <input_file id="fl-112">
         <path>/Applications/ti/ccs1040/ccs/tools/compiler/ti-cgt-arm_20.2.5.LTS/lib/</path>
         <kind>archive</kind>
         <file>rtsv7M4_T_le_v4SPD16_eabi.lib</file>
         <name>hostopen.c.obj</name>
      </input_file>
      <input_file id="fl-113">
         <path>/Applications/ti/ccs1040/ccs/tools/compiler/ti-cgt-arm_20.2.5.LTS/lib/</path>
         <kind>archive</kind>
         <file>rtsv7M4_T_le_v4SPD16_eabi.lib</file>
         <name>hostread.c.obj</name>
      </input_file>
      <input_file id="fl-114">
         <path>/Applications/ti/ccs1040/ccs/tools/compiler/ti-cgt-arm_20.2.5.LTS/lib/</path>
         <kind>archive</kind>
         <file>rtsv7M4_T_le_v4SPD16_eabi.lib</file>
         <name>hostrename.c.obj</name>
      </input_file>
      <input_file id="fl-115">
         <path>/Applications/ti/ccs1040/ccs/tools/compiler/ti-cgt-arm_20.2.5.LTS/lib/</path>
         <kind>archive</kind>
         <file>rtsv7M4_T_le_v4SPD16_eabi.lib</file>
         <name>hostunlink.c.obj</name>
      </input_file>
      <input_file id="fl-116">
         <path>/Applications/ti/ccs1040/ccs/tools/compiler/ti-cgt-arm_20.2.5.LTS/lib/</path>
         <kind>archive</kind>
         <file>rtsv7M4_T_le_v4SPD16_eabi.lib</file>
         <name>hostwrite.c.obj</name>
      </input_file>
      <input_file id="fl-117">
         <path>/Applications/ti/ccs1040/ccs/tools/compiler/ti-cgt-arm_20.2.5.LTS/lib/</path>
         <kind>archive</kind>
         <file>rtsv7M4_T_le_v4SPD16_eabi.lib</file>
         <name>trgmsg.c.obj</name>
      </input_file>
      <input_file id="fl-118">
         <path>/Applications/ti/ccs1040/ccs/tools/compiler/ti-cgt-arm_20.2.5.LTS/lib/</path>
         <kind>archive</kind>
         <file>rtsv7M4_T_le_v4SPD16_eabi.lib</file>
         <name>open.c.obj</name>
      </input_file>
      <input_file id="fl-119">
         <path>/Applications/ti/ccs1040/ccs/tools/compiler/ti-cgt-arm_20.2.5.LTS/lib/</path>
         <kind>archive</kind>
         <file>rtsv7M4_T_le_v4SPD16_eabi.lib</file>
         <name>lseek.c.obj</name>
      </input_file>
      <input_file id="fl-11a">
         <path>/Applications/ti/ccs1040/ccs/tools/compiler/ti-cgt-arm_20.2.5.LTS/lib/</path>
         <kind>archive</kind>
         <file>rtsv7M4_T_le_v4SPD16_eabi.lib</file>
         <name>fclose.c.obj</name>
      </input_file>
      <input_file id="fl-11b">
         <path>/Applications/ti/ccs1040/ccs/tools/compiler/ti-cgt-arm_20.2.5.LTS/lib/</path>
         <kind>archive</kind>
         <file>rtsv7M4_T_le_v4SPD16_eabi.lib</file>
         <name>getdevice.c.obj</name>
      </input_file>
      <input_file id="fl-11c">
         <path>/Applications/ti/ccs1040/ccs/tools/compiler/ti-cgt-arm_20.2.5.LTS/lib/</path>
         <kind>archive</kind>
         <file>rtsv7M4_T_le_v4SPD16_eabi.lib</file>
         <name>strcmp.c.obj</name>
      </input_file>
      <input_file id="fl-11d">
         <path>/Applications/ti/ccs1040/ccs/tools/compiler/ti-cgt-arm_20.2.5.LTS/lib/</path>
         <kind>archive</kind>
         <file>rtsv7M4_T_le_v4SPD16_eabi.lib</file>
         <name>strncpy.c.obj</name>
      </input_file>
      <input_file id="fl-11e">
         <path>/Applications/ti/ccs1040/ccs/tools/compiler/ti-cgt-arm_20.2.5.LTS/lib/</path>
         <kind>archive</kind>
         <file>rtsv7M4_T_le_v4SPD16_eabi.lib</file>
         <name>remove.c.obj</name>
      </input_file>
      <input_file id="fl-11f">
         <path>/Applications/ti/ccs1040/ccs/tools/compiler/ti-cgt-arm_20.2.5.LTS/lib/</path>
         <kind>archive</kind>
         <file>rtsv7M4_T_le_v4SPD16_eabi.lib</file>
         <name>close.c.obj</name>
      </input_file>
      <input_file id="fl-120">
         <path>/Applications/ti/ccs1040/ccs/tools/compiler/ti-cgt-arm_20.2.5.LTS/lib/</path>
         <kind>archive</kind>
         <file>rtsv7M4_T_le_v4SPD16_eabi.lib</file>
         <name>unlink.c.obj</name>
      </input_file>
   </input_file_list>
   <object_component_list>
      <object_component id="oc-26">
         <name>.intvecs:retain</name>
         <load_address>0x0</load_address>
         <run_address>0x0</run_address>
         <size>0xe4</size>
         <input_file_ref idref="fl-3"/>
      </object_component>
      <object_component id="oc-2d3">
         <name>.text:__TI_printfi</name>
         <load_address>0xe4</load_address>
         <run_address>0xe4</run_address>
         <size>0xa4e</size>
         <input_file_ref idref="fl-df"/>
      </object_component>
      <object_component id="oc-44b">
         <name>.text:_nop</name>
         <load_address>0xb32</load_address>
         <run_address>0xb32</run_address>
         <size>0x2</size>
         <input_file_ref idref="fl-f5"/>
      </object_component>
      <object_component id="oc-76">
         <name>.text</name>
         <load_address>0xb34</load_address>
         <run_address>0xb34</run_address>
         <size>0x910</size>
         <input_file_ref idref="fl-2"/>
      </object_component>
      <object_component id="oc-f0">
         <name>.text</name>
         <load_address>0x1444</load_address>
         <run_address>0x1444</run_address>
         <size>0x680</size>
         <input_file_ref idref="fl-a"/>
      </object_component>
      <object_component id="oc-168">
         <name>.text</name>
         <load_address>0x1ac4</load_address>
         <run_address>0x1ac4</run_address>
         <size>0x484</size>
         <input_file_ref idref="fl-5"/>
      </object_component>
      <object_component id="oc-70">
         <name>.text</name>
         <load_address>0x1f48</load_address>
         <run_address>0x1f48</run_address>
         <size>0x350</size>
         <input_file_ref idref="fl-9"/>
      </object_component>
      <object_component id="oc-b2">
         <name>.text</name>
         <load_address>0x2298</load_address>
         <run_address>0x2298</run_address>
         <size>0x32c</size>
         <input_file_ref idref="fl-4"/>
      </object_component>
      <object_component id="oc-413">
         <name>.text:_pconv_a</name>
         <load_address>0x25c4</load_address>
         <run_address>0x25c4</run_address>
         <size>0x270</size>
         <input_file_ref idref="fl-df"/>
      </object_component>
      <object_component id="oc-1ac">
         <name>.text</name>
         <load_address>0x2834</load_address>
         <run_address>0x2834</run_address>
         <size>0x224</size>
         <input_file_ref idref="fl-6"/>
      </object_component>
      <object_component id="oc-401">
         <name>.text:_pconv_g</name>
         <load_address>0x2a58</load_address>
         <run_address>0x2a58</run_address>
         <size>0x1d0</size>
         <input_file_ref idref="fl-df"/>
      </object_component>
      <object_component id="oc-4e6">
         <name>.text</name>
         <load_address>0x2c28</load_address>
         <run_address>0x2c28</run_address>
         <size>0x1b6</size>
         <input_file_ref idref="fl-e8"/>
      </object_component>
      <object_component id="oc-2c5">
         <name>.text:Graphics_clipLine</name>
         <load_address>0x2dde</load_address>
         <run_address>0x2dde</run_address>
         <size>0x180</size>
         <input_file_ref idref="fl-28"/>
      </object_component>
      <object_component id="oc-150">
         <name>.text:Graphics_drawLine</name>
         <load_address>0x2f5e</load_address>
         <run_address>0x2f5e</run_address>
         <size>0x174</size>
         <input_file_ref idref="fl-28"/>
      </object_component>
      <object_component id="oc-597">
         <name>.text</name>
         <load_address>0x30d2</load_address>
         <run_address>0x30d2</run_address>
         <size>0x2</size>
         <input_file_ref idref="fl-10b"/>
      </object_component>
      <object_component id="oc-2a5">
         <name>.text:_getIndexForMemRegister</name>
         <load_address>0x30d4</load_address>
         <run_address>0x30d4</run_address>
         <size>0x160</size>
         <input_file_ref idref="fl-17"/>
      </object_component>
      <object_component id="oc-5ec">
         <name>.text:__PCM_setPowerModeAdvanced</name>
         <load_address>0x3234</load_address>
         <run_address>0x3234</run_address>
         <size>0x15c</size>
         <input_file_ref idref="fl-1c"/>
      </object_component>
      <object_component id="oc-40d">
         <name>.text:_pconv_e</name>
         <load_address>0x3390</load_address>
         <run_address>0x3390</run_address>
         <size>0x13c</size>
         <input_file_ref idref="fl-df"/>
      </object_component>
      <object_component id="oc-4cc">
         <name>.text</name>
         <load_address>0x34cc</load_address>
         <run_address>0x34cc</run_address>
         <size>0x136</size>
         <input_file_ref idref="fl-ea"/>
      </object_component>
      <object_component id="oc-4f8">
         <name>.text:fcvt</name>
         <load_address>0x3604</load_address>
         <run_address>0x3604</run_address>
         <size>0x124</size>
         <input_file_ref idref="fl-df"/>
      </object_component>
      <object_component id="oc-b9">
         <name>.text:UART_initModule</name>
         <load_address>0x3728</load_address>
         <run_address>0x3728</run_address>
         <size>0x11c</size>
         <input_file_ref idref="fl-22"/>
      </object_component>
      <object_component id="oc-459">
         <name>.text:fputs</name>
         <load_address>0x3844</load_address>
         <run_address>0x3844</run_address>
         <size>0x114</size>
         <input_file_ref idref="fl-e2"/>
      </object_component>
      <object_component id="oc-50c">
         <name>.text:scalbn</name>
         <load_address>0x3958</load_address>
         <run_address>0x3958</run_address>
         <size>0x110</size>
         <input_file_ref idref="fl-e6"/>
      </object_component>
      <object_component id="oc-473">
         <name>.text:__PCM_setCoreVoltageLevelAdvanced</name>
         <load_address>0x3a68</load_address>
         <run_address>0x3a68</run_address>
         <size>0x108</size>
         <input_file_ref idref="fl-1c"/>
      </object_component>
      <object_component id="oc-64f">
         <name>.text:aligned_alloc</name>
         <load_address>0x3b70</load_address>
         <run_address>0x3b70</run_address>
         <size>0x100</size>
         <input_file_ref idref="fl-fd"/>
      </object_component>
      <object_component id="oc-4c7">
         <name>.text</name>
         <load_address>0x3c70</load_address>
         <run_address>0x3c70</run_address>
         <size>0xfc</size>
         <input_file_ref idref="fl-eb"/>
      </object_component>
      <object_component id="oc-60c">
         <name>.text:free</name>
         <load_address>0x3d6c</load_address>
         <run_address>0x3d6c</run_address>
         <size>0xe4</size>
         <input_file_ref idref="fl-fd"/>
      </object_component>
      <object_component id="oc-5d4">
         <name>.text:setvbuf</name>
         <load_address>0x3e50</load_address>
         <run_address>0x3e50</run_address>
         <size>0xdc</size>
         <input_file_ref idref="fl-e4"/>
      </object_component>
      <object_component id="oc-266">
         <name>.text</name>
         <load_address>0x3f2c</load_address>
         <run_address>0x3f2c</run_address>
         <size>0xcc</size>
         <input_file_ref idref="fl-b"/>
      </object_component>
      <object_component id="oc-13e">
         <name>.text:ADC14_configureConversionMemory</name>
         <load_address>0x3ff8</load_address>
         <run_address>0x3ff8</run_address>
         <size>0xb4</size>
         <input_file_ref idref="fl-17"/>
      </object_component>
      <object_component id="oc-3f6">
         <name>.text:_ltostr</name>
         <load_address>0x40ac</load_address>
         <run_address>0x40ac</run_address>
         <size>0xb1</size>
         <input_file_ref idref="fl-df"/>
      </object_component>
      <object_component id="oc-3aa">
         <name>.text:SPI_initMaster</name>
         <load_address>0x415e</load_address>
         <run_address>0x415e</run_address>
         <size>0xb0</size>
         <input_file_ref idref="fl-1e"/>
      </object_component>
      <object_component id="oc-2bf">
         <name>.text:Graphics_drawLineH</name>
         <load_address>0x420e</load_address>
         <run_address>0x420e</run_address>
         <size>0x9c</size>
         <input_file_ref idref="fl-28"/>
      </object_component>
      <object_component id="oc-2b9">
         <name>.text:Graphics_drawLineV</name>
         <load_address>0x42aa</load_address>
         <run_address>0x42aa</run_address>
         <size>0x9c</size>
         <input_file_ref idref="fl-28"/>
      </object_component>
      <object_component id="oc-3a">
         <name>.text</name>
         <load_address>0x4346</load_address>
         <run_address>0x4346</run_address>
         <size>0x9c</size>
         <input_file_ref idref="fl-ee"/>
      </object_component>
      <object_component id="oc-4c0">
         <name>.text</name>
         <load_address>0x43e2</load_address>
         <run_address>0x43e2</run_address>
         <size>0x96</size>
         <input_file_ref idref="fl-ef"/>
      </object_component>
      <object_component id="oc-460">
         <name>.text:fputc</name>
         <load_address>0x4478</load_address>
         <run_address>0x4478</run_address>
         <size>0x8c</size>
         <input_file_ref idref="fl-e1"/>
      </object_component>
      <object_component id="oc-144">
         <name>.text:GPIO_setAsPeripheralModuleFunctionInputPin</name>
         <load_address>0x4504</load_address>
         <run_address>0x4504</run_address>
         <size>0x88</size>
         <input_file_ref idref="fl-1a"/>
      </object_component>
      <object_component id="oc-39e">
         <name>.text:GPIO_setAsPeripheralModuleFunctionOutputPin</name>
         <load_address>0x458c</load_address>
         <run_address>0x458c</run_address>
         <size>0x88</size>
         <input_file_ref idref="fl-1a"/>
      </object_component>
      <object_component id="oc-3fc">
         <name>.text:__aeabi_cdcmple</name>
         <load_address>0x4614</load_address>
         <run_address>0x4614</run_address>
         <size>0x86</size>
         <input_file_ref idref="fl-e9"/>
      </object_component>
      <object_component id="oc-4d1">
         <name>.text:__aeabi_cdrcmple</name>
         <load_address>0x469a</load_address>
         <run_address>0x469a</run_address>
         <size>0x86</size>
         <input_file_ref idref="fl-e9"/>
      </object_component>
      <object_component id="oc-1c8">
         <name>.text:GPIO_getEnabledInterruptStatus</name>
         <load_address>0x4720</load_address>
         <run_address>0x4720</run_address>
         <size>0x84</size>
         <input_file_ref idref="fl-1a"/>
      </object_component>
      <object_component id="oc-1a6">
         <name>.text:Interrupt_enableInterrupt</name>
         <load_address>0x47a4</load_address>
         <run_address>0x47a4</run_address>
         <size>0x80</size>
         <input_file_ref idref="fl-1b"/>
      </object_component>
      <object_component id="oc-9a">
         <name>.text</name>
         <load_address>0x4824</load_address>
         <run_address>0x4824</run_address>
         <size>0x7a</size>
         <input_file_ref idref="fl-f0"/>
      </object_component>
      <object_component id="oc-656">
         <name>.text:__TI_closefile</name>
         <load_address>0x48a0</load_address>
         <run_address>0x48a0</run_address>
         <size>0x74</size>
         <input_file_ref idref="fl-11a"/>
      </object_component>
      <object_component id="oc-697">
         <name>.text:split</name>
         <load_address>0x4914</load_address>
         <run_address>0x4914</run_address>
         <size>0x70</size>
         <input_file_ref idref="fl-fd"/>
      </object_component>
      <object_component id="oc-4f1">
         <name>.text:_mcpy</name>
         <load_address>0x4984</load_address>
         <run_address>0x4984</run_address>
         <size>0x6e</size>
         <input_file_ref idref="fl-df"/>
      </object_component>
      <object_component id="oc-2f6">
         <name>.text:ltoa</name>
         <load_address>0x49f4</load_address>
         <run_address>0x49f4</run_address>
         <size>0x6e</size>
         <input_file_ref idref="fl-fa"/>
      </object_component>
      <object_component id="oc-686">
         <name>.text:HOSTrename</name>
         <load_address>0x4a64</load_address>
         <run_address>0x4a64</run_address>
         <size>0x6c</size>
         <input_file_ref idref="fl-114"/>
      </object_component>
      <object_component id="oc-67a">
         <name>.text:HOSTlseek</name>
         <load_address>0x4ad0</load_address>
         <run_address>0x4ad0</run_address>
         <size>0x68</size>
         <input_file_ref idref="fl-111"/>
      </object_component>
      <object_component id="oc-d8">
         <name>.text:Timer32_initModule</name>
         <load_address>0x4b38</load_address>
         <run_address>0x4b38</run_address>
         <size>0x68</size>
         <input_file_ref idref="fl-21"/>
      </object_component>
      <object_component id="oc-17">
         <name>.text:decompress:lzss:__TI_decompress_lzss</name>
         <load_address>0x4ba0</load_address>
         <run_address>0x4ba0</run_address>
         <size>0x68</size>
         <input_file_ref idref="fl-f3"/>
      </object_component>
      <object_component id="oc-16e">
         <name>.text:printf</name>
         <load_address>0x4c08</load_address>
         <run_address>0x4c08</run_address>
         <size>0x68</size>
         <input_file_ref idref="fl-de"/>
      </object_component>
      <object_component id="oc-3e6">
         <name>.text:Graphics_getClipCode</name>
         <load_address>0x4c70</load_address>
         <run_address>0x4c70</run_address>
         <size>0x64</size>
         <input_file_ref idref="fl-28"/>
      </object_component>
      <object_component id="oc-bf">
         <name>.text:UART_getEnabledInterruptStatus</name>
         <load_address>0x4cd4</load_address>
         <run_address>0x4cd4</run_address>
         <size>0x64</size>
         <input_file_ref idref="fl-22"/>
      </object_component>
      <object_component id="oc-506">
         <name>.text:frexp</name>
         <load_address>0x4d38</load_address>
         <run_address>0x4d38</run_address>
         <size>0x64</size>
         <input_file_ref idref="fl-e5"/>
      </object_component>
      <object_component id="oc-5ce">
         <name>.text:fseek</name>
         <load_address>0x4d9c</load_address>
         <run_address>0x4d9c</run_address>
         <size>0x64</size>
         <input_file_ref idref="fl-109"/>
      </object_component>
      <object_component id="oc-543">
         <name>.text:__TI_wrt_ok</name>
         <load_address>0x4e00</load_address>
         <run_address>0x4e00</run_address>
         <size>0x62</size>
         <input_file_ref idref="fl-e3"/>
      </object_component>
      <object_component id="oc-662">
         <name>.text:HOSTopen</name>
         <load_address>0x4e64</load_address>
         <run_address>0x4e64</run_address>
         <size>0x60</size>
         <input_file_ref idref="fl-112"/>
      </object_component>
      <object_component id="oc-565">
         <name>.text:PCM_getCoreVoltageLevel</name>
         <load_address>0x4ec4</load_address>
         <run_address>0x4ec4</run_address>
         <size>0x5e</size>
         <input_file_ref idref="fl-1c"/>
      </object_component>
      <object_component id="oc-69e">
         <name>.text:close</name>
         <load_address>0x4f24</load_address>
         <run_address>0x4f24</run_address>
         <size>0x5c</size>
         <input_file_ref idref="fl-11f"/>
      </object_component>
      <object_component id="oc-55f">
         <name>.text:PCM_getPowerMode</name>
         <load_address>0x4f80</load_address>
         <run_address>0x4f80</run_address>
         <size>0x5a</size>
         <input_file_ref idref="fl-1c"/>
      </object_component>
      <object_component id="oc-126">
         <name>.text:ADC14_configureSingleSampleMode</name>
         <load_address>0x4fdc</load_address>
         <run_address>0x4fdc</run_address>
         <size>0x58</size>
         <input_file_ref idref="fl-17"/>
      </object_component>
      <object_component id="oc-194">
         <name>.text:GPIO_setAsInputPinWithPullUpResistor</name>
         <load_address>0x5034</load_address>
         <run_address>0x5034</run_address>
         <size>0x58</size>
         <input_file_ref idref="fl-1a"/>
      </object_component>
      <object_component id="oc-66e">
         <name>.text:HOSTread</name>
         <load_address>0x508c</load_address>
         <run_address>0x508c</run_address>
         <size>0x58</size>
         <input_file_ref idref="fl-113"/>
      </object_component>
      <object_component id="oc-674">
         <name>.text:HOSTwrite</name>
         <load_address>0x50e4</load_address>
         <run_address>0x50e4</run_address>
         <size>0x58</size>
         <input_file_ref idref="fl-116"/>
      </object_component>
      <object_component id="oc-407">
         <name>.text:_pconv_f</name>
         <load_address>0x513c</load_address>
         <run_address>0x513c</run_address>
         <size>0x56</size>
         <input_file_ref idref="fl-df"/>
      </object_component>
      <object_component id="oc-11a">
         <name>.text:ADC14_initModule</name>
         <load_address>0x5194</load_address>
         <run_address>0x5194</run_address>
         <size>0x54</size>
         <input_file_ref idref="fl-17"/>
      </object_component>
      <object_component id="oc-18e">
         <name>.text</name>
         <load_address>0x51e8</load_address>
         <run_address>0x51e8</run_address>
         <size>0x54</size>
         <input_file_ref idref="fl-8"/>
      </object_component>
      <object_component id="oc-4db">
         <name>.text:__TI_ltoa</name>
         <load_address>0x523c</load_address>
         <run_address>0x523c</run_address>
         <size>0x54</size>
         <input_file_ref idref="fl-f6"/>
      </object_component>
      <object_component id="oc-f6">
         <name>.text:Graphics_initContext</name>
         <load_address>0x5290</load_address>
         <run_address>0x5290</run_address>
         <size>0x52</size>
         <input_file_ref idref="fl-25"/>
      </object_component>
      <object_component id="oc-4eb">
         <name>.text:_ecpy</name>
         <load_address>0x52e2</load_address>
         <run_address>0x52e2</run_address>
         <size>0x52</size>
         <input_file_ref idref="fl-df"/>
      </object_component>
      <object_component id="oc-54f">
         <name>.text:__TI_doflush</name>
         <load_address>0x5334</load_address>
         <run_address>0x5334</run_address>
         <size>0x4c</size>
         <input_file_ref idref="fl-107"/>
      </object_component>
      <object_component id="oc-3f0">
         <name>.text:atoi</name>
         <load_address>0x5380</load_address>
         <run_address>0x5380</run_address>
         <size>0x4c</size>
         <input_file_ref idref="fl-f7"/>
      </object_component>
      <object_component id="oc-333">
         <name>.text:FlashCtl_setWaitState</name>
         <load_address>0x53cc</load_address>
         <run_address>0x53cc</run_address>
         <size>0x48</size>
         <input_file_ref idref="fl-19"/>
      </object_component>
      <object_component id="oc-202">
         <name>.text:exit</name>
         <load_address>0x5414</load_address>
         <run_address>0x5414</run_address>
         <size>0x48</size>
         <input_file_ref idref="fl-f4"/>
      </object_component>
      <object_component id="oc-4d6">
         <name>.text</name>
         <load_address>0x545c</load_address>
         <run_address>0x545c</run_address>
         <size>0x48</size>
         <input_file_ref idref="fl-ec"/>
      </object_component>
      <object_component id="oc-668">
         <name>.text:HOSTclose</name>
         <load_address>0x54a4</load_address>
         <run_address>0x54a4</run_address>
         <size>0x44</size>
         <input_file_ref idref="fl-110"/>
      </object_component>
      <object_component id="oc-680">
         <name>.text:HOSTunlink</name>
         <load_address>0x54e8</load_address>
         <run_address>0x54e8</run_address>
         <size>0x44</size>
         <input_file_ref idref="fl-115"/>
      </object_component>
      <object_component id="oc-208">
         <name>.text:__TI_auto_init_nobinit_nopinit:__TI_auto_init_nobinit_nopinit</name>
         <load_address>0x552c</load_address>
         <run_address>0x552c</run_address>
         <size>0x44</size>
         <input_file_ref idref="fl-10c"/>
      </object_component>
      <object_component id="oc-6d0">
         <name>.text:getdevice</name>
         <load_address>0x5570</load_address>
         <run_address>0x5570</run_address>
         <size>0x44</size>
         <input_file_ref idref="fl-11b"/>
      </object_component>
      <object_component id="oc-3a4">
         <name>.text:GPIO_setAsOutputPin</name>
         <load_address>0x55b4</load_address>
         <run_address>0x55b4</run_address>
         <size>0x40</size>
         <input_file_ref idref="fl-1a"/>
      </object_component>
      <object_component id="oc-49c">
         <name>.text:is_A_Module</name>
         <load_address>0x55f4</load_address>
         <run_address>0x55f4</run_address>
         <size>0x40</size>
         <input_file_ref idref="fl-1e"/>
      </object_component>
      <object_component id="oc-156">
         <name>.text:sprintf</name>
         <load_address>0x5634</load_address>
         <run_address>0x5634</run_address>
         <size>0x40</size>
         <input_file_ref idref="fl-e0"/>
      </object_component>
      <object_component id="oc-4fe">
         <name>.text:_fcpy</name>
         <load_address>0x5674</load_address>
         <run_address>0x5674</run_address>
         <size>0x3e</size>
         <input_file_ref idref="fl-df"/>
      </object_component>
      <object_component id="oc-e4">
         <name>.text:Timer32_startTimer</name>
         <load_address>0x56b4</load_address>
         <run_address>0x56b4</run_address>
         <size>0x38</size>
         <input_file_ref idref="fl-21"/>
      </object_component>
      <object_component id="oc-6af">
         <name>.text:__TI_writemsg</name>
         <load_address>0x56ec</load_address>
         <run_address>0x56ec</run_address>
         <size>0x38</size>
         <input_file_ref idref="fl-117"/>
      </object_component>
      <object_component id="oc-3df">
         <name>.text:Graphics_drawHorizontalLineOnDisplay</name>
         <load_address>0x5724</load_address>
         <run_address>0x5724</run_address>
         <size>0x36</size>
         <input_file_ref idref="fl-26"/>
      </object_component>
      <object_component id="oc-3d8">
         <name>.text:Graphics_drawVerticalLineOnDisplay</name>
         <load_address>0x575a</load_address>
         <run_address>0x575a</run_address>
         <size>0x36</size>
         <input_file_ref idref="fl-26"/>
      </object_component>
      <object_component id="oc-6f0">
         <name>.text:strncpy</name>
         <load_address>0x5790</load_address>
         <run_address>0x5790</run_address>
         <size>0x36</size>
         <input_file_ref idref="fl-11d"/>
      </object_component>
      <object_component id="oc-12c">
         <name>.text:ADC14_enableSampleTimer</name>
         <load_address>0x57c8</load_address>
         <run_address>0x57c8</run_address>
         <size>0x34</size>
         <input_file_ref idref="fl-17"/>
      </object_component>
      <object_component id="oc-33f">
         <name>.text:CS_setDCOCenteredFrequency</name>
         <load_address>0x57fc</load_address>
         <run_address>0x57fc</run_address>
         <size>0x34</size>
         <input_file_ref idref="fl-18"/>
      </object_component>
      <object_component id="oc-de">
         <name>.text:Timer32_setCount</name>
         <load_address>0x5830</load_address>
         <run_address>0x5830</run_address>
         <size>0x34</size>
         <input_file_ref idref="fl-21"/>
      </object_component>
      <object_component id="oc-618">
         <name>.text:__TI_cleanup</name>
         <load_address>0x5864</load_address>
         <run_address>0x5864</run_address>
         <size>0x34</size>
         <input_file_ref idref="fl-108"/>
      </object_component>
      <object_component id="oc-6b5">
         <name>.text:__TI_readmsg</name>
         <load_address>0x5898</load_address>
         <run_address>0x5898</run_address>
         <size>0x34</size>
         <input_file_ref idref="fl-117"/>
      </object_component>
      <object_component id="oc-58">
         <name>.text:_c_int00_noargs:_c_int00_noargs</name>
         <load_address>0x58cc</load_address>
         <run_address>0x58cc</run_address>
         <size>0x34</size>
         <input_file_ref idref="fl-104"/>
      </object_component>
      <object_component id="oc-2f0">
         <name>.text:strstr</name>
         <load_address>0x5900</load_address>
         <run_address>0x5900</run_address>
         <size>0x34</size>
         <input_file_ref idref="fl-102"/>
      </object_component>
      <object_component id="oc-6f6">
         <name>.text:finddevice</name>
         <load_address>0x5934</load_address>
         <run_address>0x5934</run_address>
         <size>0x30</size>
         <input_file_ref idref="fl-11b"/>
      </object_component>
      <object_component id="oc-4e1">
         <name>.text</name>
         <load_address>0x5964</load_address>
         <run_address>0x5964</run_address>
         <size>0x2e</size>
         <input_file_ref idref="fl-ed"/>
      </object_component>
      <object_component id="oc-138">
         <name>.text:ADC14_toggleConversionTrigger</name>
         <load_address>0x5994</load_address>
         <run_address>0x5994</run_address>
         <size>0x2c</size>
         <input_file_ref idref="fl-17"/>
      </object_component>
      <object_component id="oc-2cb">
         <name>.text:Graphics_drawPixelOnDisplay</name>
         <load_address>0x59c0</load_address>
         <run_address>0x59c0</run_address>
         <size>0x2c</size>
         <input_file_ref idref="fl-26"/>
      </object_component>
      <object_component id="oc-6a4">
         <name>.text:unlink</name>
         <load_address>0x59ec</load_address>
         <run_address>0x59ec</run_address>
         <size>0x2c</size>
         <input_file_ref idref="fl-120"/>
      </object_component>
      <object_component id="oc-132">
         <name>.text:ADC14_enableConversion</name>
         <load_address>0x5a18</load_address>
         <run_address>0x5a18</run_address>
         <size>0x28</size>
         <input_file_ref idref="fl-17"/>
      </object_component>
      <object_component id="oc-14a">
         <name>.text:ADC14_getResult</name>
         <load_address>0x5a40</load_address>
         <run_address>0x5a40</run_address>
         <size>0x28</size>
         <input_file_ref idref="fl-17"/>
      </object_component>
      <object_component id="oc-19a">
         <name>.text:GPIO_clearInterruptFlag</name>
         <load_address>0x5a68</load_address>
         <run_address>0x5a68</run_address>
         <size>0x28</size>
         <input_file_ref idref="fl-1a"/>
      </object_component>
      <object_component id="oc-1a0">
         <name>.text:GPIO_enableInterrupt</name>
         <load_address>0x5a90</load_address>
         <run_address>0x5a90</run_address>
         <size>0x28</size>
         <input_file_ref idref="fl-1a"/>
      </object_component>
      <object_component id="oc-272">
         <name>.text:GPIO_setOutputHighOnPin</name>
         <load_address>0x5ab8</load_address>
         <run_address>0x5ab8</run_address>
         <size>0x28</size>
         <input_file_ref idref="fl-1a"/>
      </object_component>
      <object_component id="oc-26c">
         <name>.text:GPIO_setOutputLowOnPin</name>
         <load_address>0x5ae0</load_address>
         <run_address>0x5ae0</run_address>
         <size>0x28</size>
         <input_file_ref idref="fl-1a"/>
      </object_component>
      <object_component id="oc-648">
         <name>.text:free_list_insert</name>
         <load_address>0x5b08</load_address>
         <run_address>0x5b08</run_address>
         <size>0x28</size>
         <input_file_ref idref="fl-fd"/>
      </object_component>
      <object_component id="oc-604">
         <name>.text:lseek</name>
         <load_address>0x5b30</load_address>
         <run_address>0x5b30</run_address>
         <size>0x28</size>
         <input_file_ref idref="fl-119"/>
      </object_component>
      <object_component id="oc-555">
         <name>.text:write</name>
         <load_address>0x5b58</load_address>
         <run_address>0x5b58</run_address>
         <size>0x28</size>
         <input_file_ref idref="fl-105"/>
      </object_component>
      <object_component id="oc-35b">
         <name>.text:GPIO_getInterruptStatus</name>
         <load_address>0x5b80</load_address>
         <run_address>0x5b80</run_address>
         <size>0x24</size>
         <input_file_ref idref="fl-1a"/>
      </object_component>
      <object_component id="oc-1b5">
         <name>.text:WDT_A_holdTimer</name>
         <load_address>0x5ba4</load_address>
         <run_address>0x5ba4</run_address>
         <size>0x24</size>
         <input_file_ref idref="fl-23"/>
      </object_component>
      <object_component id="oc-188">
         <name>.text</name>
         <load_address>0x5bc8</load_address>
         <run_address>0x5bc8</run_address>
         <size>0x22</size>
         <input_file_ref idref="fl-7"/>
      </object_component>
      <object_component id="oc-120">
         <name>.text:ADC14_setResolution</name>
         <load_address>0x5bec</load_address>
         <run_address>0x5bec</run_address>
         <size>0x20</size>
         <input_file_ref idref="fl-17"/>
      </object_component>
      <object_component id="oc-549">
         <name>.text:memchr</name>
         <load_address>0x5c0c</load_address>
         <run_address>0x5c0c</run_address>
         <size>0x20</size>
         <input_file_ref idref="fl-fc"/>
      </object_component>
      <object_component id="oc-162">
         <name>.text:strcat</name>
         <load_address>0x5c2c</load_address>
         <run_address>0x5c2c</run_address>
         <size>0x1e</size>
         <input_file_ref idref="fl-fe"/>
      </object_component>
      <object_component id="oc-3b0">
         <name>.text:SPI_enableModule</name>
         <load_address>0x5c4a</load_address>
         <run_address>0x5c4a</run_address>
         <size>0x1c</size>
         <input_file_ref idref="fl-1e"/>
      </object_component>
      <object_component id="oc-642">
         <name>.text:free_list_remove</name>
         <load_address>0x5c68</load_address>
         <run_address>0x5c68</run_address>
         <size>0x1c</size>
         <input_file_ref idref="fl-fd"/>
      </object_component>
      <object_component id="oc-419">
         <name>.text:memccpy</name>
         <load_address>0x5c84</load_address>
         <run_address>0x5c84</run_address>
         <size>0x1c</size>
         <input_file_ref idref="fl-fb"/>
      </object_component>
      <object_component id="oc-295">
         <name>.text:Graphics_clearDisplayOnDisplay</name>
         <load_address>0x5ca0</load_address>
         <run_address>0x5ca0</run_address>
         <size>0x1a</size>
         <input_file_ref idref="fl-26"/>
      </object_component>
      <object_component id="oc-102">
         <name>.text:Graphics_setBackgroundColor</name>
         <load_address>0x5cba</load_address>
         <run_address>0x5cba</run_address>
         <size>0x1a</size>
         <input_file_ref idref="fl-25"/>
      </object_component>
      <object_component id="oc-108">
         <name>.text:Graphics_setFont</name>
         <load_address>0x5cd4</load_address>
         <run_address>0x5cd4</run_address>
         <size>0x1a</size>
         <input_file_ref idref="fl-25"/>
      </object_component>
      <object_component id="oc-5b0">
         <name>.text:copysign</name>
         <load_address>0x5cee</load_address>
         <run_address>0x5cee</run_address>
         <size>0x1a</size>
         <input_file_ref idref="fl-10a"/>
      </object_component>
      <object_component id="oc-245">
         <name>.text:UART_getInterruptStatus</name>
         <load_address>0x5d08</load_address>
         <run_address>0x5d08</run_address>
         <size>0x18</size>
         <input_file_ref idref="fl-22"/>
      </object_component>
      <object_component id="oc-2d9">
         <name>.text:_outs</name>
         <load_address>0x5d20</load_address>
         <run_address>0x5d20</run_address>
         <size>0x18</size>
         <input_file_ref idref="fl-e0"/>
      </object_component>
      <object_component id="oc-70b">
         <name>.text:strcmp</name>
         <load_address>0x5d38</load_address>
         <run_address>0x5d38</run_address>
         <size>0x18</size>
         <input_file_ref idref="fl-11c"/>
      </object_component>
      <object_component id="oc-4a4">
         <name>.text:EUSCI_A_SPI_enable</name>
         <load_address>0x5d50</load_address>
         <run_address>0x5d50</run_address>
         <size>0x16</size>
         <input_file_ref idref="fl-1e"/>
      </object_component>
      <object_component id="oc-4aa">
         <name>.text:EUSCI_B_SPI_enable</name>
         <load_address>0x5d66</load_address>
         <run_address>0x5d66</run_address>
         <size>0x16</size>
         <input_file_ref idref="fl-1e"/>
      </object_component>
      <object_component id="oc-fc">
         <name>.text:Graphics_setForegroundColor</name>
         <load_address>0x5d7c</load_address>
         <run_address>0x5d7c</run_address>
         <size>0x16</size>
         <input_file_ref idref="fl-25"/>
      </object_component>
      <object_component id="oc-28c">
         <name>.text:Graphics_translateColorOnDisplay</name>
         <load_address>0x5d92</load_address>
         <run_address>0x5d92</run_address>
         <size>0x16</size>
         <input_file_ref idref="fl-26"/>
      </object_component>
      <object_component id="oc-512">
         <name>.text:strchr</name>
         <load_address>0x5da8</load_address>
         <run_address>0x5da8</run_address>
         <size>0x16</size>
         <input_file_ref idref="fl-ff"/>
      </object_component>
      <object_component id="oc-56b">
         <name>.text:PCM_getPowerState</name>
         <load_address>0x5dc0</load_address>
         <run_address>0x5dc0</run_address>
         <size>0x14</size>
         <input_file_ref idref="fl-1c"/>
      </object_component>
      <object_component id="oc-441">
         <name>.text:strcpy</name>
         <load_address>0x5dd4</load_address>
         <run_address>0x5dd4</run_address>
         <size>0x14</size>
         <input_file_ref idref="fl-100"/>
      </object_component>
      <object_component id="oc-15c">
         <name>.text:strlen</name>
         <load_address>0x5de8</load_address>
         <run_address>0x5de8</run_address>
         <size>0x14</size>
         <input_file_ref idref="fl-101"/>
      </object_component>
      <object_component id="oc-10e">
         <name>.text:Graphics_clearDisplay</name>
         <load_address>0x5dfc</load_address>
         <run_address>0x5dfc</run_address>
         <size>0x12</size>
         <input_file_ref idref="fl-25"/>
      </object_component>
      <object_component id="oc-41f">
         <name>.text:wcslen</name>
         <load_address>0x5e0e</load_address>
         <run_address>0x5e0e</run_address>
         <size>0x12</size>
         <input_file_ref idref="fl-e7"/>
      </object_component>
      <object_component id="oc-29d">
         <name>.text:ADCIsConversionRunning</name>
         <load_address>0x5e20</load_address>
         <run_address>0x5e20</run_address>
         <size>0x10</size>
         <input_file_ref idref="fl-17"/>
      </object_component>
      <object_component id="oc-339">
         <name>.text:PCM_setCoreVoltageLevel</name>
         <load_address>0x5e30</load_address>
         <run_address>0x5e30</run_address>
         <size>0x10</size>
         <input_file_ref idref="fl-1c"/>
      </object_component>
      <object_component id="oc-571">
         <name>.text:PCM_setPowerMode</name>
         <load_address>0x5e40</load_address>
         <run_address>0x5e40</run_address>
         <size>0x10</size>
         <input_file_ref idref="fl-1c"/>
      </object_component>
      <object_component id="oc-ea">
         <name>.text:Timer32_getValue</name>
         <load_address>0x5e50</load_address>
         <run_address>0x5e50</run_address>
         <size>0xe</size>
         <input_file_ref idref="fl-21"/>
      </object_component>
      <object_component id="oc-1d">
         <name>.text:decompress:none:__TI_decompress_none</name>
         <load_address>0x5e5e</load_address>
         <run_address>0x5e5e</run_address>
         <size>0xe</size>
         <input_file_ref idref="fl-f2"/>
      </object_component>
      <object_component id="oc-6a">
         <name>.text</name>
         <load_address>0x5e6c</load_address>
         <run_address>0x5e6c</run_address>
         <size>0xe</size>
         <input_file_ref idref="fl-3"/>
      </object_component>
      <object_component id="oc-114">
         <name>.text:ADC14_enableModule</name>
         <load_address>0x5e7c</load_address>
         <run_address>0x5e7c</run_address>
         <size>0xc</size>
         <input_file_ref idref="fl-17"/>
      </object_component>
      <object_component id="oc-4c">
         <name>.text:decompress:ZI:__TI_zero_init</name>
         <load_address>0x5e88</load_address>
         <run_address>0x5e88</run_address>
         <size>0xc</size>
         <input_file_ref idref="fl-f1"/>
      </object_component>
      <object_component id="oc-2df">
         <name>.text:_outc</name>
         <load_address>0x5e94</load_address>
         <run_address>0x5e94</run_address>
         <size>0xa</size>
         <input_file_ref idref="fl-e0"/>
      </object_component>
      <object_component id="oc-425">
         <name>.text:__aeabi_errno_addr</name>
         <load_address>0x5ea0</load_address>
         <run_address>0x5ea0</run_address>
         <size>0x8</size>
         <input_file_ref idref="fl-103"/>
      </object_component>
      <object_component id="oc-612">
         <name>.text:malloc</name>
         <load_address>0x5ea8</load_address>
         <run_address>0x5ea8</run_address>
         <size>0x8</size>
         <input_file_ref idref="fl-fd"/>
      </object_component>
      <object_component id="oc-30c">
         <name>.text:_outc</name>
         <load_address>0x5eb0</load_address>
         <run_address>0x5eb0</run_address>
         <size>0x4</size>
         <input_file_ref idref="fl-de"/>
      </object_component>
      <object_component id="oc-306">
         <name>.text:_outs</name>
         <load_address>0x5eb4</load_address>
         <run_address>0x5eb4</run_address>
         <size>0x4</size>
         <input_file_ref idref="fl-de"/>
      </object_component>
      <object_component id="oc-a0">
         <name>.text:_system_pre_init</name>
         <load_address>0x5eb8</load_address>
         <run_address>0x5eb8</run_address>
         <size>0x4</size>
         <input_file_ref idref="fl-10d"/>
      </object_component>
      <object_component id="oc-1fc">
         <name>.text:abort:abort</name>
         <load_address>0x5ebc</load_address>
         <run_address>0x5ebc</run_address>
         <size>0x4</size>
         <input_file_ref idref="fl-f4"/>
      </object_component>
      <object_component id="oc-329">
         <name>.const:.string:g_pucCmtt40Data</name>
         <load_address>0x5ec0</load_address>
         <run_address>0x5ec0</run_address>
         <size>0x11ff</size>
         <input_file_ref idref="fl-27"/>
      </object_component>
      <object_component id="oc-185">
         <name>.const:.string:$P$T0$5</name>
         <load_address>0x70bf</load_address>
         <run_address>0x70bf</run_address>
         <size>0x258</size>
         <input_file_ref idref="fl-2"/>
      </object_component>
      <object_component id="oc-4bb">
         <name>.const:.string:_ctypes_</name>
         <load_address>0x7317</load_address>
         <run_address>0x7317</run_address>
         <size>0x101</size>
         <input_file_ref idref="fl-f8"/>
      </object_component>
      <object_component id="oc-17d">
         <name>.const:g_sFontCmtt40</name>
         <load_address>0x7418</load_address>
         <run_address>0x7418</run_address>
         <size>0xc8</size>
         <input_file_ref idref="fl-27"/>
      </object_component>
      <object_component id="oc-2af">
         <name>.const:_ctlRegs</name>
         <load_address>0x74e0</load_address>
         <run_address>0x74e0</run_address>
         <size>0x80</size>
         <input_file_ref idref="fl-17"/>
      </object_component>
      <object_component id="oc-2b4">
         <name>.const:GPIO_PORT_TO_BASE</name>
         <load_address>0x7560</load_address>
         <run_address>0x7560</run_address>
         <size>0x30</size>
         <input_file_ref idref="fl-1a"/>
      </object_component>
      <object_component id="oc-17a">
         <name>.const:g_sCrystalfontz128x128_funcs</name>
         <load_address>0x7590</load_address>
         <run_address>0x7590</run_address>
         <size>0x20</size>
         <input_file_ref idref="fl-a"/>
      </object_component>
      <object_component id="oc-3b6">
         <name>.const:$P$T0$1</name>
         <load_address>0x75b0</load_address>
         <run_address>0x75b0</run_address>
         <size>0x1c</size>
         <input_file_ref idref="fl-b"/>
      </object_component>
      <object_component id="oc-281">
         <name>.const:$P$T0$1</name>
         <load_address>0x75cc</load_address>
         <run_address>0x75cc</run_address>
         <size>0x8</size>
         <input_file_ref idref="fl-a"/>
      </object_component>
      <object_component id="oc-34a">
         <name>.const:g_pulEnRegs</name>
         <load_address>0x75d4</load_address>
         <run_address>0x75d4</run_address>
         <size>0x8</size>
         <input_file_ref idref="fl-1b"/>
      </object_component>
      <object_component id="oc-74b">
         <name>.cinit..data.load</name>
         <load_address>0x75e0</load_address>
         <run_address>0x75e0</run_address>
         <size>0xbf</size>
      </object_component>
      <object_component id="oc-749">
         <name>__TI_handler_table</name>
         <load_address>0x76a0</load_address>
         <run_address>0x76a0</run_address>
         <size>0xc</size>
      </object_component>
      <object_component id="oc-74c">
         <name>.cinit..bss.load</name>
         <load_address>0x76b0</load_address>
         <run_address>0x76b0</run_address>
         <size>0x8</size>
      </object_component>
      <object_component id="oc-74a">
         <name>__TI_cinit_table</name>
         <load_address>0x76b8</load_address>
         <run_address>0x76b8</run_address>
         <size>0x10</size>
      </object_component>
      <object_component id="oc-71d">
         <name>.binit</name>
         <load_address>0x0</load_address>
         <run_address>0x0</run_address>
         <size>0x0</size>
      </object_component>
      <object_component id="oc-1b2">
         <name>.data:HTTP_WebPage</name>
         <load_address>0x2000246c</load_address>
         <run_address>0x2000246c</run_address>
         <size>0xd</size>
         <input_file_ref idref="fl-2"/>
      </object_component>
      <object_component id="oc-1c2">
         <name>.data:Port</name>
         <load_address>0x20002498</load_address>
         <run_address>0x20002498</run_address>
         <size>0x5</size>
         <input_file_ref idref="fl-2"/>
      </object_component>
      <object_component id="oc-1c5">
         <name>.data:HTTP_Request</name>
         <load_address>0x200023c0</load_address>
         <run_address>0x200023c0</run_address>
         <size>0x2a</size>
         <input_file_ref idref="fl-2"/>
      </object_component>
      <object_component id="oc-181">
         <name>.data</name>
         <load_address>0x2000244c</load_address>
         <run_address>0x2000244c</run_address>
         <size>0x10</size>
         <input_file_ref idref="fl-2"/>
      </object_component>
      <object_component id="oc-1bb">
         <name>.data:UART0Config</name>
         <load_address>0x200023ec</load_address>
         <run_address>0x200023ec</run_address>
         <size>0x28</size>
         <input_file_ref idref="fl-2"/>
      </object_component>
      <object_component id="oc-1be">
         <name>.data:UART2Config</name>
         <load_address>0x20002414</load_address>
         <run_address>0x20002414</run_address>
         <size>0x28</size>
         <input_file_ref idref="fl-2"/>
      </object_component>
      <object_component id="oc-23a">
         <name>.data</name>
         <load_address>0x200024a4</load_address>
         <run_address>0x200024a4</run_address>
         <size>0x4</size>
         <input_file_ref idref="fl-4"/>
      </object_component>
      <object_component id="oc-177">
         <name>.data:g_sCrystalfontz128x128</name>
         <load_address>0x2000243c</load_address>
         <run_address>0x2000243c</run_address>
         <size>0x10</size>
         <input_file_ref idref="fl-a"/>
      </object_component>
      <object_component id="oc-363">
         <name>.data:$O1$$</name>
         <load_address>0x2000247c</load_address>
         <run_address>0x2000247c</run_address>
         <size>0xc</size>
         <input_file_ref idref="fl-f4"/>
      </object_component>
      <object_component id="oc-300">
         <name>.data:$O1$$</name>
         <load_address>0x20002488</load_address>
         <run_address>0x20002488</run_address>
         <size>0x8</size>
         <input_file_ref idref="fl-f5"/>
      </object_component>
      <object_component id="oc-303">
         <name>.data:_ftable</name>
         <load_address>0x20002208</load_address>
         <run_address>0x20002208</run_address>
         <size>0xf0</size>
         <input_file_ref idref="fl-f9"/>
      </object_component>
      <object_component id="oc-65c">
         <name>.data</name>
         <load_address>0x2000245c</load_address>
         <run_address>0x2000245c</run_address>
         <size>0x10</size>
         <input_file_ref idref="fl-f9"/>
      </object_component>
      <object_component id="oc-692">
         <name>.data:$O1$$</name>
         <load_address>0x20002490</load_address>
         <run_address>0x20002490</run_address>
         <size>0x8</size>
         <input_file_ref idref="fl-fd"/>
      </object_component>
      <object_component id="oc-522">
         <name>.data</name>
         <load_address>0x200024a0</load_address>
         <run_address>0x200024a0</run_address>
         <size>0x4</size>
         <input_file_ref idref="fl-103"/>
      </object_component>
      <object_component id="oc-62b">
         <name>.data:_device</name>
         <load_address>0x200022f8</load_address>
         <run_address>0x200022f8</run_address>
         <size>0x78</size>
         <input_file_ref idref="fl-106"/>
      </object_component>
      <object_component id="oc-5e0">
         <name>.data:_stream</name>
         <load_address>0x20002370</load_address>
         <run_address>0x20002370</run_address>
         <size>0x50</size>
         <input_file_ref idref="fl-106"/>
      </object_component>
      <object_component id="oc-184">
         <name>.bss:oldsamplebuf$3</name>
         <uninitialized>true</uninitialized>
         <run_address>0x20001a00</run_address>
         <size>0x200</size>
         <input_file_ref idref="fl-2"/>
      </object_component>
      <object_component id="oc-180">
         <name>.bss:newsamplebuf$4</name>
         <uninitialized>true</uninitialized>
         <run_address>0x20001800</run_address>
         <size>0x200</size>
         <input_file_ref idref="fl-2"/>
      </object_component>
      <object_component id="oc-6da">
         <name>.bss:_CIOBUF_</name>
         <uninitialized>true</uninitialized>
         <run_address>0x20001c00</run_address>
         <size>0x120</size>
         <input_file_ref idref="fl-117"/>
      </object_component>
      <object_component id="oc-174">
         <name>.common:g_sContext</name>
         <uninitialized>true</uninitialized>
         <run_address>0x20001dc0</run_address>
         <size>0x1c</size>
      </object_component>
      <object_component id="oc-1c1">
         <name>.common:ESP8266_Data</name>
         <uninitialized>true</uninitialized>
         <run_address>0x20001de4</run_address>
         <size>0x4</size>
      </object_component>
      <object_component id="oc-2fc">
         <name>.common:ESP8266_Buffer</name>
         <uninitialized>true</uninitialized>
         <run_address>0x20000000</run_address>
         <size>0x800</size>
      </object_component>
      <object_component id="oc-c9">
         <name>.common:UARTA0Data</name>
         <uninitialized>true</uninitialized>
         <run_address>0x20000800</run_address>
         <size>0x800</size>
      </object_component>
      <object_component id="oc-c5">
         <name>.common:UARTA0ReadIndex</name>
         <uninitialized>true</uninitialized>
         <run_address>0x20001de8</run_address>
         <size>0x4</size>
      </object_component>
      <object_component id="oc-c8">
         <name>.common:UARTA0WriteIndex</name>
         <uninitialized>true</uninitialized>
         <run_address>0x20001dec</run_address>
         <size>0x4</size>
      </object_component>
      <object_component id="oc-cc">
         <name>.common:UARTA2Data</name>
         <uninitialized>true</uninitialized>
         <run_address>0x20001000</run_address>
         <size>0x800</size>
      </object_component>
      <object_component id="oc-ca">
         <name>.common:UARTA2ReadIndex</name>
         <uninitialized>true</uninitialized>
         <run_address>0x20001df0</run_address>
         <size>0x4</size>
      </object_component>
      <object_component id="oc-cb">
         <name>.common:UARTA2WriteIndex</name>
         <uninitialized>true</uninitialized>
         <run_address>0x20001df4</run_address>
         <size>0x4</size>
      </object_component>
      <object_component id="oc-280">
         <name>.common:Lcd_Orientation</name>
         <uninitialized>true</uninitialized>
         <run_address>0x20001e00</run_address>
         <size>0x1</size>
      </object_component>
      <object_component id="oc-278">
         <name>.common:Lcd_ScreenWidth</name>
         <uninitialized>true</uninitialized>
         <run_address>0x20001dfa</run_address>
         <size>0x2</size>
      </object_component>
      <object_component id="oc-27b">
         <name>.common:Lcd_ScreenHeigth</name>
         <uninitialized>true</uninitialized>
         <run_address>0x20001df8</run_address>
         <size>0x2</size>
      </object_component>
      <object_component id="oc-27c">
         <name>.common:Lcd_PenSolid</name>
         <uninitialized>true</uninitialized>
         <run_address>0x20001e01</run_address>
         <size>0x1</size>
      </object_component>
      <object_component id="oc-27d">
         <name>.common:Lcd_FontSolid</name>
         <uninitialized>true</uninitialized>
         <run_address>0x20001dff</run_address>
         <size>0x1</size>
      </object_component>
      <object_component id="oc-27e">
         <name>.common:Lcd_FlagRead</name>
         <uninitialized>true</uninitialized>
         <run_address>0x20001dfe</run_address>
         <size>0x1</size>
      </object_component>
      <object_component id="oc-27f">
         <name>.common:Lcd_TouchTrim</name>
         <uninitialized>true</uninitialized>
         <run_address>0x20001dfc</run_address>
         <size>0x2</size>
      </object_component>
      <object_component id="oc-6aa">
         <name>.common:__TI_tmpnams</name>
         <uninitialized>true</uninitialized>
         <run_address>0x20001d20</run_address>
         <size>0xa0</size>
      </object_component>
      <object_component id="oc-6bb">
         <name>.common:parmbuf</name>
         <uninitialized>true</uninitialized>
         <run_address>0x20001ddc</run_address>
         <size>0x8</size>
      </object_component>
      <object_component id="oc-29">
         <name>.sysmem</name>
         <uninitialized>true</uninitialized>
         <run_address>0x20001e08</run_address>
         <size>0x10</size>
         <input_file_ref idref="fl-fd"/>
      </object_component>
      <object_component id="oc-74f">
         <name>.sysmem</name>
         <uninitialized>true</uninitialized>
         <run_address>0x20001e08</run_address>
         <size>0x0</size>
      </object_component>
      <object_component id="oc-2c">
         <name>.stack</name>
         <uninitialized>true</uninitialized>
         <run_address>0x2000fc00</run_address>
         <size>0x4</size>
         <input_file_ref idref="fl-104"/>
      </object_component>
      <object_component id="oc-74e">
         <name>.stack</name>
         <uninitialized>true</uninitialized>
         <run_address>0x2000fc00</run_address>
         <size>0x0</size>
      </object_component>
      <object_component id="oc-175">
         <name>.debug_info</name>
         <load_address>0x0</load_address>
         <run_address>0x0</run_address>
         <size>0x13d3</size>
         <input_file_ref idref="fl-2"/>
      </object_component>
      <object_component id="oc-1b3">
         <name>.debug_info</name>
         <load_address>0x13d3</load_address>
         <run_address>0x13d3</run_address>
         <size>0xe4</size>
         <input_file_ref idref="fl-2"/>
      </object_component>
      <object_component id="oc-1c3">
         <name>.debug_info</name>
         <load_address>0x14b7</load_address>
         <run_address>0x14b7</run_address>
         <size>0xd4</size>
         <input_file_ref idref="fl-2"/>
      </object_component>
      <object_component id="oc-1c6">
         <name>.debug_info</name>
         <load_address>0x158b</load_address>
         <run_address>0x158b</run_address>
         <size>0xe4</size>
         <input_file_ref idref="fl-2"/>
      </object_component>
      <object_component id="oc-182">
         <name>.debug_info</name>
         <load_address>0x166f</load_address>
         <run_address>0x166f</run_address>
         <size>0x107</size>
         <input_file_ref idref="fl-2"/>
      </object_component>
      <object_component id="oc-1bc">
         <name>.debug_info</name>
         <load_address>0x1776</load_address>
         <run_address>0x1776</run_address>
         <size>0xe2</size>
         <input_file_ref idref="fl-2"/>
[...]
      </symbol>
      <symbol id="sm-9cd">
         <name>__aeabi_cdcmpeq</name>
         <value>0x4615</value>
         <object_component_ref idref="oc-3fc"/>
      </symbol>
      <symbol id="sm-9ce">
         <name>__aeabi_cdcmple</name>
         <value>0x4615</value>
         <object_component_ref idref="oc-3fc"/>
      </symbol>
      <symbol id="sm-9cf">
         <name>__aeabi_cdrcmple</name>
         <value>0x469b</value>
         <object_component_ref idref="oc-4d1"/>
      </symbol>
      <symbol id="sm-9e3">
         <name>__aeabi_ddiv</name>
         <value>0x34cd</value>
         <object_component_ref idref="oc-4cc"/>
      </symbol>
      <symbol id="sm-9ee">
         <name>__aeabi_dmul</name>
         <value>0x3c71</value>
         <object_component_ref idref="oc-4c7"/>
      </symbol>
      <symbol id="sm-9f8">
         <name>__aeabi_d2iz</name>
         <value>0x545d</value>
         <object_component_ref idref="oc-4d6"/>
      </symbol>
      <symbol id="sm-a02">
         <name>__aeabi_i2d</name>
         <value>0x5965</value>
         <object_component_ref idref="oc-4e1"/>
      </symbol>
      <symbol id="sm-a1d">
         <name>memcpy</name>
         <value>0x4347</value>
         <object_component_ref idref="oc-3a"/>
      </symbol>
      <symbol id="sm-a1e">
         <name>__aeabi_memcpy</name>
         <value>0x4347</value>
         <object_component_ref idref="oc-3a"/>
      </symbol>
      <symbol id="sm-a1f">
         <name>__aeabi_memcpy8</name>
         <value>0x4347</value>
         <object_component_ref idref="oc-3a"/>
      </symbol>
      <symbol id="sm-a20">
         <name>__aeabi_memcpy4</name>
         <value>0x4347</value>
         <object_component_ref idref="oc-3a"/>
      </symbol>
      <symbol id="sm-a2d">
         <name>__aeabi_uldivmod</name>
         <value>0x43e3</value>
         <object_component_ref idref="oc-4c0"/>
      </symbol>
      <symbol id="sm-a3c">
         <name>__aeabi_memset</name>
         <value>0x4827</value>
         <object_component_ref idref="oc-9a"/>
      </symbol>
      <symbol id="sm-a3d">
         <name>memset</name>
         <value>0x482d</value>
         <object_component_ref idref="oc-9a"/>
      </symbol>
      <symbol id="sm-a3e">
         <name>__aeabi_memset8</name>
         <value>0x4827</value>
         <object_component_ref idref="oc-9a"/>
      </symbol>
      <symbol id="sm-a3f">
         <name>__aeabi_memset4</name>
         <value>0x4827</value>
         <object_component_ref idref="oc-9a"/>
      </symbol>
      <symbol id="sm-a40">
         <name>__aeabi_memclr8</name>
         <value>0x4825</value>
         <object_component_ref idref="oc-9a"/>
      </symbol>
      <symbol id="sm-a41">
         <name>__aeabi_memclr4</name>
         <value>0x4825</value>
         <object_component_ref idref="oc-9a"/>
      </symbol>
      <symbol id="sm-a42">
         <name>__aeabi_memclr</name>
         <value>0x4825</value>
         <object_component_ref idref="oc-9a"/>
      </symbol>
      <symbol id="sm-a54">
         <name>__TI_zero_init</name>
         <value>0x5e89</value>
         <object_component_ref idref="oc-4c"/>
      </symbol>
      <symbol id="sm-a6b">
         <name>__TI_decompress_none</name>
         <value>0x5e5f</value>
         <object_component_ref idref="oc-1d"/>
      </symbol>
      <symbol id="sm-a8e">
         <name>__TI_decompress_lzss</name>
         <value>0x4ba1</value>
         <object_component_ref idref="oc-17"/>
      </symbol>
      <symbol id="sm-ab4">
         <name>C$$EXIT</name>
         <value>0x5ebd</value>
         <object_component_ref idref="oc-1fc"/>
      </symbol>
      <symbol id="sm-ab5">
         <name>abort</name>
         <value>0x5ebd</value>
         <object_component_ref idref="oc-1fc"/>
      </symbol>
      <symbol id="sm-ab6">
         <name>__TI_dtors_ptr</name>
         <value>0x20002480</value>
         <object_component_ref idref="oc-363"/>
      </symbol>
      <symbol id="sm-ab7">
         <name>__TI_cleanup_ptr</name>
         <value>0x2000247c</value>
         <object_component_ref idref="oc-363"/>
      </symbol>
      <symbol id="sm-ab8">
         <name>__TI_enable_exit_profile_output</name>
         <value>0x20002484</value>
         <object_component_ref idref="oc-363"/>
      </symbol>
      <symbol id="sm-ab9">
         <name>exit</name>
         <value>0x5415</value>
         <object_component_ref idref="oc-202"/>
      </symbol>
      <symbol id="sm-ace">
         <name>_nop</name>
         <value>0xb33</value>
         <object_component_ref idref="oc-44b"/>
      </symbol>
      <symbol id="sm-acf">
         <name>_lock</name>
         <value>0x20002488</value>
         <object_component_ref idref="oc-300"/>
      </symbol>
      <symbol id="sm-ad0">
         <name>_unlock</name>
         <value>0x2000248c</value>
         <object_component_ref idref="oc-300"/>
      </symbol>
      <symbol id="sm-adf">
         <name>__TI_ltoa</name>
         <value>0x523d</value>
         <object_component_ref idref="oc-4db"/>
      </symbol>
      <symbol id="sm-af5">
         <name>atoi</name>
         <value>0x5381</value>
         <object_component_ref idref="oc-3f0"/>
      </symbol>
      <symbol id="sm-b00">
         <name>_ctypes_</name>
         <value>0x7317</value>
         <object_component_ref idref="oc-4bb"/>
      </symbol>
      <symbol id="sm-b15">
         <name>__TI_tmpnams</name>
         <value>0x20001d20</value>
      </symbol>
      <symbol id="sm-b16">
         <name>__aeabi_stdout</name>
         <value>0x20002464</value>
         <object_component_ref idref="oc-65c"/>
      </symbol>
      <symbol id="sm-b17">
         <name>__aeabi_stderr</name>
         <value>0x20002468</value>
         <object_component_ref idref="oc-65c"/>
      </symbol>
      <symbol id="sm-b18">
         <name>__aeabi_stdin</name>
         <value>0x20002460</value>
         <object_component_ref idref="oc-65c"/>
      </symbol>
      <symbol id="sm-b19">
         <name>_ftable</name>
         <value>0x20002208</value>
         <object_component_ref idref="oc-303"/>
      </symbol>
      <symbol id="sm-b1a">
         <name>__TI_ft_end</name>
         <value>0x2000245c</value>
         <object_component_ref idref="oc-65c"/>
      </symbol>
      <symbol id="sm-b2b">
         <name>ltoa</name>
         <value>0x49f5</value>
         <object_component_ref idref="oc-2f6"/>
      </symbol>
      <symbol id="sm-b3b">
         <name>memccpy</name>
         <value>0x5c85</value>
         <object_component_ref idref="oc-419"/>
      </symbol>
      <symbol id="sm-b4b">
         <name>memchr</name>
         <value>0x5c0d</value>
         <object_component_ref idref="oc-549"/>
      </symbol>
      <symbol id="sm-bd4">
         <name>_sys_memory</name>
         <value>0x20001e08</value>
         <object_component_ref idref="oc-29"/>
      </symbol>
      <symbol id="sm-bd5">
         <name>free</name>
         <value>0x3d6d</value>
         <object_component_ref idref="oc-60c"/>
      </symbol>
      <symbol id="sm-bd6">
         <name>memalign</name>
         <value>0x3b71</value>
         <object_component_ref idref="oc-64f"/>
      </symbol>
      <symbol id="sm-bd7">
         <name>malloc</name>
         <value>0x5ea9</value>
         <object_component_ref idref="oc-612"/>
      </symbol>
      <symbol id="sm-bd8">
         <name>aligned_alloc</name>
         <value>0x3b71</value>
         <object_component_ref idref="oc-64f"/>
      </symbol>
      <symbol id="sm-be8">
         <name>strcat</name>
         <value>0x5c2d</value>
         <object_component_ref idref="oc-162"/>
      </symbol>
      <symbol id="sm-bf8">
         <name>strchr</name>
         <value>0x5da9</value>
         <object_component_ref idref="oc-512"/>
      </symbol>
      <symbol id="sm-c06">
         <name>strcpy</name>
         <value>0x5dd5</value>
         <object_component_ref idref="oc-441"/>
      </symbol>
      <symbol id="sm-c14">
         <name>strlen</name>
         <value>0x5de9</value>
         <object_component_ref idref="oc-15c"/>
      </symbol>
      <symbol id="sm-c27">
         <name>strstr</name>
         <value>0x5901</value>
         <object_component_ref idref="oc-2f0"/>
      </symbol>
      <symbol id="sm-c3d">
         <name>__aeabi_errno_addr</name>
         <value>0x5ea1</value>
         <object_component_ref idref="oc-425"/>
      </symbol>
      <symbol id="sm-c3e">
         <name>errno</name>
         <value>0x200024a0</value>
         <object_component_ref idref="oc-522"/>
      </symbol>
      <symbol id="sm-c51">
         <name>__stack</name>
         <value>0x2000fc00</value>
         <object_component_ref idref="oc-2c"/>
      </symbol>
      <symbol id="sm-c52">
         <name>_c_int00_noargs</name>
         <value>0x58cd</value>
         <object_component_ref idref="oc-58"/>
      </symbol>
      <symbol id="sm-c6c">
         <name>write</name>
         <value>0x5b59</value>
         <object_component_ref idref="oc-555"/>
      </symbol>
      <symbol id="sm-c7d">
         <name>_stream</name>
         <value>0x20002370</value>
         <object_component_ref idref="oc-5e0"/>
      </symbol>
      <symbol id="sm-c7e">
         <name>_device</name>
         <value>0x200022f8</value>
         <object_component_ref idref="oc-62b"/>
      </symbol>
      <symbol id="sm-c8e">
         <name>__TI_doflush</name>
         <value>0x5335</value>
         <object_component_ref idref="oc-54f"/>
      </symbol>
      <symbol id="sm-c9e">
         <name>__TI_cleanup</name>
         <value>0x5865</value>
         <object_component_ref idref="oc-618"/>
      </symbol>
      <symbol id="sm-cb0">
         <name>fseek</name>
         <value>0x4d9d</value>
         <object_component_ref idref="oc-5ce"/>
      </symbol>
      <symbol id="sm-cba">
         <name>copysign</name>
         <value>0x5cef</value>
         <object_component_ref idref="oc-5b0"/>
      </symbol>
      <symbol id="sm-cbb">
         <name>copysignl</name>
         <value>0x5cef</value>
         <object_component_ref idref="oc-5b0"/>
      </symbol>
      <symbol id="sm-cc5">
         <name>__aeabi_idiv0</name>
         <value>0x30d3</value>
         <object_component_ref idref="oc-597"/>
      </symbol>
      <symbol id="sm-cc6">
         <name>__aeabi_ldiv0</name>
         <value>0x30d3</value>
         <object_component_ref idref="oc-597"/>
      </symbol>
      <symbol id="sm-cee">
         <name>__TI_auto_init_nobinit_nopinit</name>
         <value>0x552d</value>
         <object_component_ref idref="oc-208"/>
      </symbol>
      <symbol id="sm-cf8">
         <name>_system_pre_init</name>
         <value>0x5eb9</value>
         <object_component_ref idref="oc-a0"/>
      </symbol>
      <symbol id="sm-d0b">
         <name>HOSTclose</name>
         <value>0x54a5</value>
         <object_component_ref idref="oc-668"/>
      </symbol>
      <symbol id="sm-d1c">
         <name>HOSTlseek</name>
         <value>0x4ad1</value>
         <object_component_ref idref="oc-67a"/>
      </symbol>
      <symbol id="sm-d2e">
         <name>parmbuf</name>
         <value>0x20001ddc</value>
      </symbol>
      <symbol id="sm-d2f">
         <name>HOSTopen</name>
         <value>0x4e65</value>
         <object_component_ref idref="oc-662"/>
      </symbol>
      <symbol id="sm-d40">
         <name>HOSTread</name>
         <value>0x508d</value>
         <object_component_ref idref="oc-66e"/>
      </symbol>
      <symbol id="sm-d51">
         <name>HOSTrename</name>
         <value>0x4a65</value>
         <object_component_ref idref="oc-686"/>
      </symbol>
      <symbol id="sm-d62">
         <name>HOSTunlink</name>
         <value>0x54e9</value>
         <object_component_ref idref="oc-680"/>
      </symbol>
      <symbol id="sm-d73">
         <name>HOSTwrite</name>
         <value>0x50e5</value>
         <object_component_ref idref="oc-674"/>
      </symbol>
      <symbol id="sm-d97">
         <name>__TI_readmsg</name>
         <value>0x5899</value>
         <object_component_ref idref="oc-6b5"/>
      </symbol>
      <symbol id="sm-d98">
         <name>C$$IO$$</name>
         <value>0x571b</value>
         <object_component_ref idref="oc-6af"/>
      </symbol>
      <symbol id="sm-d99">
         <name>__CIOBUF_</name>
         <value>0x20001c00</value>
         <object_component_ref idref="oc-6da"/>
      </symbol>
      <symbol id="sm-d9a">
         <name>__TI_writemsg</name>
         <value>0x56ed</value>
         <object_component_ref idref="oc-6af"/>
      </symbol>
      <symbol id="sm-dab">
         <name>lseek</name>
         <value>0x5b31</value>
         <object_component_ref idref="oc-604"/>
      </symbol>
      <symbol id="sm-dc0">
         <name>__TI_closefile</name>
         <value>0x48a1</value>
         <object_component_ref idref="oc-656"/>
      </symbol>
      <symbol id="sm-de3">
         <name>finddevice</name>
         <value>0x5935</value>
         <object_component_ref idref="oc-6f6"/>
      </symbol>
      <symbol id="sm-de4">
         <name>getdevice</name>
         <value>0x5571</value>
         <object_component_ref idref="oc-6d0"/>
      </symbol>
      <symbol id="sm-df3">
         <name>strcmp</name>
         <value>0x5d39</value>
         <object_component_ref idref="oc-70b"/>
      </symbol>
      <symbol id="sm-e03">
         <name>strncpy</name>
         <value>0x5791</value>
         <object_component_ref idref="oc-6f0"/>
      </symbol>
      <symbol id="sm-e18">
         <name>close</name>
         <value>0x4f25</value>
         <object_component_ref idref="oc-69e"/>
      </symbol>
      <symbol id="sm-e28">
         <name>unlink</name>
         <value>0x59ed</value>
         <object_component_ref idref="oc-6a4"/>
      </symbol>
      <symbol id="sm-e29">
         <name>__TI_static_base__</name>
         <value>0x0</value>
      </symbol>
      <symbol id="sm-e2c">
         <name>__mpu_init</name>
         <value>0x0</value>
      </symbol>
      <symbol id="sm-e2d">
         <name>_system_post_cinit</name>
         <value>0x0</value>
      </symbol>
      <symbol id="sm-e2e">
         <name>NMI_Handler</name>
         <value>0x5e79</value>
      </symbol>
      <symbol id="sm-e2f">
         <name>HardFault_Handler</name>
         <value>0x5e79</value>
      </symbol>
      <symbol id="sm-e30">
         <name>MemManage_Handler</name>
         <value>0x5e79</value>
      </symbol>
      <symbol id="sm-e31">
         <name>BusFault_Handler</name>
         <value>0x5e79</value>
      </symbol>
      <symbol id="sm-e32">
         <name>UsageFault_Handler</name>
         <value>0x5e79</value>
      </symbol>
      <symbol id="sm-e33">
         <name>SVC_Handler</name>
         <value>0x5e79</value>
      </symbol>
      <symbol id="sm-e34">
         <name>DebugMon_Handler</name>
         <value>0x5e79</value>
      </symbol>
      <symbol id="sm-e35">
         <name>PendSV_Handler</name>
         <value>0x5e79</value>
      </symbol>
      <symbol id="sm-e36">
         <name>SysTick_Handler</name>
         <value>0x5e79</value>
      </symbol>
      <symbol id="sm-e37">
         <name>PSS_IRQHandler</name>
         <value>0x5e79</value>
      </symbol>
      <symbol id="sm-e38">
         <name>CS_IRQHandler</name>
         <value>0x5e79</value>
      </symbol>
      <symbol id="sm-e39">
         <name>PCM_IRQHandler</name>
         <value>0x5e79</value>
      </symbol>
      <symbol id="sm-e3a">
         <name>WDT_A_IRQHandler</name>
         <value>0x5e79</value>
      </symbol>
      <symbol id="sm-e3b">
         <name>FPU_IRQHandler</name>
         <value>0x5e79</value>
      </symbol>
      <symbol id="sm-e3c">
         <name>FLCTL_IRQHandler</name>
         <value>0x5e79</value>
      </symbol>
      <symbol id="sm-e3d">
         <name>COMP_E0_IRQHandler</name>
         <value>0x5e79</value>
      </symbol>
      <symbol id="sm-e3e">
         <name>COMP_E1_IRQHandler</name>
         <value>0x5e79</value>
      </symbol>
      <symbol id="sm-e3f">
         <name>TA0_0_IRQHandler</name>
         <value>0x5e79</value>
      </symbol>
      <symbol id="sm-e40">
         <name>TA0_N_IRQHandler</name>
         <value>0x5e79</value>
      </symbol>
      <symbol id="sm-e41">
         <name>TA1_0_IRQHandler</name>
         <value>0x5e79</value>
      </symbol>
      <symbol id="sm-e42">
         <name>TA1_N_IRQHandler</name>
         <value>0x5e79</value>
      </symbol>
      <symbol id="sm-e43">
         <name>TA2_0_IRQHandler</name>
         <value>0x5e79</value>
      </symbol>
      <symbol id="sm-e44">
         <name>TA2_N_IRQHandler</name>
         <value>0x5e79</value>
      </symbol>
      <symbol id="sm-e45">
         <name>TA3_0_IRQHandler</name>
         <value>0x5e79</value>
      </symbol>
      <symbol id="sm-e46">
         <name>TA3_N_IRQHandler</name>
         <value>0x5e79</value>
      </symbol>
      <symbol id="sm-e47">
         <name>EUSCIA0_IRQHandler</name>
         <value>0x2191</value>
      </symbol>
      <symbol id="sm-e48">
         <name>EUSCIA1_IRQHandler</name>
         <value>0x5e79</value>
      </symbol>
      <symbol id="sm-e49">
         <name>EUSCIA2_IRQHandler</name>
         <value>0x220d</value>
      </symbol>
      <symbol id="sm-e4a">
         <name>EUSCIA3_IRQHandler</name>
         <value>0x5e79</value>
      </symbol>
      <symbol id="sm-e4b">
         <name>EUSCIB0_IRQHandler</name>
         <value>0x5e79</value>
      </symbol>
      <symbol id="sm-e4c">
         <name>EUSCIB1_IRQHandler</name>
         <value>0x5e79</value>
      </symbol>
      <symbol id="sm-e4d">
         <name>EUSCIB2_IRQHandler</name>
         <value>0x5e79</value>
      </symbol>
      <symbol id="sm-e4e">
         <name>EUSCIB3_IRQHandler</name>
         <value>0x5e79</value>
      </symbol>
      <symbol id="sm-e4f">
         <name>ADC14_IRQHandler</name>
         <value>0x5e79</value>
      </symbol>
      <symbol id="sm-e50">
         <name>T32_INT1_IRQHandler</name>
         <value>0x5e79</value>
      </symbol>
      <symbol id="sm-e51">
         <name>T32_INT2_IRQHandler</name>
         <value>0x5e79</value>
      </symbol>
      <symbol id="sm-e52">
         <name>T32_INTC_IRQHandler</name>
         <value>0x5e79</value>
      </symbol>
      <symbol id="sm-e53">
         <name>AES256_IRQHandler</name>
         <value>0x5e79</value>
      </symbol>
      <symbol id="sm-e54">
         <name>RTC_C_IRQHandler</name>
         <value>0x5e79</value>
      </symbol>
      <symbol id="sm-e55">
         <name>DMA_ERR_IRQHandler</name>
         <value>0x5e79</value>
      </symbol>
      <symbol id="sm-e56">
         <name>DMA_INT3_IRQHandler</name>
         <value>0x5e79</value>
      </symbol>
      <symbol id="sm-e57">
         <name>DMA_INT2_IRQHandler</name>
         <value>0x5e79</value>
      </symbol>
      <symbol id="sm-e58">
         <name>DMA_INT1_IRQHandler</name>
         <value>0x5e79</value>
      </symbol>
      <symbol id="sm-e59">
         <name>DMA_INT0_IRQHandler</name>
         <value>0x5e79</value>
      </symbol>
      <symbol id="sm-e5a">
         <name>PORT1_IRQHandler</name>
         <value>0x5e79</value>
      </symbol>
      <symbol id="sm-e5b">
         <name>PORT2_IRQHandler</name>
         <value>0x5e79</value>
      </symbol>
      <symbol id="sm-e5c">
         <name>PORT3_IRQHandler</name>
         <value>0x1405</value>
      </symbol>
      <symbol id="sm-e5d">
         <name>PORT4_IRQHandler</name>
         <value>0x5e79</value>
      </symbol>
      <symbol id="sm-e5e">
         <name>PORT5_IRQHandler</name>
         <value>0x10f5</value>
      </symbol>
      <symbol id="sm-e5f">
         <name>PORT6_IRQHandler</name>
         <value>0x5e79</value>
      </symbol>
      <symbol id="sm-e60">
         <name>remove</name>
         <value>0x59ed</value>
      </symbol>
   </symbol_table>
   <title>Link successful</title>
</link_info>
